InitialTransformedData/HPIInitialTransform.csv
Date,RegionName,AveragePrice,SalesVolume,DetachedPrice,SemiDetachedPrice,TerracedPrice,FlatPrice
01/04/1968 00:00,East Midlands,2914,,,,,
01/05/1968 00:00,East Midlands,2914,,,,,
01/06/1968 00:00,East Midlands,2914,,,,,
01/07/1968 00:00,East Midlands,3057,,,,,
01/08/1968 00:00,East Midlands,3057,,,,,
01/09/1968 00:00,East Midlands,3057,,,,,
01/10/1968 00:00,East Midlands,2961,,,,,
01/11/1968 00:00,East Midlands,2961,,,,,
01/12/1968 00:00,East Midlands,2961,,,,,
01/01/1969 00:00,East Midlands,2995,,,,,
01/02/1969 00:00,East Midlands,2995,,,,,
01/03/1969 00:00,East Midlands,2995,,,,,
01/04/1969 00:00,East Midlands,2995,,,,,
01/05/1969 00:00,East Midlands,2995,,,,,
01/06/1969 00:00,East Midlands,2995,,,,,
01/07/1969 00:00,East Midlands,3043,,,,,
01/08/1969 00:00,East Midlands,3043,,,,,
01/09/1969 00:00,East Midlands,3043,,,,,
01/10/1969 00:00,East Midlands,3059,,,,,
01/11/1969 00:00,East Midlands,3059,,,,,
01/12/1969 00:00,East Midlands,3059,,,,,
01/01/1970 00:00,East Midlands,3043,,,,,
01/02/1970 00:00,East Midlands,3043,,,,,
01/03/1970 00:00,East Midlands,3043,,,,,
01/04/1970 00:00,East Midlands,3011,,,,,
01/05/1970 00:00,East Midlands,3011,,,,,
01/06/1970 00:00,East Midlands,3011,,,,,
01/07/1970 00:00,East Midlands,3249,,,,,
01/08/1970 00:00,East Midlands,3249,,,,,
01/09/1970 00:00,East Midlands,3249,,,,,
01/10/1970 00:00,East Midlands,3312,,,,,
01/11/1970 00:00,East Midlands,3312,,,,,
01/12/1970 00:00,East Midlands,3312,,,,,
01/01/1971 00:00,East Midlands,3296,,,,,
01/02/1971 00:00,East Midlands,3296,,,,,
01/03/1971 00:00,East Midlands,3296,,,,,
01/04/1971 00:00,East Midlands,3391,,,,,
01/05/1971 00:00,East Midlands,3391,,,,,
01/06/1971 00:00,East Midlands,3391,,,,,
01/07/1971 00:00,East Midlands,3534,,,,,
01/08/1971 00:00,East Midlands,3534,,,,,
01/09/1971 00:00,East Midlands,3534,,,,,
01/10/1971 00:00,East Midlands,3661,,,,,
01/11/1971 00:00,East Midlands,3661,,,,,
01/12/1971 00:00,East Midlands,3661,,,,,
01/01/1972 00:00,East Midlands,3803,,,,,
01/02/1972 00:00,East Midlands,3803,,,,,
01/03/1972 00:00,East Midlands,3803,,,,,
01/04/1972 00:00,East Midlands,4136,,,,,
01/05/1972 00:00,East Midlands,4136,,,,,
01/06/1972 00:00,East Midlands,4136,,,,,
01/07/1972 00:00,East Midlands,4738,,,,,
01/08/1972 00:00,East Midlands,4738,,,,,
01/09/1972 00:00,East Midlands,4738,,,,,
01/10/1972 00:00,East Midlands,5182,,,,,
01/11/1972 00:00,East Midlands,5182,,,,,
01/12/1972 00:00,East Midlands,5182,,,,,
01/01/1973 00:00,East Midlands,5974,,,,,
01/02/1973 00:00,East Midlands,5974,,,,,
01/03/1973 00:00,East Midlands,5974,,,,,
01/04/1973 00:00,East Midlands,6355,,,,,
01/05/1973 00:00,East Midlands,6355,,,,,
01/06/1973 00:00,East Midlands,6355,,,,,
01/07/1973 00:00,East Midlands,6909,,,,,
01/08/1973 00:00,East Midlands,6909,,,,,
01/09/1973 00:00,East Midlands,6909,,,,,
01/10/1973 00:00,East Midlands,7226,,,,,
01/11/1973 00:00,East Midlands,7226,,,,,
01/12/1973 00:00,East Midlands,7226,,,,,
01/01/1974 00:00,East Midlands,6941,,,,,
01/02/1974 00:00,East Midlands,6941,,,,,
01/03/1974 00:00,East Midlands,6941,,,,,
01/04/1974 00:00,East Midlands,7242,,,,,
01/05/1974 00:00,East Midlands,7242,,,,,
01/06/1974 00:00,East Midlands,7242,,,,,
01/07/1974 00:00,East Midlands,7559,,,,,
01/08/1974 00:00,East Midlands,7559,,,,,
01/09/1974 00:00,East Midlands,7559,,,,,
01/10/1974 00:00,East Midlands,7163,,,,,
01/11/1974 00:00,East Midlands,7163,,,,,
01/12/1974 00:00,East Midlands,7163,,,,,
01/01/1975 00:00,East Midlands,7654,,,,,
01/02/1975 00:00,East Midlands,7654,,,,,
01/03/1975 00:00,East Midlands,7654,,,,,
01/04/1975 00:00,East Midlands,7623,,,,,
01/05/1975 00:00,East Midlands,7623,,,,,
01/06/1975 00:00,East Midlands,7623,,,,,
01/07/1975 00:00,East Midlands,7813,,,,,
01/08/1975 00:00,East Midlands,7813,,,,,
01/09/1975 00:00,East Midlands,7813,,,,,
01/10/1975 00:00,East Midlands,8035,,,,,
01/11/1975 00:00,East Midlands,8035,,,,,
01/12/1975 00:00,East Midlands,8035,,,,,
01/01/1976 00:00,East Midlands,8146,,,,,
01/02/1976 00:00,East Midlands,8146,,,,,
01/03/1976 00:00,East Midlands,8146,,,,,
01/04/1976 00:00,East Midlands,8193,,,,,
01/05/1976 00:00,East Midlands,8193,,,,,
01/06/1976 00:00,East Midlands,8193,,,,,
01/07/1976 00:00,East Midlands,8637,,,,,
01/08/1976 00:00,East Midlands,8637,,,,,
01/09/1976 00:00,East Midlands,8637,,,,,
01/10/1976 00:00,East Midlands,8573,,,,,
01/11/1976 00:00,East Midlands,8573,,,,,
01/12/1976 00:00,East Midlands,8573,,,,,
01/01/1977 00:00,East Midlands,8621,,,,,
01/02/1977 00:00,East Midlands,8621,,,,,
01/03/1977 00:00,East Midlands,8621,,,,,
01/04/1977 00:00,East Midlands,8985,,,,,
01/05/1977 00:00,East Midlands,8985,,,,,
01/06/1977 00:00,East Midlands,8985,,,,,
01/07/1977 00:00,East Midlands,9191,,,,,
01/08/1977 00:00,East Midlands,9191,,,,,
01/09/1977 00:00,East Midlands,9191,,,,,
01/10/1977 00:00,East Midlands,9065,,,,,
01/11/1977 00:00,East Midlands,9065,,,,,
01/12/1977 00:00,East Midlands,9065,,,,,
01/01/1978 00:00,East Midlands,9287,,,,,
01/02/1978 00:00,East Midlands,9287,,,,,
01/03/1978 00:00,East Midlands,9287,,,,,
01/04/1978 00:00,East Midlands,9968,,,,,
01/05/1978 00:00,East Midlands,9968,,,,,
01/06/1978 00:00,East Midlands,9968,,,,,
01/07/1978 00:00,East Midlands,10412,,,,,
01/08/1978 00:00,East Midlands,10412,,,,,
01/09/1978 00:00,East Midlands,10412,,,,,
01/10/1978 00:00,East Midlands,10951,,,,,
01/11/1978 00:00,East Midlands,10951,,,,,
01/12/1978 00:00,East Midlands,10951,,,,,
01/01/1979 00:00,East Midlands,11584,,,,,
01/02/1979 00:00,East Midlands,11584,,,,,
01/03/1979 00:00,East Midlands,11584,,,,,
01/04/1979 00:00,East Midlands,12551,,,,,
01/05/1979 00:00,East Midlands,12551,,,,,
01/06/1979 00:00,East Midlands,12551,,,,,
01/07/1979 00:00,East Midlands,13359,,,,,
01/08/1979 00:00,East Midlands,13359,,,,,
01/09/1979 00:00,East Midlands,13359,,,,,
01/10/1979 00:00,East Midlands,13851,,,,,
01/11/1979 00:00,East Midlands,13851,,,,,
01/12/1979 00:00,East Midlands,13851,,,,,
01/01/1980 00:00,East Midlands,14912,,,,,
01/02/1980 00:00,East Midlands,14912,,,,,
01/03/1980 00:00,East Midlands,14912,,,,,
01/04/1980 00:00,East Midlands,15657,,,,,
01/05/1980 00:00,East Midlands,15657,,,,,
01/06/1980 00:00,East Midlands,15657,,,,,
01/07/1980 00:00,East Midlands,16735,,,,,
01/08/1980 00:00,East Midlands,16735,,,,,
01/09/1980 00:00,East Midlands,16735,,,,,
01/10/1980 00:00,East Midlands,16164,,,,,
01/11/1980 00:00,East Midlands,16164,,,,,
01/12/1980 00:00,East Midlands,16164,,,,,
01/01/1981 00:00,East Midlands,16402,,,,,
01/02/1981 00:00,East Midlands,16402,,,,,
01/03/1981 00:00,East Midlands,16402,,,,,
01/04/1981 00:00,East Midlands,17147,,,,,
01/05/1981 00:00,East Midlands,17147,,,,,
01/06/1981 00:00,East Midlands,17147,,,,,
01/07/1981 00:00,East Midlands,17559,,,,,
01/08/1981 00:00,East Midlands,17559,,,,,
01/09/1981 00:00,East Midlands,17559,,,,,
01/10/1981 00:00,East Midlands,17210,,,,,
01/11/1981 00:00,East Midlands,17210,,,,,
01/12/1981 00:00,East Midlands,17210,,,,,
01/01/1982 00:00,East Midlands,17369,,,,,
01/02/1982 00:00,East Midlands,17369,,,,,
01/03/1982 00:00,East Midlands,17369,,,,,
01/04/1982 00:00,East Midlands,17907,,,,,
01/05/1982 00:00,East Midlands,17907,,,,,
01/06/1982 00:00,East Midlands,17907,,,,,
01/07/1982 00:00,East Midlands,18193,,,,,
01/08/1982 00:00,East Midlands,18193,,,,,
01/09/1982 00:00,East Midlands,18193,,,,,
01/10/1982 00:00,East Midlands,17194,,,,,
01/11/1982 00:00,East Midlands,17194,,,,,
01/12/1982 00:00,East Midlands,17194,,,,,
01/01/1983 00:00,East Midlands,18858,,,,,
01/02/1983 00:00,East Midlands,18858,,,,,
01/03/1983 00:00,East Midlands,18858,,,,,
01/04/1983 00:00,East Midlands,19334,,,,,
01/05/1983 00:00,East Midlands,19334,,,,,
01/06/1983 00:00,East Midlands,19334,,,,,
01/07/1983 00:00,East Midlands,19809,,,,,
01/08/1983 00:00,East Midlands,19809,,,,,
01/09/1983 00:00,East Midlands,19809,,,,,
01/10/1983 00:00,East Midlands,19968,,,,,
01/11/1983 00:00,East Midlands,19968,,,,,
01/12/1983 00:00,East Midlands,19968,,,,,
01/01/1984 00:00,East Midlands,20760,,,,,
01/02/1984 00:00,East Midlands,20760,,,,,
01/03/1984 00:00,East Midlands,20760,,,,,
01/04/1984 00:00,East Midlands,21394,,,,,
01/05/1984 00:00,East Midlands,21394,,,,,
01/06/1984 00:00,East Midlands,21394,,,,,
01/07/1984 00:00,East Midlands,21711,,,,,
01/08/1984 00:00,East Midlands,21711,,,,,
01/09/1984 00:00,East Midlands,21711,,,,,
01/10/1984 00:00,East Midlands,21711,,,,,
01/11/1984 00:00,East Midlands,21711,,,,,
01/12/1984 00:00,East Midlands,21711,,,,,
01/01/1985 00:00,East Midlands,22345,,,,,
01/02/1985 00:00,East Midlands,22345,,,,,
01/03/1985 00:00,East Midlands,22345,,,,,
01/04/1985 00:00,East Midlands,21869,,,,,
01/05/1985 00:00,East Midlands,21869,,,,,
01/06/1985 00:00,East Midlands,21869,,,,,
01/07/1985 00:00,East Midlands,23613,,,,,
01/08/1985 00:00,East Midlands,23613,,,,,
01/09/1985 00:00,East Midlands,23613,,,,,
01/10/1985 00:00,East Midlands,24088,,,,,
01/11/1985 00:00,East Midlands,24088,,,,,
01/12/1985 00:00,East Midlands,24088,,,,,
01/01/1986 00:00,East Midlands,23771,,,,,
01/02/1986 00:00,East Midlands,23771,,,,,
01/03/1986 00:00,East Midlands,23771,,,,,
01/04/1986 00:00,East Midlands,25673,,,,,
01/05/1986 00:00,East Midlands,25673,,,,,
01/06/1986 00:00,East Midlands,25673,,,,,
01/07/1986 00:00,East Midlands,25514,,,,,
01/08/1986 00:00,East Midlands,25514,,,,,
01/09/1986 00:00,East Midlands,25514,,,,,
01/10/1986 00:00,East Midlands,26624,,,,,
01/11/1986 00:00,East Midlands,26624,,,,,
01/12/1986 00:00,East Midlands,26624,,,,,
01/01/1987 00:00,East Midlands,27416,,,,,
01/02/1987 00:00,East Midlands,27416,,,,,
01/03/1987 00:00,East Midlands,27416,,,,,
01/04/1987 00:00,East Midlands,28525,,,,,
01/05/1987 00:00,East Midlands,28525,,,,,
01/06/1987 00:00,East Midlands,28525,,,,,
01/07/1987 00:00,East Midlands,28684,,,,,
01/08/1987 00:00,East Midlands,28684,,,,,
01/09/1987 00:00,East Midlands,28684,,,,,
01/10/1987 00:00,East Midlands,30183,,,,,
01/11/1987 00:00,East Midlands,30183,,,,,
01/12/1987 00:00,East Midlands,30183,,,,,
01/01/1988 00:00,East Midlands,31796,,,,,
01/02/1988 00:00,East Midlands,31796,,,,,
01/03/1988 00:00,East Midlands,31796,,,,,
01/04/1988 00:00,East Midlands,35483,,,,,
01/05/1988 00:00,East Midlands,35483,,,,,
01/06/1988 00:00,East Midlands,35483,,,,,
01/07/1988 00:00,East Midlands,39169,,,,,
01/08/1988 00:00,East Midlands,39169,,,,,
01/09/1988 00:00,East Midlands,39169,,,,,
01/10/1988 00:00,East Midlands,42625,,,,,
01/11/1988 00:00,East Midlands,42625,,,,,
01/12/1988 00:00,East Midlands,42625,,,,,
01/01/1989 00:00,East Midlands,44238,,,,,
01/02/1989 00:00,East Midlands,44238,,,,,
01/03/1989 00:00,East Midlands,44238,,,,,
01/04/1989 00:00,East Midlands,47694,,,,,
01/05/1989 00:00,East Midlands,47694,,,,,
01/06/1989 00:00,East Midlands,47694,,,,,
01/07/1989 00:00,East Midlands,49307,,,,,
01/08/1989 00:00,East Midlands,49307,,,,,
01/09/1989 00:00,East Midlands,49307,,,,,
01/10/1989 00:00,East Midlands,48616,,,,,
01/11/1989 00:00,East Midlands,48616,,,,,
01/12/1989 00:00,East Midlands,48616,,,,,
01/01/1990 00:00,East Midlands,46521,,,,,
01/02/1990 00:00,East Midlands,46521,,,,,
01/03/1990 00:00,East Midlands,46521,,,,,
01/04/1990 00:00,East Midlands,48861,,,,,
01/05/1990 00:00,East Midlands,48861,,,,,
01/06/1990 00:00,East Midlands,48861,,,,,
01/07/1990 00:00,East Midlands,47380,,,,,
01/08/1990 00:00,East Midlands,47380,,,,,
01/09/1990 00:00,East Midlands,47380,,,,,
01/10/1990 00:00,East Midlands,47524,,,,,
01/11/1990 00:00,East Midlands,47524,,,,,
01/12/1990 00:00,East Midlands,47524,,,,,
01/01/1991 00:00,East Midlands,44371,,,,,
01/02/1991 00:00,East Midlands,44371,,,,,
01/03/1991 00:00,East Midlands,44371,,,,,
01/04/1991 00:00,East Midlands,45756,,,,,
01/05/1991 00:00,East Midlands,45756,,,,,
01/06/1991 00:00,East Midlands,45756,,,,,
01/07/1991 00:00,East Midlands,48765,,,,,
01/08/1991 00:00,East Midlands,48765,,,,,
01/09/1991 00:00,East Midlands,48765,,,,,
01/10/1991 00:00,East Midlands,47380,,,,,
01/11/1991 00:00,East Midlands,47380,,,,,
01/12/1991 00:00,East Midlands,47380,,,,,
01/01/1992 00:00,East Midlands,46139,,,,,
01/02/1992 00:00,East Midlands,46139,,,,,
01/03/1992 00:00,East Midlands,46139,,,,,
01/04/1992 00:00,East Midlands,45900,,,,,
01/05/1992 00:00,East Midlands,45900,,,,,
01/06/1992 00:00,East Midlands,45900,,,,,
01/07/1992 00:00,East Midlands,45328,,,,,
01/08/1992 00:00,East Midlands,45328,,,,,
01/09/1992 00:00,East Midlands,45328,,,,,
01/10/1992 00:00,East Midlands,42954,,,,,
01/11/1992 00:00,East Midlands,42954,,,,,
01/12/1992 00:00,East Midlands,42954,,,,,
01/01/1993 00:00,East Midlands,43833,,,,,
01/02/1993 00:00,East Midlands,43833,,,,,
01/03/1993 00:00,East Midlands,43833,,,,,
01/04/1993 00:00,East Midlands,44053,,,,,
01/05/1993 00:00,East Midlands,44053,,,,,
01/06/1993 00:00,East Midlands,44053,,,,,
01/07/1993 00:00,East Midlands,44141,,,,,
01/08/1993 00:00,East Midlands,44141,,,,,
01/09/1993 00:00,East Midlands,44141,,,,,
01/10/1993 00:00,East Midlands,43789,,,,,
01/11/1993 00:00,East Midlands,43789,,,,,
01/12/1993 00:00,East Midlands,43789,,,,,
01/01/1994 00:00,East Midlands,44801,,,,,
01/02/1994 00:00,East Midlands,44801,,,,,
01/03/1994 00:00,East Midlands,44801,,,,,
01/04/1994 00:00,East Midlands,44625,,,,,
01/05/1994 00:00,East Midlands,44625,,,,,
01/06/1994 00:00,East Midlands,44625,,,,,
01/07/1994 00:00,East Midlands,45548,,,,,
01/08/1994 00:00,East Midlands,45548,,,,,
01/09/1994 00:00,East Midlands,45548,,,,,
01/10/1994 00:00,East Midlands,44932,,,,,
01/11/1994 00:00,East Midlands,44932,,,,,
01/12/1994 00:00,East Midlands,44932,,,,,
01/01/1995 00:00,East Midlands,43856,3990,68249,40338,31587,28334
01/02/1995 00:00,East Midlands,44344,4211,67962,41144,32118,28925
01/03/1995 00:00,East Midlands,43701,5840,66996,40496,31717,28338
01/04/1995 00:00,East Midlands,44414,4892,68232,41126,32138,29207
01/05/1995 00:00,East Midlands,44177,5377,67409,41115,32004,29067
01/06/1995 00:00,East Midlands,43987,6283,67428,40864,31766,28952
01/07/1995 00:00,East Midlands,44331,5359,68777,40856,31943,28796
01/08/1995 00:00,East Midlands,44220,5656,68723,40815,31769,28387
01/09/1995 00:00,East Midlands,44075,5654,67877,40756,31885,28738
01/10/1995 00:00,East Midlands,43481,5163,67515,40326,31018,28315
01/11/1995 00:00,East Midlands,43300,5463,67129,40143,30940,28426
01/12/1995 00:00,East Midlands,43957,6006,67720,40886,31555,28427
01/01/1996 00:00,East Midlands,42965,3927,66858,39833,30645,27455
01/02/1996 00:00,East Midlands,42856,4278,66397,39889,30584,27362
01/03/1996 00:00,East Midlands,43515,5878,67413,40623,30930,27763
01/04/1996 00:00,East Midlands,44010,5358,68238,40703,31630,28280
01/05/1996 00:00,East Midlands,44033,6738,68116,40733,31734,28316
01/06/1996 00:00,East Midlands,44438,6477,68650,41246,31892,28947
01/07/1996 00:00,East Midlands,44850,7115,69953,41436,32079,28387
01/08/1996 00:00,East Midlands,45322,7657,70846,41758,32425,28817
01/09/1996 00:00,East Midlands,45198,6549,70494,41643,32433,28767
01/10/1996 00:00,East Midlands,44796,6964,70412,41397,31721,28137
01/11/1996 00:00,East Midlands,45534,7896,70800,42079,32658,29106
01/12/1996 00:00,East Midlands,45876,7206,71323,42520,32815,28970
01/01/1997 00:00,East Midlands,45041,5315,70332,41458,32337,28455
01/02/1997 00:00,East Midlands,45591,5338,71322,41984,32596,29061
01/03/1997 00:00,East Midlands,45952,6506,71733,42316,32967,29182
01/04/1997 00:00,East Midlands,46889,6275,73201,43351,33500,29405
01/05/1997 00:00,East Midlands,47201,7939,73637,43638,33778,29439
01/06/1997 00:00,East Midlands,47151,8167,73775,43443,33763,29395
01/07/1997 00:00,East Midlands,48344,8297,75839,44451,34651,29650
01/08/1997 00:00,East Midlands,48731,8282,76799,44848,34636,30129
01/09/1997 00:00,East Midlands,48531,7486,76380,44613,34603,30075
01/10/1997 00:00,East Midlands,48299,7983,75981,44460,34411,29804
01/11/1997 00:00,East Midlands,48922,6805,77293,45099,34618,29903
01/12/1997 00:00,East Midlands,48475,7166,76205,44753,34426,29970
01/01/1998 00:00,East Midlands,48889,4941,77677,44725,34683,29889
01/02/1998 00:00,East Midlands,48519,5219,76228,44656,34551,30466
01/03/1998 00:00,East Midlands,48667,6516,76450,44904,34626,29957
01/04/1998 00:00,East Midlands,50047,6658,78693,46127,35624,30723
01/05/1998 00:00,East Midlands,50394,7532,78919,46345,36133,31211
01/06/1998 00:00,East Midlands,50480,7671,79306,46321,36103,31625
01/07/1998 00:00,East Midlands,50996,8613,80833,46700,36226,31292
01/08/1998 00:00,East Midlands,51454,7502,81502,47097,36610,31569
01/09/1998 00:00,East Midlands,51133,6962,81089,46760,36350,31518
01/10/1998 00:00,East Midlands,50941,7609,80927,46687,35999,31599
01/11/1998 00:00,East Midlands,50718,7178,80540,46605,35734,31486
01/12/1998 00:00,East Midlands,51137,7522,80784,47101,36135,31974
01/01/1999 00:00,East Midlands,51095,4928,81189,46965,35990,31441
01/02/1999 00:00,East Midlands,50697,5227,80039,46584,35969,31836
01/03/1999 00:00,East Midlands,51569,7191,81354,47462,36536,32489
01/04/1999 00:00,East Midlands,53383,7866,83777,49091,38209,33087
01/05/1999 00:00,East Midlands,52953,7922,83261,48706,37762,33033
01/06/1999 00:00,East Midlands,53224,8327,83755,48850,38036,33095
01/07/1999 00:00,East Midlands,54467,10032,86381,49693,38848,33528
01/08/1999 00:00,East Midlands,55019,9020,87120,50249,39262,33964
01/09/1999 00:00,East Midlands,55102,8505,87773,50224,39067,34258
01/10/1999 00:00,East Midlands,55329,9313,87853,50702,39081,34751
01/11/1999 00:00,East Midlands,56135,8848,88819,51421,39872,35216
01/12/1999 00:00,East Midlands,56197,8818,88702,51395,40083,35691
01/01/2000 00:00,East Midlands,55927,5721,89529,51024,39359,34520
01/02/2000 00:00,East Midlands,56403,6261,89808,51437,39941,35058
01/03/2000 00:00,East Midlands,57032,8474,90210,52347,40427,35250
01/04/2000 00:00,East Midlands,58632,7878,92417,53596,41816,37153
01/05/2000 00:00,East Midlands,59153,8361,93971,54183,41718,37253
01/06/2000 00:00,East Midlands,60111,9862,95085,55033,42584,38273
01/07/2000 00:00,East Midlands,61121,8508,97849,55843,42928,37797
01/08/2000 00:00,East Midlands,61680,8372,99113,56382,43003,38858
