InitialTransformedData/HPIInitialTransform.csv
Date,RegionName,AveragePrice,SalesVolume,DetachedPrice,SemiDetachedPrice,TerracedPrice,FlatPrice
01/09/2000 00:00,East Midlands,62474,8209,100485,56845,43713,39607
01/10/2000 00:00,East Midlands,61596,7481,98840,56491,42873,38607
01/11/2000 00:00,East Midlands,62213,7459,100411,56767,43185,39567
01/12/2000 00:00,East Midlands,62818,8249,100216,57548,43939,40538
01/01/2001 00:00,East Midlands,63289,5592,101744,57669,44279,39785
01/02/2001 00:00,East Midlands,63166,5943,100997,57653,44298,40271
01/03/2001 00:00,East Midlands,63484,8005,100833,58085,44748,40444
01/04/2001 00:00,East Midlands,65454,7885,104797,59484,46062,41744
01/05/2001 00:00,East Midlands,66479,8894,105377,60750,46970,42776
01/06/2001 00:00,East Midlands,67437,10185,106966,61647,47505,43934
01/07/2001 00:00,East Midlands,68172,10046,108848,62166,47982,43203
01/08/2001 00:00,East Midlands,69510,11282,111462,63176,48795,44499
01/09/2001 00:00,East Midlands,69944,8922,112139,63385,49210,45199
01/10/2001 00:00,East Midlands,70614,9727,112899,64461,49497,45144
01/11/2001 00:00,East Midlands,71633,10202,114107,65498,50252,46301
01/12/2001 00:00,East Midlands,72584,8767,115009,66281,51014,48863
01/01/2002 00:00,East Midlands,72490,6356,116297,66145,50558,46809
01/02/2002 00:00,East Midlands,73616,6914,117032,66820,52050,48612
01/03/2002 00:00,East Midlands,75390,9778,118952,69006,53215,50017
01/04/2002 00:00,East Midlands,77115,9215,122265,70299,54400,51039
01/05/2002 00:00,East Midlands,79580,12191,124960,72933,56390,52920
01/06/2002 00:00,East Midlands,81405,9445,127873,74231,57948,54473
01/07/2002 00:00,East Midlands,84923,10879,134787,77378,60006,55335
01/08/2002 00:00,East Midlands,87682,11055,138208,80058,62171,58020
01/09/2002 00:00,East Midlands,88089,8991,139005,80587,62225,58335
01/10/2002 00:00,East Midlands,90417,9320,143392,82957,63390,59174
01/11/2002 00:00,East Midlands,93355,10088,148213,85324,65574,61659
01/12/2002 00:00,East Midlands,94539,9098,147390,87203,66921,63684
01/01/2003 00:00,East Midlands,96421,6889,151659,88023,68481,64250
01/02/2003 00:00,East Midlands,98583,6930,154761,90666,69623,65332
01/03/2003 00:00,East Midlands,97755,7381,152722,89620,69565,65594
01/04/2003 00:00,East Midlands,102519,7506,159904,94468,72768,68093
01/05/2003 00:00,East Midlands,104649,8273,163359,96414,74278,69149
01/06/2003 00:00,East Midlands,105524,8773,163962,97163,75148,71111
01/07/2003 00:00,East Midlands,107510,9126,166785,99368,76660,70538
01/08/2003 00:00,East Midlands,110345,9809,170425,101880,79159,72617
01/09/2003 00:00,East Midlands,110328,9234,170283,101827,79280,72374
01/10/2003 00:00,East Midlands,112093,10458,173115,103594,80376,73458
01/11/2003 00:00,East Midlands,113359,9623,174938,105015,81200,73843
01/12/2003 00:00,East Midlands,113647,10239,173105,105266,82485,75252
01/01/2004 00:00,East Midlands,114984,7314,176812,106167,83005,75085
01/02/2004 00:00,East Midlands,115780,7473,176356,107039,84149,76211
01/03/2004 00:00,East Midlands,116747,8770,177744,107627,85153,76949
01/04/2004 00:00,East Midlands,121017,10531,181299,112360,89161,79339
01/05/2004 00:00,East Midlands,123757,9563,184919,114611,91636,81416
01/06/2004 00:00,East Midlands,126096,10503,188481,116890,92925,84148
01/07/2004 00:00,East Midlands,128683,11266,191994,119916,95110,83219
01/08/2004 00:00,East Midlands,131101,9424,196066,121733,96913,85343
01/09/2004 00:00,East Midlands,132057,7945,197871,122202,97704,86401
01/10/2004 00:00,East Midlands,131798,7600,196755,122256,97342,87319
01/11/2004 00:00,East Midlands,133418,6881,199872,123400,98678,87714
01/12/2004 00:00,East Midlands,132658,6958,197160,122625,98713,88419
01/01/2005 00:00,East Midlands,130266,4327,194439,120230,96638,86923
01/02/2005 00:00,East Midlands,131704,4790,195354,122344,97753,87179
01/03/2005 00:00,East Midlands,132038,5901,195614,122397,98391,87292
01/04/2005 00:00,East Midlands,133495,7088,196539,124239,99839,87477
01/05/2005 00:00,East Midlands,135007,6890,200389,124967,100704,88879
01/06/2005 00:00,East Midlands,134528,7885,197140,124649,101346,89002
01/07/2005 00:00,East Midlands,136194,8444,200871,126652,101924,88750
01/08/2005 00:00,East Midlands,137235,8319,203803,126608,102793,90088
01/09/2005 00:00,East Midlands,136141,8473,201576,125765,102268,88824
01/10/2005 00:00,East Midlands,137315,7681,201716,127048,103292,91136
01/11/2005 00:00,East Midlands,137311,7772,202918,126890,103147,90097
01/12/2005 00:00,East Midlands,137021,8951,199592,126369,103809,92669
01/01/2006 00:00,East Midlands,135237,5978,199926,124934,101867,87808
01/02/2006 00:00,East Midlands,135594,6405,198631,125208,102437,90122
01/03/2006 00:00,East Midlands,136176,8741,200240,125887,102844,89015
01/04/2006 00:00,East Midlands,140034,7912,204735,129540,106078,92162
01/05/2006 00:00,East Midlands,139736,8881,205213,129205,105448,91921
01/06/2006 00:00,East Midlands,140998,10659,204823,130690,107249,92814
01/07/2006 00:00,East Midlands,143553,9425,210168,132476,109332,93230
01/08/2006 00:00,East Midlands,144201,10183,212369,133285,109307,92650
01/09/2006 00:00,East Midlands,142806,9765,209892,131916,108204,92754
01/10/2006 00:00,East Midlands,144280,9446,212382,133250,109305,93349
01/11/2006 00:00,East Midlands,144542,9804,212589,133835,109595,92542
01/12/2006 00:00,East Midlands,146212,10413,212339,135392,111716,95251
01/01/2007 00:00,East Midlands,145749,7037,213261,134612,111162,94077
01/02/2007 00:00,East Midlands,146373,7125,214383,135305,110910,95915
01/03/2007 00:00,East Midlands,146938,9116,215417,135813,111974,94214
01/04/2007 00:00,East Midlands,148340,8170,216493,136872,113653,95502
01/05/2007 00:00,East Midlands,148733,8914,216716,137203,113678,97149
01/06/2007 00:00,East Midlands,150425,10668,219336,138661,115314,97341
01/07/2007 00:00,East Midlands,152049,9522,223513,139874,116231,97461
01/08/2007 00:00,East Midlands,153128,10470,225720,141120,116933,96890
01/09/2007 00:00,East Midlands,153623,8229,226661,141457,116989,98131
01/10/2007 00:00,East Midlands,151721,8177,223379,139503,115801,97445
01/11/2007 00:00,East Midlands,152106,8697,225021,140028,115495,97336
01/12/2007 00:00,East Midlands,151415,7083,222448,139234,115526,98034
01/01/2008 00:00,East Midlands,147391,4705,217518,135157,112497,94953
01/02/2008 00:00,East Midlands,147361,5182,217300,135723,112111,94547
01/03/2008 00:00,East Midlands,146597,4967,215214,135377,112208,92783
01/04/2008 00:00,East Midlands,146797,5310,217732,134728,112202,92454
01/05/2008 00:00,East Midlands,146487,5595,215039,135390,111822,93175
01/06/2008 00:00,East Midlands,145927,5020,214378,134519,111783,92551
01/07/2008 00:00,East Midlands,145373,4420,214803,134151,110832,91482
01/08/2008 00:00,East Midlands,140774,4110,208369,129709,107162,89000
01/09/2008 00:00,East Midlands,137306,3565,205775,125932,104057,86088
01/10/2008 00:00,East Midlands,134959,3962,200354,124261,102471,85414
01/11/2008 00:00,East Midlands,129901,3224,192718,120065,98282,82074
01/12/2008 00:00,East Midlands,129828,3700,193248,119416,98834,81180
01/01/2009 00:00,East Midlands,126834,2245,190263,116217,95691,80600
01/02/2009 00:00,East Midlands,125062,2271,186050,115485,94374,79701
01/03/2009 00:00,East Midlands,125099,3227,185820,114843,95192,80472
01/04/2009 00:00,East Midlands,125539,3392,186577,115908,95350,78584
01/05/2009 00:00,East Midlands,125063,3899,185171,115667,95085,78888
01/06/2009 00:00,East Midlands,128177,4667,189830,118360,97875,80128
01/07/2009 00:00,East Midlands,129273,5131,191898,119289,98749,79973
01/08/2009 00:00,East Midlands,131288,4815,195176,121260,100104,80723
01/09/2009 00:00,East Midlands,131430,4718,195945,121262,99905,80931
01/10/2009 00:00,East Midlands,133220,5528,198309,123346,101225,81296
01/11/2009 00:00,East Midlands,133403,4944,199489,122789,101630,81172
01/12/2009 00:00,East Midlands,135375,6846,199190,125583,104300,82736
01/01/2010 00:00,East Midlands,131404,2727,198789,121126,99114,77251
01/02/2010 00:00,East Midlands,134427,3313,201223,124546,101776,80419
01/03/2010 00:00,East Midlands,132747,4501,199079,122400,100459,80894
01/04/2010 00:00,East Midlands,134281,4374,200540,124321,101998,80682
01/05/2010 00:00,East Midlands,136505,4210,204362,125986,103635,82482
01/06/2010 00:00,East Midlands,136874,5193,204072,126560,104453,82089
01/07/2010 00:00,East Midlands,137673,5533,207553,127071,104088,81194
01/08/2010 00:00,East Midlands,138671,4949,208624,128511,104562,81770
01/09/2010 00:00,East Midlands,136820,4524,206704,126047,103302,81008
01/10/2010 00:00,East Midlands,135867,4898,205369,125426,102266,80267
01/11/2010 00:00,East Midlands,134748,4688,204304,124333,100949,79915
01/12/2010 00:00,East Midlands,133946,4786,200782,124022,101365,79920
01/01/2011 00:00,East Midlands,131361,2927,199324,121052,98476,77916
01/02/2011 00:00,East Midlands,132133,3190,199487,121927,99455,78821
01/03/2011 00:00,East Midlands,131333,3819,199243,120516,98964,78249
01/04/2011 00:00,East Midlands,132018,4253,199623,121680,99477,78125
01/05/2011 00:00,East Midlands,132368,4070,199524,122143,99620,79858
01/06/2011 00:00,East Midlands,132685,4962,198434,123088,100389,79435
01/07/2011 00:00,East Midlands,134868,5136,202575,124436,102086,81119
01/08/2011 00:00,East Midlands,135410,5341,204831,125373,101552,79350
01/09/2011 00:00,East Midlands,133771,5085,201690,123465,101099,78849
01/10/2011 00:00,East Midlands,132402,4730,200532,122597,99107,77611
01/11/2011 00:00,East Midlands,132729,4913,200696,122831,99294,79166
01/12/2011 00:00,East Midlands,133580,5242,201087,123986,100342,78935
01/01/2012 00:00,East Midlands,131314,3558,197339,121937,98957,77061
01/02/2012 00:00,East Midlands,131057,3545,196629,121342,99183,77572
01/03/2012 00:00,East Midlands,131946,4887,196159,122686,100462,78555
01/04/2012 00:00,East Midlands,133308,3675,200936,123407,100271,78853
01/05/2012 00:00,East Midlands,133126,4481,199820,123363,100582,78777
01/06/2012 00:00,East Midlands,134289,5134,199717,124470,102724,79526
01/07/2012 00:00,East Midlands,135757,4761,203885,125763,102669,79812
01/08/2012 00:00,East Midlands,134611,5338,201732,124785,102266,78235
01/09/2012 00:00,East Midlands,134099,4117,200999,123995,101977,78698
01/10/2012 00:00,East Midlands,134228,4930,200836,124509,101759,79334
01/11/2012 00:00,East Midlands,134340,5315,201607,124603,101702,78393
01/12/2012 00:00,East Midlands,133825,4746,200901,123752,101556,78467
01/01/2013 00:00,East Midlands,132438,3447,198503,123157,100115,77256
01/02/2013 00:00,East Midlands,132498,3522,198520,122861,100592,77233
01/03/2013 00:00,East Midlands,133425,4585,200625,123341,101057,78205
01/04/2013 00:00,East Midlands,134150,4258,201317,124405,101562,78338
01/05/2013 00:00,East Midlands,135785,5780,203311,125957,102984,79711
01/06/2013 00:00,East Midlands,136126,5591,202464,126422,104039,80056
01/07/2013 00:00,East Midlands,137251,5910,205584,127195,104355,79853
01/08/2013 00:00,East Midlands,138691,6566,207666,128856,105220,80492
01/09/2013 00:00,East Midlands,138231,5592,208031,127540,104934,80597
01/10/2013 00:00,East Midlands,139089,6226,210112,128786,104725,80442
01/11/2013 00:00,East Midlands,138201,7336,207224,128539,104539,80058
01/12/2013 00:00,East Midlands,140532,7029,209412,130973,106698,82433
01/01/2014 00:00,East Midlands,139876,5578,210281,129575,105798,81592
01/02/2014 00:00,East Midlands,141302,5651,212060,131227,106993,81817
01/03/2014 00:00,East Midlands,141019,5780,210408,131436,106984,82233
01/04/2014 00:00,East Midlands,143784,6261,215174,133621,109175,83330
01/05/2014 00:00,East Midlands,144447,7009,215520,134348,109882,84139
01/06/2014 00:00,East Midlands,145839,7108,216771,136036,111252,84552
01/07/2014 00:00,East Midlands,146999,7401,219869,136490,111885,84945
01/08/2014 00:00,East Midlands,149286,7929,223502,138780,113409,85995
01/09/2014 00:00,East Midlands,149507,6712,223357,138767,113895,86809
01/10/2014 00:00,East Midlands,148455,7725,222319,138007,112507,86259
01/11/2014 00:00,East Midlands,148299,6398,222828,137937,112032,85489
01/12/2014 00:00,East Midlands,148199,6970,221930,137836,112175,86372
01/01/2015 00:00,East Midlands,147972,4865,221982,137570,111814,86173
01/02/2015 00:00,East Midlands,148493,5071,222178,137720,112620,87461
01/03/2015 00:00,East Midlands,148992,5751,224315,138463,112049,87013
01/04/2015 00:00,East Midlands,149909,5438,224939,139387,113424,86603
01/05/2015 00:00,East Midlands,151863,6611,227759,141433,114627,88218
01/06/2015 00:00,East Midlands,153067,7535,229276,142596,116034,87692
01/07/2015 00:00,East Midlands,155205,7835,232602,144557,117378,89698
01/08/2015 00:00,East Midlands,157157,7429,236206,146163,118709,90489
01/09/2015 00:00,East Midlands,156162,7073,235563,144725,117843,90046
01/10/2015 00:00,East Midlands,157700,8037,237334,146662,118998,90533
01/11/2015 00:00,East Midlands,158364,7281,238696,147427,119183,90732
01/12/2015 00:00,East Midlands,158962,7640,239806,147603,119829,91143
01/01/2016 00:00,East Midlands,158831,5414,238825,148088,119577,91428
01/02/2016 00:00,East Midlands,158290,5805,237318,147492,119637,91331
01/03/2016 00:00,East Midlands,159052,10702,240121,147386,119745,92307
01/04/2016 00:00,East Midlands,161689,5087,242815,150575,122198,92685
01/05/2016 00:00,East Midlands,162514,5824,242083,151258,123647,95052
01/06/2016 00:00,East Midlands,163785,7044,245890,152011,124061,94748
01/07/2016 00:00,East Midlands,165414,7101,247604,153776,125519,95750
01/08/2016 00:00,East Midlands,166249,7540,249176,154355,125998,96679
01/09/2016 00:00,East Midlands,166849,7437,250713,154994,126037,96769
01/10/2016 00:00,East Midlands,166085,6766,250634,154366,124586,96731
01/11/2016 00:00,East Midlands,167427,7172,253888,155300,125171,97248
01/12/2016 00:00,East Midlands,168191,7739,253565,155995,126485,98459
01/01/2017 00:00,East Midlands,166547,5178,252351,154613,124512,96781
01/02/2017 00:00,East Midlands,168619,5420,254346,155950,126738,99866
01/03/2017 00:00,East Midlands,168470,6958,254960,156141,126074,98858
01/04/2017 00:00,East Midlands,171346,5864,258689,158824,128517,100829
01/05/2017 00:00,East Midlands,172332,6544,258318,160757,129211,102278
01/06/2017 00:00,East Midlands,173524,8030,260668,161024,130622,102739
01/07/2017 00:00,East Midlands,176382,7121,264669,163803,132775,104636
01/08/2017 00:00,East Midlands,175988,7580,263562,163302,133103,103926
01/09/2017 00:00,East Midlands,177002,7393,266427,164149,133171,104247
01/10/2017 00:00,East Midlands,177222,7433,267209,164896,132752,103694
01/11/2017 00:00,East Midlands,177154,7333,266145,165124,133056,103632
01/12/2017 00:00,East Midlands,178086,7401,267488,165678,134066,104257
01/01/2018 00:00,East Midlands,177732,5336,267570,165646,133111,104069
01/02/2018 00:00,East Midlands,180294,5509,271728,167780,135339,104850
01/03/2018 00:00,East Midlands,177993,6451,268390,165532,133835,102948
01/04/2018 00:00,East Midlands,180334,5709,271364,167947,135886,103924
01/05/2018 00:00,East Midlands,181826,6536,273316,169415,137085,104946
01/06/2018 00:00,East Midlands,182243,7605,273666,170326,136966,105404
01/07/2018 00:00,East Midlands,184142,6802,278017,171434,138342,105566
01/08/2018 00:00,East Midlands,185470,8115,278617,172874,139997,106764
01/09/2018 00:00,East Midlands,186856,6519,281815,174187,140278,107346
01/10/2018 00:00,East Midlands,184561,7429,278571,172115,138309,106073
01/11/2018 00:00,East Midlands,185825,7867,280417,173330,139531,106067
01/12/2018 00:00,East Midlands,184588,6822,277364,172479,138569,106953
01/01/2019 00:00,East Midlands,184148,5024,279746,171678,137161,104704
01/02/2019 00:00,East Midlands,183910,5498,278367,171298,137607,105332
01/03/2019 00:00,East Midlands,183521,6127,276854,171516,137514,104658
01/04/2019 00:00,East Midlands,184470,5814,277700,172289,138933,104736
01/05/2019 00:00,East Midlands,184812,6440,276825,173042,139660,105129
01/06/2019 00:00,East Midlands,184910,6759,277976,173137,138874,105547
01/07/2019 00:00,East Midlands,186307,6776,279720,174063,140576,106397
01/08/2019 00:00,East Midlands,188104,7403,283314,175420,142157,105941
01/09/2019 00:00,East Midlands,187643,6683,282107,174802,141876,107110
01/10/2019 00:00,East Midlands,187487,6992,281349,176095,140834,106320
01/11/2019 00:00,East Midlands,187649,7285,282752,175943,140828,105338
01/12/2019 00:00,East Midlands,187279,6548,281108,175472,141355,105449
01/01/2020 00:00,East Midlands,187868,5049,282368,176461,141157,105505
01/02/2020 00:00,East Midlands,186308,5326,279453,174623,140740,104876
01/03/2020 00:00,East Midlands,188446,5233,283155,176439,142044,106548
01/04/2020 00:00,East Midlands,187949,2128,283493,175902,141839,103546
01/05/2020 00:00,East Midlands,187382,3185,281267,176266,140794,105188
01/06/2020 00:00,East Midlands,191136,4677,285465,179541,144931,107422
01/07/2020 00:00,East Midlands,193004,5127,289522,180986,145754,108432
01/08/2020 00:00,East Midlands,193470,5292,290976,181821,145673,106964
01/09/2020 00:00,East Midlands,194142,5673,293040,181666,146244,107405
01/10/2020 00:00,East Midlands,196846,7147,296883,184002,148843,108400
01/11/2020 00:00,East Midlands,199379,7067,300086,186342,150991,110564
01/12/2020 00:00,East Midlands,201798,7696,303987,188413,153090,111168
01/01/2021 00:00,East Midlands,202133,6122,300230,189720,154224,115041
01/02/2021 00:00,East Midlands,204514,8032,302734,191544,156952,117501
01/03/2021 00:00,East Midlands,205588,10789,304035,192183,158115,119047
01/04/2021 00:00,East Midlands,202601,7545,301078,189541,155155,115345
01/05/2021 00:00,East Midlands,203546,6663,302176,190474,155989,116100
01/06/2021 00:00,East Midlands,215392,12713,317154,200884,167580,123862
01/07/2021 00:00,East Midlands,202813,5821,301169,190645,154509,115327
01/08/2021 00:00,East Midlands,209343,7257,311932,196583,159548,117060
01/09/2021 00:00,East Midlands,217444,11848,320838,203772,168010,123589
01/10/2021 00:00,East Midlands,212790,5187,321571,198663,160207,118461
01/11/2021 00:00,East Midlands,216112,6341,324088,202451,163834,120335
01/12/2021 00:00,East Midlands,218318,7198,327035,203704,166728,121522
