InitialTransformedData/HPIInitialTransform.csv
Date,RegionName,AveragePrice,SalesVolume,DetachedPrice,SemiDetachedPrice,TerracedPrice,FlatPrice
01/01/2022 00:00,East Midlands,219956,5288,329007,206414,167324,121510
01/02/2022 00:00,East Midlands,221012,6316,329341,207570,168483,123953
01/03/2022 00:00,East Midlands,222760,6979,333375,209031,169379,122861
01/04/2022 00:00,East Midlands,224769,6550,335661,210506,171961,124125
01/05/2022 00:00,East Midlands,226878,6531,337794,213205,173504,125698
01/06/2022 00:00,East Midlands,231038,6922,343135,216982,177514,128262
01/07/2022 00:00,East Midlands,233487,7077,346932,220006,178961,127756
01/08/2022 00:00,East Midlands,237151,7176,352481,222854,182382,129753
01/09/2022 00:00,East Midlands,236940,7281,353313,222382,181726,128978
01/10/2022 00:00,East Midlands,237264,6871,353500,222864,181873,129679
01/11/2022 00:00,East Midlands,237753,7058,354936,222992,182178,129383
01/12/2022 00:00,East Midlands,237956,6926,353540,223596,182852,131167
01/01/2023 00:00,East Midlands,235315,4422,351760,221673,178948,127524
01/02/2023 00:00,East Midlands,232456,4557,347805,218090,177041,127180
01/03/2023 00:00,East Midlands,229868,5422,344276,216531,173918,125784
01/04/2023 00:00,East Midlands,230965,3781,345791,217230,175268,126165
01/05/2023 00:00,East Midlands,229615,4337,341652,216090,175247,126104
01/06/2023 00:00,East Midlands,232790,5402,345659,218454,178753,128005
01/07/2023 00:00,East Midlands,233810,4752,348093,220683,178355,126532
01/08/2023 00:00,East Midlands,235914,5466,351338,221928,180762,127444
01/09/2023 00:00,East Midlands,233437,5092,347229,219400,179122,126701
01/10/2023 00:00,East Midlands,232325,5190,344544,219110,177899,126753
01/11/2023 00:00,East Midlands,233029,5017,348086,219741,177160,126242
01/12/2023 00:00,East Midlands,229757,4986,341396,216480,175750,125260
01/01/2024 00:00,East Midlands,227053,3666,337538,213970,173655,123476
01/02/2024 00:00,East Midlands,228102,4276,336904,216180,174760,123761
01/03/2024 00:00,East Midlands,228269,4625,338656,215244,174443,125355
01/04/2024 00:00,East Midlands,228994,4214,337364,216702,176001,125290
01/05/2024 00:00,East Midlands,232233,4990,341198,220034,178949,126857
01/06/2024 00:00,East Midlands,230229,4426,339262,217526,177709,124919
01/07/2024 00:00,East Midlands,233474,4798,342598,220941,180983,126401
01/08/2024 00:00,East Midlands,237269,4903,349765,224183,183609,127362
01/09/2024 00:00,East Midlands,238128,4139,353460,225209,182669,126882
01/10/2024 00:00,East Midlands,240318,4450,355787,226966,184777,129484
01/11/2024 00:00,East Midlands,240546,3883,355303,228455,184167,129449
01/12/2024 00:00,East Midlands,242168,,358999,229729,185157,129395
01/01/2025 00:00,East Midlands,241159,,357940,228588,184850,127479
01/04/1992 00:00,East of England,56457,,,,,
01/05/1992 00:00,East of England,56457,,,,,
01/06/1992 00:00,East of England,56457,,,,,
01/07/1992 00:00,East of England,57176,,,,,
01/08/1992 00:00,East of England,57176,,,,,
01/09/1992 00:00,East of England,57176,,,,,
01/10/1992 00:00,East of England,55684,,,,,
01/11/1992 00:00,East of England,55684,,,,,
01/12/1992 00:00,East of England,55684,,,,,
01/01/1993 00:00,East of England,54248,,,,,
01/02/1993 00:00,East of England,54248,,,,,
01/03/1993 00:00,East of England,54248,,,,,
01/04/1993 00:00,East of England,54966,,,,,
01/05/1993 00:00,East of England,54966,,,,,
01/06/1993 00:00,East of England,54966,,,,,
01/07/1993 00:00,East of England,56513,,,,,
01/08/1993 00:00,East of England,56513,,,,,
01/09/1993 00:00,East of England,56513,,,,,
01/10/1993 00:00,East of England,54745,,,,,
01/11/1993 00:00,East of England,54745,,,,,
01/12/1993 00:00,East of England,54745,,,,,
01/01/1994 00:00,East of England,55408,,,,,
01/02/1994 00:00,East of England,55408,,,,,
01/03/1994 00:00,East of England,55408,,,,,
01/04/1994 00:00,East of England,55739,,,,,
01/05/1994 00:00,East of England,55739,,,,,
01/06/1994 00:00,East of England,55739,,,,,
01/07/1994 00:00,East of England,56236,,,,,
01/08/1994 00:00,East of England,56236,,,,,
01/09/1994 00:00,East of England,56236,,,,,
01/10/1994 00:00,East of England,56457,,,,,
01/11/1994 00:00,East of England,56457,,,,,
01/12/1994 00:00,East of England,56457,,,,,
01/01/1995 00:00,East of England,56098,5812,89883,55549,44527,38120
01/02/1995 00:00,East of England,55991,5928,88008,55818,44870,38304
01/03/1995 00:00,East of England,55574,8374,87097,55288,44845,37847
01/04/1995 00:00,East of England,55966,7004,88050,55567,44847,38586
01/05/1995 00:00,East of England,55879,7765,87844,55794,44782,38062
01/06/1995 00:00,East of England,55690,8864,87573,55472,44470,38454
01/07/1995 00:00,East of England,56633,7985,90485,56211,45217,37990
01/08/1995 00:00,East of England,56129,8535,89768,55722,44849,37474
01/09/1995 00:00,East of England,55661,8030,88245,55323,44620,37544
01/10/1995 00:00,East of England,54653,7442,87495,54496,43209,36928
01/11/1995 00:00,East of England,55283,7892,88195,55077,43806,37547
01/12/1995 00:00,East of England,54933,8660,86674,54898,43934,37193
01/01/1996 00:00,East of England,54448,5931,86823,54110,43335,36855
01/02/1996 00:00,East of England,54727,6407,86921,54768,43568,36764
01/03/1996 00:00,East of England,54477,8394,86985,54526,43208,36426
01/04/1996 00:00,East of England,55229,7960,88095,54837,44013,37315
01/05/1996 00:00,East of England,55542,9886,87763,55275,44630,37446
01/06/1996 00:00,East of England,55999,9393,89146,55736,44484,38112
01/07/1996 00:00,East of England,56466,10734,90595,56155,44890,37664
01/08/1996 00:00,East of England,57334,11071,92353,56987,45589,37889
01/09/1996 00:00,East of England,56996,10139,91664,56596,45312,37925
01/10/1996 00:00,East of England,57055,10831,92092,56819,45156,37767
01/11/1996 00:00,East of England,57799,11795,92481,57500,46020,38647
01/12/1996 00:00,East of England,58337,11151,93115,58339,46422,38799
01/01/1997 00:00,East of England,58453,8288,94121,58078,46515,38619
01/02/1997 00:00,East of England,59049,8299,95176,58757,46676,39415
01/03/1997 00:00,East of England,59232,9613,94783,58756,47274,39599
01/04/1997 00:00,East of England,59716,10101,95497,59686,47473,39667
01/05/1997 00:00,East of England,61080,11318,97385,61124,48708,40457
01/06/1997 00:00,East of England,62106,12366,99813,61892,49457,40874
01/07/1997 00:00,East of England,63500,13380,102172,63334,50667,41395
01/08/1997 00:00,East of England,63979,12568,103157,63807,50739,42116
01/09/1997 00:00,East of England,64316,11164,103715,64087,51110,42201
01/10/1997 00:00,East of England,65374,12004,105562,65272,51781,42901
01/11/1997 00:00,East of England,64831,10134,104570,64749,51308,42712
01/12/1997 00:00,East of England,65502,10832,105039,65566,52042,43137
01/01/1998 00:00,East of England,66187,7766,107594,65595,52455,43408
01/02/1998 00:00,East of England,66029,7965,105420,65838,52402,44322
01/03/1998 00:00,East of England,66276,9606,106380,66214,52718,43556
01/04/1998 00:00,East of England,67855,10197,109326,67752,53932,44361
01/05/1998 00:00,East of England,68947,10551,110290,68615,55078,45588
01/06/1998 00:00,East of England,69300,11442,111396,68876,55057,46038
01/07/1998 00:00,East of England,70203,12880,113885,69979,55624,45704
01/08/1998 00:00,East of England,70370,11236,113985,69902,55780,46261
01/09/1998 00:00,East of England,70918,10792,114765,70431,56286,46604
01/10/1998 00:00,East of England,70801,10746,114623,70492,55925,46744
01/11/1998 00:00,East of England,70441,9907,113913,70096,55539,46869
01/12/1998 00:00,East of England,70526,10545,113050,70388,55797,47170
01/01/1999 00:00,East of England,71200,7561,114865,71090,56366,46842
01/02/1999 00:00,East of England,71261,7613,114408,71191,56314,47523
01/03/1999 00:00,East of England,71174,10219,114071,71003,56310,47668
01/04/1999 00:00,East of England,72762,11340,116644,72539,58010,47941
01/05/1999 00:00,East of England,73500,11212,117982,73326,58354,48671
01/06/1999 00:00,East of England,74998,12803,120551,74651,59536,49769
01/07/1999 00:00,East of England,76337,15138,123673,75766,60603,50087
01/08/1999 00:00,East of England,77359,13956,125561,76769,61426,50538
01/09/1999 00:00,East of England,79067,13564,128711,78184,62458,52331
01/10/1999 00:00,East of England,79536,13585,129111,79114,62442,53027
01/11/1999 00:00,East of England,81299,13191,131141,80805,64266,54213
01/12/1999 00:00,East of England,82928,13387,132792,82361,65660,56094
01/01/2000 00:00,East of England,83296,8443,135095,82841,65667,55141
01/02/2000 00:00,East of England,83095,8976,134009,82425,65672,55572
01/03/2000 00:00,East of England,85007,11483,136455,84708,67369,56532
01/04/2000 00:00,East of England,88257,10930,141618,87651,69853,59260
01/05/2000 00:00,East of England,90202,11030,144880,89876,71121,60555
01/06/2000 00:00,East of England,90619,12608,144905,90418,71524,61042
01/07/2000 00:00,East of England,92783,11555,151742,92514,72624,61079
01/08/2000 00:00,East of England,94070,11489,152582,93698,73492,63237
01/09/2000 00:00,East of England,94552,10526,154713,93662,73746,63409
01/10/2000 00:00,East of England,93449,9805,152545,93555,72658,62099
01/11/2000 00:00,East of England,94089,10272,153794,93545,73210,63091
01/12/2000 00:00,East of England,95172,10996,153882,94732,74277,64562
01/01/2001 00:00,East of England,95600,7894,155290,94917,74755,64359
01/02/2001 00:00,East of England,95621,8451,154935,95290,74689,64376
01/03/2001 00:00,East of England,96966,10853,156550,96468,76046,65393
01/04/2001 00:00,East of England,98673,10898,160562,97783,77508,65818
01/05/2001 00:00,East of England,100681,12143,162374,100098,79141,67793
01/06/2001 00:00,East of England,101874,13921,163816,100953,80010,69551
01/07/2001 00:00,East of England,104041,14141,169406,103282,81553,69383
01/08/2001 00:00,East of England,106928,15547,173894,105751,83756,72106
01/09/2001 00:00,East of England,107380,12299,175851,105941,83645,72629
01/10/2001 00:00,East of England,108067,12908,176593,107476,84076,72462
01/11/2001 00:00,East of England,109406,12912,176826,108773,85276,74685
01/12/2001 00:00,East of England,110477,11090,178082,109611,85890,76522
01/01/2002 00:00,East of England,111178,8654,181538,110410,86425,74998
01/02/2002 00:00,East of England,112186,9185,181241,111013,87908,76484
01/03/2002 00:00,East of England,114576,12179,183930,113929,89676,78535
01/04/2002 00:00,East of England,118787,11804,191440,117618,92825,81742
01/05/2002 00:00,East of England,121780,15423,195178,121094,95390,83591
01/06/2002 00:00,East of England,123757,12561,197156,122163,97441,86218
01/07/2002 00:00,East of England,128042,15081,207235,126775,100157,87212
01/08/2002 00:00,East of England,131503,14604,211378,130210,103175,90180
01/09/2002 00:00,East of England,132667,12313,213618,131818,103696,90794
01/10/2002 00:00,East of England,135639,12316,217673,135288,105776,93195
01/11/2002 00:00,East of England,139141,12645,222970,137862,108728,96690
01/12/2002 00:00,East of England,140349,11959,221640,140018,109817,98722
01/01/2003 00:00,East of England,143325,9371,229220,141785,112337,99642
01/02/2003 00:00,East of England,143307,8731,227008,142900,112288,100003
01/03/2003 00:00,East of England,144415,9279,228758,143659,113329,100924
01/04/2003 00:00,East of England,147425,9216,232912,147167,115695,102848
01/05/2003 00:00,East of England,148116,10283,233517,148040,116687,102654
01/06/2003 00:00,East of England,147858,10668,232145,147100,116278,104625
01/07/2003 00:00,East of England,151945,11969,239288,152215,119894,104714
01/08/2003 00:00,East of England,152591,12417,240906,152414,120253,105528
01/09/2003 00:00,East of England,152364,12305,240247,152046,120339,105324
01/10/2003 00:00,East of England,153758,13443,242111,153521,121540,106277
01/11/2003 00:00,East of England,154470,13108,243057,154684,121941,106608
01/12/2003 00:00,East of England,156035,13573,241766,155715,124124,109888
01/01/2004 00:00,East of England,158011,9947,248387,157559,124883,109886
01/02/2004 00:00,East of England,158501,10337,246079,158146,126276,110726
01/03/2004 00:00,East of England,159888,11676,247608,158908,127723,112359
01/04/2004 00:00,East of England,163379,13128,250517,163693,131320,113766
01/05/2004 00:00,East of England,164747,12236,251036,164426,132838,116005
01/06/2004 00:00,East of England,168222,14019,256663,167611,135365,118996
01/07/2004 00:00,East of England,170433,14524,261742,171310,137033,117648
01/08/2004 00:00,East of England,172751,13178,265721,172684,138807,120222
01/09/2004 00:00,East of England,173525,11047,266474,172935,139536,121550
01/10/2004 00:00,East of England,173846,10472,266581,173537,139474,122247
01/11/2004 00:00,East of England,174108,9302,266082,173397,140102,122922
01/12/2004 00:00,East of England,173093,9418,262706,172020,140319,122364
01/01/2005 00:00,East of England,173457,6069,266044,172384,140396,120854
01/02/2005 00:00,East of England,171709,6579,260935,171681,138754,120430
01/03/2005 00:00,East of England,171895,7843,260377,171430,139445,120819
01/04/2005 00:00,East of England,172440,9101,260788,172718,140113,120310
01/05/2005 00:00,East of England,175216,9283,267124,174302,141995,122709
01/06/2005 00:00,East of England,176173,10716,265502,175471,143884,123569
01/07/2005 00:00,East of England,177374,11112,269461,177501,144276,122893
01/08/2005 00:00,East of England,177064,11407,270550,175770,144118,123096
01/09/2005 00:00,East of England,177457,11471,269277,176347,144916,123710
01/10/2005 00:00,East of England,176487,10473,268298,175353,143726,123317
01/11/2005 00:00,East of England,176303,10896,267864,175353,143608,123041
01/12/2005 00:00,East of England,177602,12492,266007,175776,145525,126283
01/01/2006 00:00,East of England,177088,8549,268729,176018,144883,123008
01/02/2006 00:00,East of England,177314,9137,266481,175950,145074,125242
01/03/2006 00:00,East of England,178701,11363,269999,177680,146126,124970
01/04/2006 00:00,East of England,181493,10736,273292,180685,149162,126249
01/05/2006 00:00,East of England,183080,11940,276361,182100,149564,128332
01/06/2006 00:00,East of England,183356,14225,275579,182583,150479,128149
01/07/2006 00:00,East of England,187016,13358,282360,186207,154254,128797
01/08/2006 00:00,East of England,188674,14018,286458,187610,155110,129843
01/09/2006 00:00,East of England,188742,13649,286238,187952,154805,130307
01/10/2006 00:00,East of England,190015,13249,287463,188978,155993,131719
01/11/2006 00:00,East of England,190676,13097,289272,190069,156697,130945
01/12/2006 00:00,East of England,192829,14609,289098,191608,159410,134102
01/01/2007 00:00,East of England,192919,10032,291967,191888,158787,133072
01/02/2007 00:00,East of England,193326,9902,290296,191982,159009,135165
01/03/2007 00:00,East of England,194938,11926,292862,193888,161319,134688
01/04/2007 00:00,East of England,197352,10870,296394,196105,163918,135861
01/05/2007 00:00,East of England,199249,12580,297452,197694,164619,139611
01/06/2007 00:00,East of England,202727,14300,304242,201091,167674,140914
01/07/2007 00:00,East of England,204615,13379,310099,203128,169305,140184
01/08/2007 00:00,East of England,206015,14300,312945,204588,170459,140657
01/09/2007 00:00,East of England,206877,11250,312970,205121,170885,142664
01/10/2007 00:00,East of England,206703,11926,313392,204384,170745,142694
01/11/2007 00:00,East of England,207394,11664,314894,205500,170699,143229
01/12/2007 00:00,East of England,207181,9530,312368,204952,170877,144291
01/01/2008 00:00,East of England,205481,6358,312392,203084,168932,142424
01/02/2008 00:00,East of England,203657,6858,309929,201870,167380,140465
01/03/2008 00:00,East of England,201237,6473,303908,199968,166459,138430
01/04/2008 00:00,East of England,199998,7055,304205,197883,165553,137013
01/05/2008 00:00,East of England,201866,7282,305585,200832,166724,138503
01/06/2008 00:00,East of England,198801,6476,300547,197657,164646,136229
01/07/2008 00:00,East of England,198177,5979,301568,196926,163741,135222
01/08/2008 00:00,East of England,191127,5463,291528,189609,157419,130890
01/09/2008 00:00,East of England,186404,4712,288733,184234,153025,126401
01/10/2008 00:00,East of England,181730,5162,278446,179903,149347,124496
01/11/2008 00:00,East of England,176595,4194,269768,175667,145254,120474
01/12/2008 00:00,East of England,174953,4628,265291,172839,145644,119640
01/01/2009 00:00,East of England,173660,3100,267103,171109,142407,119526
01/02/2009 00:00,East of England,169793,3275,258621,168561,139378,117193
01/03/2009 00:00,East of England,166473,4230,255156,164455,136813,114343
01/04/2009 00:00,East of England,169102,4718,256588,167852,140224,115555
01/05/2009 00:00,East of England,172064,5438,261035,171056,142369,117713
01/06/2009 00:00,East of England,171951,6370,262177,170795,142464,116385
01/07/2009 00:00,East of England,176546,7811,270437,175504,146336,118096
01/08/2009 00:00,East of England,178649,7446,273519,177739,148080,119431
01/09/2009 00:00,East of England,180764,7225,276792,179666,149868,120999
01/10/2009 00:00,East of England,181000,8142,276627,180685,150236,120328
01/11/2009 00:00,East of England,182568,7780,279468,181241,152078,121558
01/12/2009 00:00,East of England,183414,10064,277679,183243,153546,122208
01/01/2010 00:00,East of England,185910,4253,288463,185681,154201,119923
01/02/2010 00:00,East of England,186038,5034,287408,186151,154110,120930
01/03/2010 00:00,East of England,186186,6272,287256,185390,154173,122637
01/04/2010 00:00,East of England,189108,6253,290544,189286,156889,123938
01/05/2010 00:00,East of England,189953,6323,292826,189380,157535,124678
01/06/2010 00:00,East of England,189548,7455,290361,189217,158301,124201
01/07/2010 00:00,East of England,192765,8121,299886,192464,159820,123832
01/08/2010 00:00,East of England,192039,7590,299019,192676,158337,123153
01/09/2010 00:00,East of England,192988,6902,298887,192199,160364,125281
01/10/2010 00:00,East of England,189904,7186,294558,189707,157093,123118
01/11/2010 00:00,East of England,189238,6925,294304,188860,155751,123347
01/12/2010 00:00,East of England,188378,7059,290997,188237,156225,122562
