InitialTransformedData/HPIInitialTransform.csv
Date,RegionName,AveragePrice,SalesVolume,DetachedPrice,SemiDetachedPrice,TerracedPrice,FlatPrice
01/01/2011 00:00,East of England,187409,4582,293126,186454,154410,121224
01/02/2011 00:00,East of England,185272,4828,288534,184058,152762,121129
01/03/2011 00:00,East of England,186529,5514,291474,185022,153906,121310
01/04/2011 00:00,East of England,187388,5923,290775,186262,155477,121861
01/05/2011 00:00,East of England,187664,5900,289742,186888,154949,124004
01/06/2011 00:00,East of England,187093,7044,287431,187041,155444,122491
01/07/2011 00:00,East of England,189751,7659,293032,189009,157511,124008
01/08/2011 00:00,East of England,190567,8177,297264,190687,157378,121987
01/09/2011 00:00,East of England,188774,7802,294354,188123,156208,121494
01/10/2011 00:00,East of England,188720,7159,294539,188514,155531,121569
01/11/2011 00:00,East of England,189577,7462,294359,189213,156162,123775
01/12/2011 00:00,East of England,188765,7903,292128,188968,156209,122283
01/01/2012 00:00,East of England,189852,5357,294947,190373,157112,121576
01/02/2012 00:00,East of England,188281,5540,291722,188375,156329,120982
01/03/2012 00:00,East of England,187072,7563,285787,187403,156300,121975
01/04/2012 00:00,East of England,190794,5150,295009,190300,158166,124275
01/05/2012 00:00,East of England,191630,6278,295810,191680,159212,123995
01/06/2012 00:00,East of England,191456,7366,294441,191286,160396,123077
01/07/2012 00:00,East of England,194079,7205,300298,193604,161698,124936
01/08/2012 00:00,East of England,194117,7823,299720,194203,162127,124188
01/09/2012 00:00,East of England,192957,6315,297944,192350,161305,124091
01/10/2012 00:00,East of England,193648,7208,299378,193595,161253,124472
01/11/2012 00:00,East of England,192932,7753,297270,192664,161235,124274
01/12/2012 00:00,East of England,191994,6845,297097,191667,160324,122831
01/01/2013 00:00,East of England,192142,5262,297188,193003,159824,122500
01/02/2013 00:00,East of England,190370,5377,293554,190540,158809,122223
01/03/2013 00:00,East of England,194147,6566,301018,193686,161500,124696
01/04/2013 00:00,East of England,194595,6180,299873,194767,162440,124942
01/05/2013 00:00,East of England,193843,8064,297713,194109,161912,125039
01/06/2013 00:00,East of England,196002,7890,301495,196076,164342,125360
01/07/2013 00:00,East of England,199137,9019,307031,199089,166472,127639
01/08/2013 00:00,East of England,200041,9657,309115,200559,167070,127230
01/09/2013 00:00,East of England,199877,8633,310301,199513,166849,127077
01/10/2013 00:00,East of England,201547,9558,312425,201623,167706,128791
01/11/2013 00:00,East of England,200471,9954,309167,201221,167030,128316
01/12/2013 00:00,East of England,205065,9819,313561,205490,171505,132951
01/01/2014 00:00,East of England,203602,8042,314850,203466,169362,131055
01/02/2014 00:00,East of England,205151,8097,316683,205292,170969,131774
01/03/2014 00:00,East of England,206108,8326,316148,206785,172154,132810
01/04/2014 00:00,East of England,210280,8687,323123,210375,176046,135137
01/05/2014 00:00,East of England,213895,9645,327394,214283,179316,137787
01/06/2014 00:00,East of England,215704,10128,330562,216512,180431,138777
01/07/2014 00:00,East of England,219457,10738,337061,219828,183988,140560
01/08/2014 00:00,East of England,221782,11115,341185,222409,185762,141637
01/09/2014 00:00,East of England,223836,10029,344219,223914,187135,144014
01/10/2014 00:00,East of England,224885,10828,345537,225396,187491,145153
01/11/2014 00:00,East of England,223944,9256,343817,224431,186971,144422
01/12/2014 00:00,East of England,224758,9678,344937,225044,187753,145107
01/01/2015 00:00,East of England,225847,7134,347142,226476,187993,145959
01/02/2015 00:00,East of England,226943,7239,348986,226918,188802,147303
01/03/2015 00:00,East of England,227055,7935,350068,227848,188325,146715
01/04/2015 00:00,East of England,229445,7609,351886,229623,191804,148208
01/05/2015 00:00,East of England,232551,8755,355779,233438,193943,150765
01/06/2015 00:00,East of England,233631,9915,356422,234736,196071,150393
01/07/2015 00:00,East of England,239245,11447,366440,240389,199794,154243
01/08/2015 00:00,East of England,241945,10468,370387,243059,202414,155686
01/09/2015 00:00,East of England,244652,9870,377475,244845,203625,157589
01/10/2015 00:00,East of England,245823,11188,377074,246997,205369,157988
01/11/2015 00:00,East of England,249124,9796,381915,250546,207737,160551
01/12/2015 00:00,East of England,250225,10283,383522,251298,208789,161474
01/01/2016 00:00,East of England,252519,7539,385586,255055,210179,163315
01/02/2016 00:00,East of England,252732,8413,386351,254368,210651,163594
01/03/2016 00:00,East of England,256923,14500,394737,257253,213650,166795
01/04/2016 00:00,East of England,256970,6391,389859,258246,215710,166836
01/05/2016 00:00,East of England,261564,7417,393802,262391,219302,172812
01/06/2016 00:00,East of England,264489,9223,403263,264684,220840,172879
01/07/2016 00:00,East of England,267798,9609,406127,268991,224360,174682
01/08/2016 00:00,East of England,268266,9912,407624,269248,224240,175290
01/09/2016 00:00,East of England,270191,9296,412677,271566,224820,176007
01/10/2016 00:00,East of England,269689,8682,413421,271141,223056,176296
01/11/2016 00:00,East of England,270473,9108,415082,271338,223630,177140
01/12/2016 00:00,East of England,273009,9314,418679,273352,226100,179019
01/01/2017 00:00,East of England,272123,7026,417475,273478,225167,177633
01/02/2017 00:00,East of England,274329,7400,418882,273750,226654,182525
01/03/2017 00:00,East of England,272504,8881,418137,273026,224736,179479
01/04/2017 00:00,East of England,276523,7485,423574,276798,228647,182107
01/05/2017 00:00,East of England,279053,8221,424101,280479,230026,185810
01/06/2017 00:00,East of England,280366,9878,427269,281000,232004,185535
01/07/2017 00:00,East of England,284682,8986,433983,286102,235232,188019
01/08/2017 00:00,East of England,284475,10124,433386,285322,236352,187022
01/09/2017 00:00,East of England,285274,9298,437931,286298,235930,186532
01/10/2017 00:00,East of England,285404,9203,439125,287907,235565,185233
01/11/2017 00:00,East of England,284088,9100,434911,286084,234770,185877
01/12/2017 00:00,East of England,285947,8965,437817,287460,237069,186584
01/01/2018 00:00,East of England,285873,6952,438286,288628,235914,186366
01/02/2018 00:00,East of England,285219,6994,438887,286967,235650,185450
01/03/2018 00:00,East of England,283450,8068,435245,285927,234998,183283
01/04/2018 00:00,East of England,284595,6977,436287,287713,236614,183143
01/05/2018 00:00,East of England,285156,8271,438860,288445,236657,182627
01/06/2018 00:00,East of England,286389,8894,439596,290095,237027,184606
01/07/2018 00:00,East of England,290809,8584,448997,294003,240843,185983
01/08/2018 00:00,East of England,290907,10245,447589,294136,241822,186062
01/09/2018 00:00,East of England,289461,8082,447001,293156,239750,184539
01/10/2018 00:00,East of England,289927,8929,447945,293218,239636,185654
01/11/2018 00:00,East of England,290306,9572,449971,294100,240151,184185
01/12/2018 00:00,East of England,287775,8146,442998,291745,237683,184939
01/01/2019 00:00,East of England,285588,6373,444532,289580,235308,180740
01/02/2019 00:00,East of England,286748,6757,444066,290172,236960,182879
01/03/2019 00:00,East of England,283751,7531,437795,288083,235241,180262
01/04/2019 00:00,East of England,284922,7114,439079,289341,236896,180493
01/05/2019 00:00,East of England,285640,7663,440755,289979,237666,180418
01/06/2019 00:00,East of England,285274,8059,440108,289398,237049,180839
01/07/2019 00:00,East of England,288264,9064,444034,292190,239705,183275
01/08/2019 00:00,East of England,287428,9232,444433,291412,239928,180352
01/09/2019 00:00,East of England,288709,8319,444786,291493,241074,183495
01/10/2019 00:00,East of England,287808,8897,443480,293506,239169,181246
01/11/2019 00:00,East of England,285806,8915,443417,291243,237125,178494
01/12/2019 00:00,East of England,287478,8367,443996,292028,239519,180715
01/01/2020 00:00,East of England,285803,6661,440900,291396,238156,178908
01/02/2020 00:00,East of England,285943,6770,443729,291022,238226,177559
01/03/2020 00:00,East of England,285012,6953,441610,289602,236923,178686
01/04/2020 00:00,East of England,287501,2938,446619,292830,240198,177083
01/05/2020 00:00,East of England,287030,3600,445145,293014,237789,179152
01/06/2020 00:00,East of England,288667,5756,444748,294720,241687,179289
01/07/2020 00:00,East of England,289067,6316,447616,294327,241628,179123
01/08/2020 00:00,East of England,292992,6573,456823,299652,244339,178407
01/09/2020 00:00,East of England,296829,7394,463490,302544,247751,181061
01/10/2020 00:00,East of England,295661,9269,461600,300815,247458,180147
01/11/2020 00:00,East of England,296868,9596,462789,302072,248734,181062
01/12/2020 00:00,East of England,300749,10565,468697,305732,252480,183250
01/01/2021 00:00,East of England,298036,9078,458136,303430,250472,185704
01/02/2021 00:00,East of England,299321,11650,459339,303860,252262,187322
01/03/2021 00:00,East of England,301495,16866,462140,305454,254549,189307
01/04/2021 00:00,East of England,298764,10416,459667,302714,251508,187000
01/05/2021 00:00,East of England,299192,8704,459958,303670,252062,186701
01/06/2021 00:00,East of England,312775,21732,477319,315795,267119,195600
01/07/2021 00:00,East of England,299492,5417,460101,305511,250796,187331
01/08/2021 00:00,East of England,309904,8258,480200,316575,259783,189342
01/09/2021 00:00,East of England,316815,15648,486741,321955,268269,195702
01/10/2021 00:00,East of England,312253,6112,490953,317596,259540,189198
01/11/2021 00:00,East of England,319183,7956,499579,325918,265890,193058
01/12/2021 00:00,East of England,319855,9220,498519,324942,269217,193635
01/01/2022 00:00,East of England,322537,6957,504856,329948,269625,193141
01/02/2022 00:00,East of England,326141,7972,507223,333185,272822,199127
01/03/2022 00:00,East of England,325283,9080,507718,332608,272303,195917
01/04/2022 00:00,East of England,328825,8236,511064,335492,277332,198216
01/05/2022 00:00,East of England,332450,8214,516610,340254,280089,199482
01/06/2022 00:00,East of England,335070,8807,519578,342029,282976,202445
01/07/2022 00:00,East of England,340723,9239,529857,349441,287821,201896
01/08/2022 00:00,East of England,344145,9804,535078,352381,291333,203866
01/09/2022 00:00,East of England,344762,9817,537123,352772,291444,204040
01/10/2022 00:00,East of England,344144,9129,536181,352091,290476,204392
01/11/2022 00:00,East of England,345454,9465,539330,353585,291289,204249
01/12/2022 00:00,East of England,342442,8945,532789,350240,289294,203922
01/01/2023 00:00,East of England,340655,6064,532529,350196,285976,200539
01/02/2023 00:00,East of England,340888,5773,534089,348521,286106,201791
01/03/2023 00:00,East of England,335589,6562,527028,344421,279306,199277
01/04/2023 00:00,East of England,331572,4895,520195,341033,276772,195612
01/05/2023 00:00,East of England,330394,5147,515740,338179,277118,196654
01/06/2023 00:00,East of England,332033,6491,518650,339482,279916,196144
01/07/2023 00:00,East of England,336474,5971,527281,346424,282403,196831
01/08/2023 00:00,East of England,335770,6691,524354,344463,284167,196116
01/09/2023 00:00,East of England,334941,6596,522118,343273,282900,197186
01/10/2023 00:00,East of England,331860,6387,516899,340844,279186,196205
01/11/2023 00:00,East of England,329462,6419,514800,338440,276165,194806
01/12/2023 00:00,East of England,326075,5987,507088,334179,274534,193752
01/01/2024 00:00,East of England,328802,4783,512746,337347,277339,193523
01/02/2024 00:00,East of England,325765,5239,504902,335629,275198,192007
01/03/2024 00:00,East of England,323979,6029,502216,332446,273402,192620
01/04/2024 00:00,East of England,327204,5152,504559,336646,277207,194262
01/05/2024 00:00,East of England,327603,6378,505813,337443,277262,193966
01/06/2024 00:00,East of England,328402,5480,505817,337374,279860,194032
01/07/2024 00:00,East of England,331450,6100,511096,341217,282626,194486
01/08/2024 00:00,East of England,335179,6376,517960,345165,286162,195372
01/09/2024 00:00,East of England,337799,5441,527921,348456,285662,195260
01/10/2024 00:00,East of England,338762,6219,524530,348528,287035,199553
01/11/2024 00:00,East of England,337844,5151,520858,349862,285699,198920
01/12/2024 00:00,East of England,339258,,527752,350894,286237,197611
01/01/2025 00:00,East of England,338657,,527236,350180,287089,195522
01/04/1968 00:00,London,4730,,,,,
01/05/1968 00:00,London,4730,,,,,
01/06/1968 00:00,London,4730,,,,,
01/07/1968 00:00,London,4865,,,,,
01/08/1968 00:00,London,4865,,,,,
01/09/1968 00:00,London,4865,,,,,
01/10/1968 00:00,London,4757,,,,,
01/11/1968 00:00,London,4757,,,,,
01/12/1968 00:00,London,4757,,,,,
01/01/1969 00:00,London,4919,,,,,
01/02/1969 00:00,London,4919,,,,,
01/03/1969 00:00,London,4919,,,,,
01/04/1969 00:00,London,4811,,,,,
01/05/1969 00:00,London,4811,,,,,
01/06/1969 00:00,London,4811,,,,,
01/07/1969 00:00,London,4973,,,,,
01/08/1969 00:00,London,4973,,,,,
01/09/1969 00:00,London,4973,,,,,
01/10/1969 00:00,London,4946,,,,,
01/11/1969 00:00,London,4946,,,,,
01/12/1969 00:00,London,4946,,,,,
01/01/1970 00:00,London,5298,,,,,
01/02/1970 00:00,London,5298,,,,,
01/03/1970 00:00,London,5298,,,,,
01/04/1970 00:00,London,5190,,,,,
01/05/1970 00:00,London,5190,,,,,
01/06/1970 00:00,London,5190,,,,,
01/07/1970 00:00,London,5568,,,,,
01/08/1970 00:00,London,5568,,,,,
01/09/1970 00:00,London,5568,,,,,
01/10/1970 00:00,London,5622,,,,,
01/11/1970 00:00,London,5622,,,,,
01/12/1970 00:00,London,5622,,,,,
01/01/1971 00:00,London,5757,,,,,
01/02/1971 00:00,London,5757,,,,,
01/03/1971 00:00,London,5757,,,,,
01/04/1971 00:00,London,6109,,,,,
01/05/1971 00:00,London,6109,,,,,
01/06/1971 00:00,London,6109,,,,,
01/07/1971 00:00,London,6379,,,,,
01/08/1971 00:00,London,6379,,,,,
01/09/1971 00:00,London,6379,,,,,
01/10/1971 00:00,London,6757,,,,,
01/11/1971 00:00,London,6757,,,,,
01/12/1971 00:00,London,6757,,,,,
01/01/1972 00:00,London,7541,,,,,
01/02/1972 00:00,London,7541,,,,,
01/03/1972 00:00,London,7541,,,,,
01/04/1972 00:00,London,8433,,,,,
01/05/1972 00:00,London,8433,,,,,
01/06/1972 00:00,London,8433,,,,,
01/07/1972 00:00,London,9569,,,,,
01/08/1972 00:00,London,9569,,,,,
01/09/1972 00:00,London,9569,,,,,
01/10/1972 00:00,London,10758,,,,,
01/11/1972 00:00,London,10758,,,,,
01/12/1972 00:00,London,10758,,,,,
01/01/1973 00:00,London,11271,,,,,
01/02/1973 00:00,London,11271,,,,,
01/03/1973 00:00,London,11271,,,,,
01/04/1973 00:00,London,11434,,,,,
01/05/1973 00:00,London,11434,,,,,
01/06/1973 00:00,London,11434,,,,,
01/07/1973 00:00,London,12001,,,,,
01/08/1973 00:00,London,12001,,,,,
01/09/1973 00:00,London,12001,,,,,
01/10/1973 00:00,London,11650,,,,,
01/11/1973 00:00,London,11650,,,,,
01/12/1973 00:00,London,11650,,,,,
01/01/1974 00:00,London,12055,,,,,
01/02/1974 00:00,London,12055,,,,,
01/03/1974 00:00,London,12055,,,,,
01/04/1974 00:00,London,11623,,,,,
01/05/1974 00:00,London,11623,,,,,
01/06/1974 00:00,London,11623,,,,,
01/07/1974 00:00,London,11569,,,,,
01/08/1974 00:00,London,11569,,,,,
01/09/1974 00:00,London,11569,,,,,
01/10/1974 00:00,London,12028,,,,,
01/11/1974 00:00,London,12028,,,,,
01/12/1974 00:00,London,12028,,,,,
01/01/1975 00:00,London,11515,,,,,
01/02/1975 00:00,London,11515,,,,,
01/03/1975 00:00,London,11515,,,,,
01/04/1975 00:00,London,12218,,,,,
01/05/1975 00:00,London,12218,,,,,
01/06/1975 00:00,London,12218,,,,,
01/07/1975 00:00,London,12542,,,,,
01/08/1975 00:00,London,12542,,,,,
01/09/1975 00:00,London,12542,,,,,
01/10/1975 00:00,London,12109,,,,,
01/11/1975 00:00,London,12109,,,,,
01/12/1975 00:00,London,12109,,,,,
01/01/1976 00:00,London,12515,,,,,
01/02/1976 00:00,London,12515,,,,,
01/03/1976 00:00,London,12515,,,,,
01/04/1976 00:00,London,13001,,,,,
01/05/1976 00:00,London,13001,,,,,
01/06/1976 00:00,London,13001,,,,,
01/07/1976 00:00,London,12947,,,,,
01/08/1976 00:00,London,12947,,,,,
01/09/1976 00:00,London,12947,,,,,
01/10/1976 00:00,London,13353,,,,,
01/11/1976 00:00,London,13353,,,,,
01/12/1976 00:00,London,13353,,,,,
01/01/1977 00:00,London,13758,,,,,
01/02/1977 00:00,London,13758,,,,,
01/03/1977 00:00,London,13758,,,,,
01/04/1977 00:00,London,13272,,,,,
01/05/1977 00:00,London,13272,,,,,
01/06/1977 00:00,London,13272,,,,,
01/07/1977 00:00,London,14110,,,,,
01/08/1977 00:00,London,14110,,,,,
01/09/1977 00:00,London,14110,,,,,
01/10/1977 00:00,London,14272,,,,,
01/11/1977 00:00,London,14272,,,,,
01/12/1977 00:00,London,14272,,,,,
01/01/1978 00:00,London,15002,,,,,
01/02/1978 00:00,London,15002,,,,,
01/03/1978 00:00,London,15002,,,,,
01/04/1978 00:00,London,16407,,,,,
01/05/1978 00:00,London,16407,,,,,
01/06/1978 00:00,London,16407,,,,,
01/07/1978 00:00,London,17110,,,,,
01/08/1978 00:00,London,17110,,,,,
01/09/1978 00:00,London,17110,,,,,
01/10/1978 00:00,London,17975,,,,,
01/11/1978 00:00,London,17975,,,,,
01/12/1978 00:00,London,17975,,,,,
01/01/1979 00:00,London,20218,,,,,
01/02/1979 00:00,London,20218,,,,,
01/03/1979 00:00,London,20218,,,,,
01/04/1979 00:00,London,21543,,,,,
01/05/1979 00:00,London,21543,,,,,
01/06/1979 00:00,London,21543,,,,,
01/07/1979 00:00,London,22813,,,,,
01/08/1979 00:00,London,22813,,,,,
01/09/1979 00:00,London,22813,,,,,
01/10/1979 00:00,London,24327,,,,,
01/11/1979 00:00,London,24327,,,,,
01/12/1979 00:00,London,24327,,,,,
01/01/1980 00:00,London,25732,,,,,
01/02/1980 00:00,London,25732,,,,,
01/03/1980 00:00,London,25732,,,,,
01/04/1980 00:00,London,27057,,,,,
01/05/1980 00:00,London,27057,,,,,
01/06/1980 00:00,London,27057,,,,,
01/07/1980 00:00,London,27246,,,,,
01/08/1980 00:00,London,27246,,,,,
01/09/1980 00:00,London,27246,,,,,
01/10/1980 00:00,London,27760,,,,,
01/11/1980 00:00,London,27760,,,,,
01/12/1980 00:00,London,27760,,,,,
01/01/1981 00:00,London,26624,,,,,
01/02/1981 00:00,London,26624,,,,,
01/03/1981 00:00,London,26624,,,,,
01/04/1981 00:00,London,28381,,,,,
01/05/1981 00:00,London,28381,,,,,
