InitialTransformedData/HPIInitialTransform.csv
Date,RegionName,AveragePrice,SalesVolume,DetachedPrice,SemiDetachedPrice,TerracedPrice,FlatPrice
01/06/1981 00:00,London,28381,,,,,
01/07/1981 00:00,London,28111,,,,,
01/08/1981 00:00,London,28111,,,,,
01/09/1981 00:00,London,28111,,,,,
01/10/1981 00:00,London,28273,,,,,
01/11/1981 00:00,London,28273,,,,,
01/12/1981 00:00,London,28273,,,,,
01/01/1982 00:00,London,26300,,,,,
01/02/1982 00:00,London,26300,,,,,
01/03/1982 00:00,London,26300,,,,,
01/04/1982 00:00,London,28273,,,,,
01/05/1982 00:00,London,28273,,,,,
01/06/1982 00:00,London,28273,,,,,
01/07/1982 00:00,London,28787,,,,,
01/08/1982 00:00,London,28787,,,,,
01/09/1982 00:00,London,28787,,,,,
01/10/1982 00:00,London,29733,,,,,
01/11/1982 00:00,London,29733,,,,,
01/12/1982 00:00,London,29733,,,,,
01/01/1983 00:00,London,30273,,,,,
01/02/1983 00:00,London,30273,,,,,
01/03/1983 00:00,London,30273,,,,,
01/04/1983 00:00,London,31084,,,,,
01/05/1983 00:00,London,31084,,,,,
01/06/1983 00:00,London,31084,,,,,
01/07/1983 00:00,London,32436,,,,,
01/08/1983 00:00,London,32436,,,,,
01/09/1983 00:00,London,32436,,,,,
01/10/1983 00:00,London,33247,,,,,
01/11/1983 00:00,London,33247,,,,,
01/12/1983 00:00,London,33247,,,,,
01/01/1984 00:00,London,33787,,,,,
01/02/1984 00:00,London,33787,,,,,
01/03/1984 00:00,London,33787,,,,,
01/04/1984 00:00,London,37031,,,,,
01/05/1984 00:00,London,37031,,,,,
01/06/1984 00:00,London,37031,,,,,
01/07/1984 00:00,London,37842,,,,,
01/08/1984 00:00,London,37842,,,,,
01/09/1984 00:00,London,37842,,,,,
01/10/1984 00:00,London,38653,,,,,
01/11/1984 00:00,London,38653,,,,,
01/12/1984 00:00,London,38653,,,,,
01/01/1985 00:00,London,38382,,,,,
01/02/1985 00:00,London,38382,,,,,
01/03/1985 00:00,London,38382,,,,,
01/04/1985 00:00,London,41626,,,,,
01/05/1985 00:00,London,41626,,,,,
01/06/1985 00:00,London,41626,,,,,
01/07/1985 00:00,London,42437,,,,,
01/08/1985 00:00,London,42437,,,,,
01/09/1985 00:00,London,42437,,,,,
01/10/1985 00:00,London,44870,,,,,
01/11/1985 00:00,London,44870,,,,,
01/12/1985 00:00,London,44870,,,,,
01/01/1986 00:00,London,46491,,,,,
01/02/1986 00:00,London,46491,,,,,
01/03/1986 00:00,London,46491,,,,,
01/04/1986 00:00,London,50276,,,,,
01/05/1986 00:00,London,50276,,,,,
01/06/1986 00:00,London,50276,,,,,
01/07/1986 00:00,London,52438,,,,,
01/08/1986 00:00,London,52438,,,,,
01/09/1986 00:00,London,52438,,,,,
01/10/1986 00:00,London,56222,,,,,
01/11/1986 00:00,London,56222,,,,,
01/12/1986 00:00,London,56222,,,,,
01/01/1987 00:00,London,57574,,,,,
01/02/1987 00:00,London,57574,,,,,
01/03/1987 00:00,London,57574,,,,,
01/04/1987 00:00,London,60817,,,,,
01/05/1987 00:00,London,60817,,,,,
01/06/1987 00:00,London,60817,,,,,
01/07/1987 00:00,London,64872,,,,,
01/08/1987 00:00,London,64872,,,,,
01/09/1987 00:00,London,64872,,,,,
01/10/1987 00:00,London,69999,,,,,
01/11/1987 00:00,London,69999,,,,,
01/12/1987 00:00,London,69999,,,,,
01/01/1988 00:00,London,72108,,,,,
01/02/1988 00:00,London,72108,,,,,
01/03/1988 00:00,London,72108,,,,,
01/04/1988 00:00,London,75903,,,,,
01/05/1988 00:00,London,75903,,,,,
01/06/1988 00:00,London,75903,,,,,
01/07/1988 00:00,London,81385,,,,,
01/08/1988 00:00,London,81385,,,,,
01/09/1988 00:00,London,81385,,,,,
01/10/1988 00:00,London,87288,,,,,
01/11/1988 00:00,London,87288,,,,,
01/12/1988 00:00,London,87288,,,,,
01/01/1989 00:00,London,83493,,,,,
01/02/1989 00:00,London,83493,,,,,
01/03/1989 00:00,London,83493,,,,,
01/04/1989 00:00,London,87710,,,,,
01/05/1989 00:00,London,87710,,,,,
01/06/1989 00:00,London,87710,,,,,
01/07/1989 00:00,London,86445,,,,,
01/08/1989 00:00,London,86445,,,,,
01/09/1989 00:00,London,86445,,,,,
01/10/1989 00:00,London,83915,,,,,
01/11/1989 00:00,London,83915,,,,,
01/12/1989 00:00,London,83915,,,,,
01/01/1990 00:00,London,85547,,,,,
01/02/1990 00:00,London,85547,,,,,
01/03/1990 00:00,London,85547,,,,,
01/04/1990 00:00,London,82774,,,,,
01/05/1990 00:00,London,82774,,,,,
01/06/1990 00:00,London,82774,,,,,
01/07/1990 00:00,London,86975,,,,,
01/08/1990 00:00,London,86975,,,,,
01/09/1990 00:00,London,86975,,,,,
01/10/1990 00:00,London,81177,,,,,
01/11/1990 00:00,London,81177,,,,,
01/12/1990 00:00,London,81177,,,,,
01/01/1991 00:00,London,82269,,,,,
01/02/1991 00:00,London,82269,,,,,
01/03/1991 00:00,London,82269,,,,,
01/04/1991 00:00,London,80505,,,,,
01/05/1991 00:00,London,80505,,,,,
01/06/1991 00:00,London,80505,,,,,
01/07/1991 00:00,London,81261,,,,,
01/08/1991 00:00,London,81261,,,,,
01/09/1991 00:00,London,81261,,,,,
01/10/1991 00:00,London,78572,,,,,
01/11/1991 00:00,London,78572,,,,,
01/12/1991 00:00,London,78572,,,,,
01/01/1992 00:00,London,78572,,,,,
01/02/1992 00:00,London,78572,,,,,
01/03/1992 00:00,London,78572,,,,,
01/04/1992 00:00,London,72269,,,,,
01/05/1992 00:00,London,72269,,,,,
01/06/1992 00:00,London,72269,,,,,
01/07/1992 00:00,London,72051,,,,,
01/08/1992 00:00,London,72051,,,,,
01/09/1992 00:00,London,72051,,,,,
01/10/1992 00:00,London,69358,,,,,
01/11/1992 00:00,London,69358,,,,,
01/12/1992 00:00,London,69358,,,,,
01/01/1993 00:00,London,72342,,,,,
01/02/1993 00:00,London,72342,,,,,
01/03/1993 00:00,London,72342,,,,,
01/04/1993 00:00,London,73798,,,,,
01/05/1993 00:00,London,73798,,,,,
01/06/1993 00:00,London,73798,,,,,
01/07/1993 00:00,London,73070,,,,,
01/08/1993 00:00,London,73070,,,,,
01/09/1993 00:00,London,73070,,,,,
01/10/1993 00:00,London,71833,,,,,
01/11/1993 00:00,London,71833,,,,,
01/12/1993 00:00,London,71833,,,,,
01/01/1994 00:00,London,72415,,,,,
01/02/1994 00:00,London,72415,,,,,
01/03/1994 00:00,London,72415,,,,,
01/04/1994 00:00,London,78164,,,,,
01/05/1994 00:00,London,78164,,,,,
01/06/1994 00:00,London,78164,,,,,
01/07/1994 00:00,London,78455,,,,,
01/08/1994 00:00,London,78455,,,,,
01/09/1994 00:00,London,78455,,,,,
01/10/1994 00:00,London,75908,,,,,
01/11/1994 00:00,London,75908,,,,,
01/12/1994 00:00,London,75908,,,,,
01/01/1995 00:00,London,79687,7506,176754,99239,80634,67007
01/02/1995 00:00,London,77913,6873,172375,99432,80689,62589
01/03/1995 00:00,London,79110,9639,170887,98290,80487,66558
01/04/1995 00:00,London,79708,8053,171809,98509,80944,67505
01/05/1995 00:00,London,80754,9293,173830,100097,82119,68147
01/06/1995 00:00,London,80941,10150,173330,99915,81704,69201
01/07/1995 00:00,London,81345,9445,177244,101010,82884,68221
01/08/1995 00:00,London,80858,9965,176252,100446,82163,68012
01/09/1995 00:00,London,80228,9249,174980,99484,81647,67438
01/10/1995 00:00,London,79544,8586,175461,99235,80181,67187
01/11/1995 00:00,London,79347,8930,172077,98471,80010,67486
01/12/1995 00:00,London,80482,9161,173853,99793,81233,68469
01/01/1996 00:00,London,80658,7690,175087,99752,81781,68304
01/02/1996 00:00,London,81455,7608,174797,100895,82183,69468
01/03/1996 00:00,London,81031,9815,176379,100462,82081,68540
01/04/1996 00:00,London,82183,9416,175500,100774,82882,70691
01/05/1996 00:00,London,82663,11110,175758,101759,84220,70130
01/06/1996 00:00,London,83652,10712,178862,102549,84176,72135
01/07/1996 00:00,London,84358,12624,182877,103882,85108,72092
01/08/1996 00:00,London,84636,13021,184720,104648,85977,71448
01/09/1996 00:00,London,85379,11820,186073,105422,86327,72561
01/10/1996 00:00,London,85114,12767,187243,105327,85973,72170
01/11/1996 00:00,London,85884,13342,184689,105721,87135,73054
01/12/1996 00:00,London,87161,13028,187243,108037,88213,74012
01/01/1997 00:00,London,88926,10762,192695,109416,89921,75844
01/02/1997 00:00,London,89476,10495,193158,109120,89902,77160
01/03/1997 00:00,London,90543,11648,194510,110627,91432,77696
01/04/1997 00:00,London,92161,12206,197472,112723,92885,79216
01/05/1997 00:00,London,94791,13154,204041,116242,95612,81252
01/06/1997 00:00,London,95527,13732,208080,117172,96935,81274
01/07/1997 00:00,London,98629,15757,214895,121439,100271,83599
01/08/1997 00:00,London,98619,14233,216952,122272,99788,83547
01/09/1997 00:00,London,100825,13516,222302,124715,101739,85711
01/10/1997 00:00,London,100544,14096,222060,124775,101498,85274
01/11/1997 00:00,London,101739,11985,225835,126090,102390,86530
01/12/1997 00:00,London,103697,12759,226260,128734,104780,88010
01/01/1998 00:00,London,104822,9867,232685,129289,106189,88823
01/02/1998 00:00,London,103784,9419,225191,127979,104151,88841
01/03/1998 00:00,London,105914,11654,229043,130098,106609,90619
01/04/1998 00:00,London,108433,11829,235151,133428,109235,92618
01/05/1998 00:00,London,108209,12242,233072,133578,109595,91978
01/06/1998 00:00,London,110150,13441,236912,135189,110855,94342
01/07/1998 00:00,London,111731,14954,245039,138495,112809,94870
01/08/1998 00:00,London,111421,12931,248166,138185,112556,94387
01/09/1998 00:00,London,111992,13122,247808,138896,113023,95012
01/10/1998 00:00,London,111529,12601,246798,138502,111577,95239
01/11/1998 00:00,London,111615,11801,247345,138706,111527,95364
01/12/1998 00:00,London,112178,12081,243028,138700,112695,95857
01/01/1999 00:00,London,113152,9310,248021,139402,113027,97154
01/02/1999 00:00,London,112701,9497,246881,138879,112510,96806
01/03/1999 00:00,London,114975,12774,249238,140742,114951,99014
01/04/1999 00:00,London,117355,12763,254574,143539,118312,100454
01/05/1999 00:00,London,119062,12722,254280,144671,119496,102693
01/06/1999 00:00,London,121314,15578,263127,148340,122138,103961
01/07/1999 00:00,London,125290,18420,273101,152387,126305,107428
01/08/1999 00:00,London,127779,16329,276186,154790,128794,109846
01/09/1999 00:00,London,131261,15627,285028,157835,130910,114018
01/10/1999 00:00,London,131680,15681,286530,160275,131155,113930
01/11/1999 00:00,London,134668,15251,292493,163558,134922,116120
01/12/1999 00:00,London,136943,15124,290510,164692,136449,119324
01/01/2000 00:00,London,139611,11333,307616,171177,139849,119775
01/02/2000 00:00,London,142068,11414,306320,171154,141900,123025
01/03/2000 00:00,London,143760,14645,311588,174302,144360,123751
01/04/2000 00:00,London,150595,12667,321811,180306,149504,131287
01/05/2000 00:00,London,150800,13099,325888,182952,150316,130444
01/06/2000 00:00,London,153669,14270,327097,185296,152694,133633
01/07/2000 00:00,London,156545,13278,342690,189774,156115,135255
01/08/2000 00:00,London,157676,12690,341451,190717,155677,137349
01/09/2000 00:00,London,157710,11521,344615,189735,156065,137303
01/10/2000 00:00,London,155900,11068,344661,191134,154300,134766
01/11/2000 00:00,London,158085,11301,343998,189109,155005,138756
01/12/2000 00:00,London,157888,11983,336718,188902,155340,138512
01/01/2001 00:00,London,160094,10315,343412,191802,158395,139803
01/02/2001 00:00,London,160344,9963,346896,193713,159108,139205
01/03/2001 00:00,London,161591,12882,342223,193115,159886,141390
01/04/2001 00:00,London,163651,12330,347672,194532,162433,143096
01/05/2001 00:00,London,168244,13965,350473,198845,166727,147841
01/06/2001 00:00,London,169961,15564,352465,200505,167204,150303
01/07/2001 00:00,London,172490,16048,369058,206508,170683,150686
01/08/2001 00:00,London,176243,17306,373172,208865,174336,154702
01/09/2001 00:00,London,176449,13820,376737,209857,174490,154603
01/10/2001 00:00,London,177915,14320,381376,213154,176280,155212
01/11/2001 00:00,London,179011,14294,379348,213970,176329,157127
01/12/2001 00:00,London,179524,11937,372958,212540,175456,159294
01/01/2002 00:00,London,181823,10337,385946,218064,178808,159571
01/02/2002 00:00,London,182531,10786,380464,216570,180203,160609
01/03/2002 00:00,London,184937,13747,385151,219348,182211,162997
01/04/2002 00:00,London,190791,14025,394035,224656,186638,169594
01/05/2002 00:00,London,195703,17735,402368,231576,192294,173169
01/06/2002 00:00,London,199164,14368,404775,232352,195040,177731
01/07/2002 00:00,London,204649,18061,426860,242058,202102,180217
01/08/2002 00:00,London,209114,17567,432074,247531,206920,183990
01/09/2002 00:00,London,210947,15091,437036,251090,208315,185466
01/10/2002 00:00,London,213139,14509,443058,255604,210794,186640
01/11/2002 00:00,London,216816,14324,451612,257512,213560,191037
01/12/2002 00:00,London,217791,13443,446637,261152,214876,191288
01/01/2003 00:00,London,221778,11365,458870,263514,221032,193835
01/02/2003 00:00,London,221031,10320,454321,265542,218924,193416
01/03/2003 00:00,London,220077,10600,454656,263973,218515,192259
01/04/2003 00:00,London,222625,10380,455349,267059,220024,195308
01/05/2003 00:00,London,225440,11169,458685,270667,225079,196358
01/06/2003 00:00,London,223682,11990,457247,268247,221962,195692
01/07/2003 00:00,London,228891,13468,466867,275321,228419,199256
01/08/2003 00:00,London,227698,14417,463942,273684,227725,197974
01/09/2003 00:00,London,227921,14741,469426,275363,228156,197488
01/10/2003 00:00,London,229749,15741,468201,276703,230162,199369
01/11/2003 00:00,London,230764,14754,465490,276628,231420,200613
01/12/2003 00:00,London,232279,14839,460747,277213,231588,203409
01/01/2004 00:00,London,234296,12767,475517,280786,234707,203752
01/02/2004 00:00,London,235311,12160,476220,282599,236771,203962
01/03/2004 00:00,London,236939,14409,473100,280839,237935,206693
01/04/2004 00:00,London,241798,14873,476870,288327,244420,209844
01/05/2004 00:00,London,243369,13613,470979,289030,245266,212191
01/06/2004 00:00,London,246395,16163,479831,291658,247185,215579
01/07/2004 00:00,London,250378,17612,489954,298436,253460,217245
01/08/2004 00:00,London,251404,15020,495890,298713,254269,218345
01/09/2004 00:00,London,250652,13500,494405,298201,253700,217501
01/10/2004 00:00,London,248676,12031,491049,296494,251684,215629
01/11/2004 00:00,London,251278,10790,491844,297927,253498,218866
01/12/2004 00:00,London,246425,10859,483169,292276,248945,214397
01/01/2005 00:00,London,248820,8020,490701,294327,252251,216077
01/02/2005 00:00,London,247642,7829,484700,293402,250786,215219
01/03/2005 00:00,London,247580,9361,481820,292114,251375,215180
01/04/2005 00:00,London,251973,10290,485188,296917,256312,219004
01/05/2005 00:00,London,252313,10649,490428,298391,255929,219295
01/06/2005 00:00,London,252542,12308,485026,297537,258092,218902
01/07/2005 00:00,London,254654,13536,491786,301085,259582,220760
01/08/2005 00:00,London,254761,13208,492503,298656,259514,221515
01/09/2005 00:00,London,253631,13541,494452,300412,259672,218981
01/10/2005 00:00,London,250828,12382,484912,296154,256177,217250
01/11/2005 00:00,London,253251,12568,487652,298285,258770,219518
01/12/2005 00:00,London,255195,13144,480546,295301,259416,223534
01/01/2006 00:00,London,256767,10862,497065,301750,262575,222515
01/02/2006 00:00,London,255985,10885,491172,300017,260803,222711
01/03/2006 00:00,London,258410,13982,497143,302232,264034,224509
01/04/2006 00:00,London,262793,11953,498605,306521,268844,228601
01/05/2006 00:00,London,265059,13349,504008,308173,270229,231261
01/06/2006 00:00,London,269156,16075,510081,311776,275364,234659
01/07/2006 00:00,London,271795,16182,518026,316872,279964,235360
01/08/2006 00:00,London,274815,16833,523904,319659,282171,238620
01/09/2006 00:00,London,275712,15674,528981,320935,282071,239759
01/10/2006 00:00,London,277396,15193,529009,322050,283598,241649
01/11/2006 00:00,London,277074,15230,530848,323545,284579,240141
01/12/2006 00:00,London,283155,15232,537831,327484,289599,246983
01/01/2007 00:00,London,286542,12794,543539,330765,293575,249842
01/02/2007 00:00,London,289884,12194,549292,333952,294448,254179
01/03/2007 00:00,London,292774,14546,554563,336813,299964,255550
01/04/2007 00:00,London,298476,12568,561193,342352,307052,260296
01/05/2007 00:00,London,302673,14059,564154,345742,309007,265616
01/06/2007 00:00,London,306133,15799,574747,349252,312745,268487
01/07/2007 00:00,London,316556,16037,599685,363212,323839,276754
01/08/2007 00:00,London,318654,16824,598031,362363,327073,278979
01/09/2007 00:00,London,319468,13748,605304,363963,325516,280503
01/10/2007 00:00,London,319623,13890,608568,363786,325563,280661
01/11/2007 00:00,London,318648,13174,613619,367259,324864,278401
01/12/2007 00:00,London,319019,9938,604009,364610,324156,280320
01/01/2008 00:00,London,319663,8541,615754,366349,326288,279541
01/02/2008 00:00,London,316563,8773,605380,363454,322334,277202
01/03/2008 00:00,London,314319,8002,599896,361748,322522,273991
01/04/2008 00:00,London,315113,8074,610558,361694,322397,274992
01/05/2008 00:00,London,315988,8075,602193,362980,323041,276149
01/06/2008 00:00,London,310568,7540,593982,356911,319333,270489
01/07/2008 00:00,London,310740,6935,597975,355477,315950,272444
01/08/2008 00:00,London,301598,5982,582789,347491,307750,263355
01/09/2008 00:00,London,295994,5191,573931,338206,300372,259717
01/10/2008 00:00,London,285837,5225,554736,327173,287643,251779
01/11/2008 00:00,London,276896,4078,539786,319539,282044,241752
01/12/2008 00:00,London,271793,4505,525981,314267,277818,236865
01/01/2009 00:00,London,270949,3269,530955,311299,273597,237830
01/02/2009 00:00,London,267474,3251,509256,306706,270633,235337
01/03/2009 00:00,London,264709,4097,504446,302002,266943,233799
01/04/2009 00:00,London,262661,4323,499975,302053,266798,230300
01/05/2009 00:00,London,267629,5011,506144,306297,271424,235443
01/06/2009 00:00,London,271488,6001,512953,310063,278084,237527
01/07/2009 00:00,London,278122,7900,530360,321015,285815,241685
01/08/2009 00:00,London,280566,7548,538476,325184,288747,243063
01/09/2009 00:00,London,286374,7920,544355,327829,292868,250441
01/10/2009 00:00,London,287743,8449,552670,332834,295924,249552
01/11/2009 00:00,London,285663,7962,548564,329160,295521,247156
01/12/2009 00:00,London,289176,9500,550264,335214,299020,249973
01/01/2010 00:00,London,299459,6212,575218,346822,310224,258390
01/02/2010 00:00,London,298420,6312,574146,347242,309475,256874
01/03/2010 00:00,London,300260,7308,583273,347645,308327,260176
01/04/2010 00:00,London,301876,7032,580818,349557,311210,261209
01/05/2010 00:00,London,301641,7106,582684,349650,312358,260105
01/06/2010 00:00,London,304616,8756,587069,351867,315451,263041
01/07/2010 00:00,London,313428,9461,613280,363713,326305,268935
01/08/2010 00:00,London,311152,8570,605077,364581,322740,266868
01/09/2010 00:00,London,310560,8194,612302,362332,322664,266097
