InitialTransformedData/HPIInitialTransform.csv
Date,RegionName,AveragePrice,SalesVolume,DetachedPrice,SemiDetachedPrice,TerracedPrice,FlatPrice
01/10/2010 00:00,London,306318,7871,600389,357619,317120,263132
01/11/2010 00:00,London,302206,7663,597466,355367,311430,259443
01/12/2010 00:00,London,305486,7448,596935,356648,314979,263142
01/01/2011 00:00,London,308301,5870,614568,359182,318988,264647
01/02/2011 00:00,London,305350,5796,609020,355841,313483,263339
01/03/2011 00:00,London,307347,6675,612984,354138,314452,266670
01/04/2011 00:00,London,314735,6903,609597,358735,322861,274537
01/05/2011 00:00,London,304810,6460,590960,354286,313907,263415
01/06/2011 00:00,London,306078,7846,585256,352687,315016,265810
01/07/2011 00:00,London,316716,8742,607738,362708,326139,275440
01/08/2011 00:00,London,315709,8998,611761,366382,328194,271420
01/09/2011 00:00,London,316197,8707,620336,365731,327665,272316
01/10/2011 00:00,London,312887,7871,619111,366336,322631,268904
01/11/2011 00:00,London,311570,7956,612123,361114,319324,269938
01/12/2011 00:00,London,312906,8217,606082,363176,322103,270646
01/01/2012 00:00,London,315128,6531,607371,365284,325928,272042
01/02/2012 00:00,London,313010,6659,623442,367364,325471,267470
01/03/2012 00:00,London,310866,9099,595709,357641,322236,268796
01/04/2012 00:00,London,320165,5961,615064,367083,330159,277898
01/05/2012 00:00,London,325535,7374,624498,374385,337397,281503
01/06/2012 00:00,London,328471,8132,621649,374342,342199,284375
01/07/2012 00:00,London,330760,8751,635106,379481,344766,285266
01/08/2012 00:00,London,331918,9073,637328,381731,346682,285710
01/09/2012 00:00,London,330232,7906,634737,378405,343766,285109
01/10/2012 00:00,London,332172,8146,635904,380607,344560,287495
01/11/2012 00:00,London,330308,8626,634727,379241,343460,285192
01/12/2012 00:00,London,335880,7601,639832,381591,349741,290970
01/01/2013 00:00,London,333332,6834,640913,384415,346379,287498
01/02/2013 00:00,London,335672,6693,640374,382300,348189,291063
01/03/2013 00:00,London,334322,7663,642921,382749,347005,289136
01/04/2013 00:00,London,343563,7388,648943,387445,355826,299292
01/05/2013 00:00,London,345065,9010,657750,393219,357844,299224
01/06/2013 00:00,London,347414,8930,657289,393704,361440,301438
01/07/2013 00:00,London,356482,10889,670078,401833,371248,309806
01/08/2013 00:00,London,359430,11153,679888,408618,375300,310973
01/09/2013 00:00,London,364517,10276,687440,407972,378620,317791
01/10/2013 00:00,London,364036,10935,688986,412267,376248,317036
01/11/2013 00:00,London,368002,11427,691122,415452,381051,320700
01/12/2013 00:00,London,376865,10775,692509,419795,389340,330799
01/01/2014 00:00,London,380935,9966,713792,428187,394039,332643
01/02/2014 00:00,London,383125,9363,720130,430114,395142,335027
01/03/2014 00:00,London,386898,9537,718655,432201,399543,338856
01/04/2014 00:00,London,401818,9809,753354,450823,417658,350221
01/05/2014 00:00,London,409706,10155,758133,456558,424742,358500
01/06/2014 00:00,London,414499,10486,765372,461880,430951,362274
01/07/2014 00:00,London,426870,11340,797549,481308,446322,370704
01/08/2014 00:00,London,433311,11243,809398,487982,453668,376175
01/09/2014 00:00,London,432150,10437,808866,484912,450550,376165
01/10/2014 00:00,London,430684,10773,811288,487255,448727,374079
01/11/2014 00:00,London,429081,9095,813560,488474,447675,371698
01/12/2014 00:00,London,431324,9745,809718,485702,447972,375713
01/01/2015 00:00,London,431270,8142,813950,488347,447390,375213
01/02/2015 00:00,London,433331,7937,819365,490207,449594,377011
01/03/2015 00:00,London,433259,8847,817453,490590,449237,377054
01/04/2015 00:00,London,439403,8323,831623,497178,458552,381050
01/05/2015 00:00,London,445154,9059,830065,502358,461877,388044
01/06/2015 00:00,London,449070,10721,845281,510261,472264,387583
01/07/2015 00:00,London,462097,11980,862462,523818,485363,399661
01/08/2015 00:00,London,466924,10499,882257,532941,491141,402317
01/09/2015 00:00,London,470754,10686,898352,535045,493101,406620
01/10/2015 00:00,London,471562,10926,902988,543528,498203,403792
01/11/2015 00:00,London,476915,9752,907216,546726,501546,410233
01/12/2015 00:00,London,481806,9700,924977,555157,506423,413636
01/01/2016 00:00,London,489741,7927,927245,565808,514525,420791
01/02/2016 00:00,London,490055,8208,945791,569577,517078,418667
01/03/2016 00:00,London,497430,17501,956186,569116,522196,428100
01/04/2016 00:00,London,493598,5746,941342,570819,522178,422140
01/05/2016 00:00,London,500467,6617,946823,577360,527027,429665
01/06/2016 00:00,London,501147,8464,969028,579802,528898,428549
01/07/2016 00:00,London,509080,8794,977766,592642,539737,433809
01/08/2016 00:00,London,505256,8535,973357,588362,534258,431010
01/09/2016 00:00,London,505052,8275,967479,585075,532404,432378
01/10/2016 00:00,London,504240,8100,967074,585697,527800,432964
01/11/2016 00:00,London,504074,8178,970596,581678,526032,434133
01/12/2016 00:00,London,505701,8460,971090,581863,528923,435457
01/01/2017 00:00,London,509175,6931,977960,588733,533553,437425
01/02/2017 00:00,London,510351,7108,972135,582867,527996,443047
01/03/2017 00:00,London,508986,8659,978594,586584,531090,438548
01/04/2017 00:00,London,513641,7120,984368,587481,534019,444379
01/05/2017 00:00,London,514831,7874,974840,591484,533732,446007
01/06/2017 00:00,London,514028,9192,974960,588946,537017,443819
01/07/2017 00:00,London,522994,8494,988627,602596,546675,450908
01/08/2017 00:00,London,521450,8921,990413,600085,548281,448184
01/09/2017 00:00,London,517969,8239,999791,598676,542970,444743
01/10/2017 00:00,London,515752,7990,994932,600633,540448,442072
01/11/2017 00:00,London,509894,7629,977544,593401,534243,437397
01/12/2017 00:00,London,510491,7883,984333,593166,535721,437511
01/01/2018 00:00,London,513622,6584,980502,596970,536730,441502
01/02/2018 00:00,London,511574,6386,983191,594525,535523,439190
01/03/2018 00:00,London,505683,7350,974415,592105,533040,431941
01/04/2018 00:00,London,510925,6511,984143,599372,539640,435849
01/05/2018 00:00,London,512244,6980,988698,602142,544098,435602
01/06/2018 00:00,London,513792,8135,995338,608081,543874,436755
01/07/2018 00:00,London,518923,8303,1017079,612280,552250,440004
01/08/2018 00:00,London,513384,8975,999012,604001,545228,436242
01/09/2018 00:00,London,510167,7636,999174,604023,543199,432155
01/10/2018 00:00,London,513927,7956,1006131,606865,545702,436160
01/11/2018 00:00,London,507814,8130,1000252,601069,541148,429846
01/12/2018 00:00,London,506642,6957,984677,600080,536587,430393
01/01/2019 00:00,London,503232,6031,996114,598195,534159,426121
01/02/2019 00:00,London,498951,5967,982176,590898,530381,422821
01/03/2019 00:00,London,496910,6875,962984,586229,528621,421945
01/04/2019 00:00,London,502664,6063,971032,590556,535945,426945
01/05/2019 00:00,London,496339,6815,960929,586983,532387,419432
01/06/2019 00:00,London,503716,6991,977136,599469,537685,425915
01/07/2019 00:00,London,512265,8275,985490,601596,545967,435393
01/08/2019 00:00,London,506081,8797,988380,600892,547559,424976
01/09/2019 00:00,London,510810,7586,987421,598757,545433,433785
01/10/2019 00:00,London,506016,7901,986694,604812,541848,426466
01/11/2019 00:00,London,501829,7833,990235,600329,541731,420646
01/12/2019 00:00,London,512959,7107,994934,605146,549860,433845
01/01/2020 00:00,London,509527,6527,976741,600366,545159,431945
01/02/2020 00:00,London,507956,6465,999839,604905,548511,426206
01/03/2020 00:00,London,516654,6842,1004839,612235,553011,436597
01/04/2020 00:00,London,509754,3206,1009192,605806,549921,427955
01/05/2020 00:00,London,506613,2929,994054,602341,544391,426483
01/06/2020 00:00,London,513833,4511,992977,613671,558429,430062
01/07/2020 00:00,London,517966,5988,1007513,615880,559085,435364
01/08/2020 00:00,London,523954,6148,1026800,627678,570321,437230
01/09/2020 00:00,London,528003,7087,1030371,630723,575246,440934
01/10/2020 00:00,London,520515,8083,1028452,626489,571831,431367
01/11/2020 00:00,London,529444,7825,1050484,637779,581284,438632
01/12/2020 00:00,London,529060,9201,1048235,640537,583008,436892
01/01/2021 00:00,London,529101,8030,1028178,633069,575732,442097
01/02/2021 00:00,London,525153,10070,1019466,628394,569633,439619
01/03/2021 00:00,London,534311,16466,1023764,633357,577649,450063
01/04/2021 00:00,London,523423,9151,1032231,629937,568226,436460
01/05/2021 00:00,London,522672,7696,1032432,629779,567691,435476
01/06/2021 00:00,London,538199,26412,1044162,643890,591954,447070
01/07/2021 00:00,London,529788,3030,1053648,627542,564200,448420
01/08/2021 00:00,London,545831,6063,1094123,658035,592354,454212
01/09/2021 00:00,London,541876,12748,1080050,657828,594208,447568
01/10/2021 00:00,London,539606,4935,1111134,661716,587385,444620
01/11/2021 00:00,London,547647,6837,1114967,667860,593226,453822
01/12/2021 00:00,London,547837,7655,1110144,669304,599668,451268
01/01/2022 00:00,London,550635,6363,1115172,674273,603709,452858
01/02/2022 00:00,London,551066,7143,1120979,675151,599827,455139
01/03/2022 00:00,London,550480,8630,1126359,678002,602636,451643
01/04/2022 00:00,London,554765,7432,1126010,680406,610671,454612
01/05/2022 00:00,London,554380,7768,1137718,688592,611999,450631
01/06/2022 00:00,London,572418,8528,1163283,706654,631836,466965
01/07/2022 00:00,London,575261,9356,1160773,709549,639419,467596
01/08/2022 00:00,London,581320,9432,1182726,720113,646971,470873
01/09/2022 00:00,London,579330,9508,1187582,720216,644506,468325
01/10/2022 00:00,London,573946,8976,1175309,714950,640019,462931
01/11/2022 00:00,London,575480,8978,1186681,718324,641610,463480
01/12/2022 00:00,London,572384,8125,1177169,715829,636298,461725
01/01/2023 00:00,London,570869,6046,1176283,715072,632120,461366
01/02/2023 00:00,London,563875,5587,1162758,703621,623137,456791
01/03/2023 00:00,London,555361,6571,1144602,691159,608053,452865
01/04/2023 00:00,London,557147,4330,1147277,693063,615552,451930
01/05/2023 00:00,London,554900,4835,1127937,683701,610746,453179
01/06/2023 00:00,London,556107,6016,1139611,687132,617007,451136
01/07/2023 00:00,London,559703,6043,1148716,701941,626335,449451
01/08/2023 00:00,London,560630,6988,1158495,700590,627335,450401
01/09/2023 00:00,London,565702,6912,1148975,699001,631829,457504
01/10/2023 00:00,London,555122,6242,1121185,686504,615130,451271
01/11/2023 00:00,London,547757,6023,1122469,683330,607555,443076
01/12/2023 00:00,London,549112,5479,1112849,680704,609446,445438
01/01/2024 00:00,London,551097,5102,1114674,683824,612914,446441
01/02/2024 00:00,London,546842,5388,1102526,679969,608668,442650
01/03/2024 00:00,London,546337,5624,1100153,671154,606804,444504
01/04/2024 00:00,London,547053,5369,1106523,681377,609760,442090
01/05/2024 00:00,London,552004,6294,1104177,683856,616592,446805
01/06/2024 00:00,London,554985,5503,1122499,690031,622119,447311
01/07/2024 00:00,London,558599,6578,1135218,700864,631111,446742
01/08/2024 00:00,London,568347,6719,1145544,708261,641706,456050
01/09/2024 00:00,London,569222,5689,1170125,717014,641155,454936
01/10/2024 00:00,London,558566,6190,1137151,702021,628063,447609
01/11/2024 00:00,London,551252,4143,1106720,694406,618664,442541
01/12/2024 00:00,London,551281,,1118925,694697,620524,441283
01/01/2025 00:00,London,563899,,1146821,714073,637528,449486
01/04/1992 00:00,North East,40046,,,,,
01/05/1992 00:00,North East,40046,,,,,
01/06/1992 00:00,North East,40046,,,,,
01/07/1992 00:00,North East,38076,,,,,
01/08/1992 00:00,North East,38076,,,,,
01/09/1992 00:00,North East,38076,,,,,
01/10/1992 00:00,North East,40247,,,,,
01/11/1992 00:00,North East,40247,,,,,
01/12/1992 00:00,North East,40247,,,,,
01/01/1993 00:00,North East,38961,,,,,
01/02/1993 00:00,North East,38961,,,,,
01/03/1993 00:00,North East,38961,,,,,
01/04/1993 00:00,North East,40368,,,,,
01/05/1993 00:00,North East,40368,,,,,
01/06/1993 00:00,North East,40368,,,,,
01/07/1993 00:00,North East,41293,,,,,
01/08/1993 00:00,North East,41293,,,,,
01/09/1993 00:00,North East,41293,,,,,
01/10/1993 00:00,North East,40207,,,,,
01/11/1993 00:00,North East,40207,,,,,
01/12/1993 00:00,North East,40207,,,,,
01/01/1994 00:00,North East,40689,,,,,
01/02/1994 00:00,North East,40689,,,,,
01/03/1994 00:00,North East,40689,,,,,
01/04/1994 00:00,North East,40368,,,,,
01/05/1994 00:00,North East,40368,,,,,
01/06/1994 00:00,North East,40368,,,,,
01/07/1994 00:00,North East,42097,,,,,
01/08/1994 00:00,North East,42097,,,,,
01/09/1994 00:00,North East,42097,,,,,
01/10/1994 00:00,North East,42097,,,,,
01/11/1994 00:00,North East,42097,,,,,
01/12/1994 00:00,North East,42097,,,,,
01/01/1995 00:00,North East,39809,1983,74430,41158,31641,28566
01/02/1995 00:00,North East,40278,1986,74233,42096,31939,28892
01/03/1995 00:00,North East,40086,3052,74079,41578,32010,28584
01/04/1995 00:00,North East,39827,2406,73133,41321,31780,28785
01/05/1995 00:00,North East,40935,2857,74749,42624,32672,29510
01/06/1995 00:00,North East,40035,3251,73694,41654,31781,29097
01/07/1995 00:00,North East,40955,2719,76349,42348,32570,29478
01/08/1995 00:00,North East,39641,2969,73513,41191,31521,28359
01/09/1995 00:00,North East,39595,2983,72975,41132,31553,28448
01/10/1995 00:00,North East,39442,2674,73844,41159,31132,28098
01/11/1995 00:00,North East,39479,2620,73847,41206,31147,28205
01/12/1995 00:00,North East,40023,2859,74217,41840,31747,28329
01/01/1996 00:00,North East,38592,2020,73009,40230,30361,27400
01/02/1996 00:00,North East,38528,2113,71960,40385,30476,27003
01/03/1996 00:00,North East,39503,2893,74160,41561,31042,27712
01/04/1996 00:00,North East,39346,2604,73955,40808,31227,27902
01/05/1996 00:00,North East,40671,3464,75736,42375,32515,28168
01/06/1996 00:00,North East,40539,3235,75443,42053,32188,29264
01/07/1996 00:00,North East,40494,3382,76484,42092,31944,28842
01/08/1996 00:00,North East,41036,3671,77936,42565,32461,28827
01/09/1996 00:00,North East,40760,3347,76564,42338,32198,29289
01/10/1996 00:00,North East,40245,3477,76343,42016,31720,28083
01/11/1996 00:00,North East,40492,3932,76061,42240,32183,28032
01/12/1996 00:00,North East,40338,3270,75434,42122,32005,28259
01/01/1997 00:00,North East,40071,2548,75796,41719,31695,28027
01/02/1997 00:00,North East,40280,2458,76304,41970,31681,28564
01/03/1997 00:00,North East,40432,2850,76296,42067,32084,28158
01/04/1997 00:00,North East,41606,2951,78183,43313,32931,29423
01/05/1997 00:00,North East,41714,3704,78091,43633,33084,29046
01/06/1997 00:00,North East,42223,3977,79765,43892,33511,29409
01/07/1997 00:00,North East,43111,3920,81879,44786,34286,29564
01/08/1997 00:00,North East,42379,3962,79995,44086,33607,29582
01/09/1997 00:00,North East,41411,3505,78356,42944,32837,29079
01/10/1997 00:00,North East,41625,3876,79305,43453,32847,28672
01/11/1997 00:00,North East,41676,3345,78977,43470,32915,29010
01/12/1997 00:00,North East,41987,3634,79072,43931,33186,29210
01/01/1998 00:00,North East,41861,2522,79954,43379,33110,29179
01/02/1998 00:00,North East,41165,2488,77466,42963,32270,29776
01/03/1998 00:00,North East,42372,3106,79958,44265,33449,29680
01/04/1998 00:00,North East,42612,3350,80487,44465,33712,29677
01/05/1998 00:00,North East,42734,3735,80153,44431,33874,30329
01/06/1998 00:00,North East,43485,4051,81963,45230,34329,30948
01/07/1998 00:00,North East,43321,4312,82761,45025,34257,29923
01/08/1998 00:00,North East,44060,3542,83787,45691,34791,31078
01/09/1998 00:00,North East,44004,3468,84163,45697,34767,30492
01/10/1998 00:00,North East,43094,3853,82831,44823,33821,30101
01/11/1998 00:00,North East,43024,3383,82182,44810,33660,30625
01/12/1998 00:00,North East,43516,3542,81580,45286,34217,31679
01/01/1999 00:00,North East,43016,2317,81800,44951,33693,30450
01/02/1999 00:00,North East,41599,2436,78892,43541,32592,29431
01/03/1999 00:00,North East,43052,3338,82449,44940,33672,30283
01/04/1999 00:00,North East,43561,3623,82082,45296,34458,30875
01/05/1999 00:00,North East,43684,3550,82694,45463,34421,30987
01/06/1999 00:00,North East,45102,3962,85910,46787,35566,31828
01/07/1999 00:00,North East,45179,4474,86708,46645,35705,31628
01/08/1999 00:00,North East,45141,3994,85803,46629,35752,31958
01/09/1999 00:00,North East,45167,3778,86365,46558,35478,32667
01/10/1999 00:00,North East,46331,4285,88624,48117,36260,33115
01/11/1999 00:00,North East,46069,4106,87631,47703,36302,32867
01/12/1999 00:00,North East,45695,4060,86936,47218,36030,32729
01/01/2000 00:00,North East,45038,2564,86320,46798,35315,31811
01/02/2000 00:00,North East,45184,2752,86489,46868,35428,32151
01/03/2000 00:00,North East,46055,4035,88192,47961,36137,32303
01/04/2000 00:00,North East,46798,3866,89725,48434,36812,33080
01/05/2000 00:00,North East,47097,4015,90081,49004,36787,33667
01/06/2000 00:00,North East,46362,4684,87471,48283,36364,33484
01/07/2000 00:00,North East,47699,4091,92969,49288,37122,33944
01/08/2000 00:00,North East,47969,4113,93505,49768,37063,34503
01/09/2000 00:00,North East,46768,4199,90782,48490,36251,33638
01/10/2000 00:00,North East,46833,4027,90737,48860,36046,33938
01/11/2000 00:00,North East,46382,3769,90059,48156,35800,33646
01/12/2000 00:00,North East,47648,4389,91239,49596,36910,34832
01/01/2001 00:00,North East,47151,2668,91527,48885,36409,34317
01/02/2001 00:00,North East,46401,2821,89726,48125,35849,33916
01/03/2001 00:00,North East,46915,4154,89594,48661,36272,34981
01/04/2001 00:00,North East,48947,4007,94853,50567,37949,35614
01/05/2001 00:00,North East,49587,4362,94853,51377,38524,36400
01/06/2001 00:00,North East,49450,5178,94596,51113,38367,36691
01/07/2001 00:00,North East,50478,4856,98106,52197,38995,36871
01/08/2001 00:00,North East,52438,5348,101328,53903,40587,39108
01/09/2001 00:00,North East,50825,4363,98776,52303,39407,37188
01/10/2001 00:00,North East,51280,4786,99181,52954,39599,37983
01/11/2001 00:00,North East,51818,5406,99885,53643,39951,38545
01/12/2001 00:00,North East,52867,4533,100664,54492,40488,41596
01/01/2002 00:00,North East,51796,3238,101344,53573,39593,38659
01/02/2002 00:00,North East,52020,3451,100174,53437,40081,39695
01/03/2002 00:00,North East,53464,4895,101603,55151,41168,41380
