InitialTransformedData/HPIInitialTransform.csv
Date,RegionName,AveragePrice,SalesVolume,DetachedPrice,SemiDetachedPrice,TerracedPrice,FlatPrice
01/08/2017 00:00,North West,147268,10927,267742,158159,114175,107463
01/09/2017 00:00,North West,146802,10879,268794,157652,113614,106425
01/10/2017 00:00,North West,146383,10428,268237,158009,112800,105749
01/11/2017 00:00,North West,146851,10652,268405,158420,113077,106954
01/12/2017 00:00,North West,147837,10472,268898,159516,114520,106606
01/01/2018 00:00,North West,144796,7548,265367,156762,111189,104740
01/02/2018 00:00,North West,146586,8121,269110,157844,113099,105991
01/03/2018 00:00,North West,144823,9632,266324,156530,111920,102878
01/04/2018 00:00,North West,146818,8142,268624,158710,113807,104335
01/05/2018 00:00,North West,147799,9330,269405,159568,114848,105415
01/06/2018 00:00,North West,149186,10916,271787,161441,115568,106681
01/07/2018 00:00,North West,151077,9863,277025,163434,116930,107165
01/08/2018 00:00,North West,151772,11323,277552,164081,117657,107893
01/09/2018 00:00,North West,151750,9316,278336,164210,117114,108320
01/10/2018 00:00,North West,152467,10808,279480,165068,117656,108822
01/11/2018 00:00,North West,151860,11510,278412,164688,117221,107768
01/12/2018 00:00,North West,151471,9399,276579,164059,117103,108191
01/01/2019 00:00,North West,150205,7213,276585,163001,115222,107354
01/02/2019 00:00,North West,150818,8379,277083,163101,116343,107640
01/03/2019 00:00,North West,149518,9346,274490,162880,114804,105969
01/04/2019 00:00,North West,150992,8505,276628,163821,116850,106367
01/05/2019 00:00,North West,152604,9787,278758,165570,118420,107250
01/06/2019 00:00,North West,152440,9618,276893,165661,118144,108039
01/07/2019 00:00,North West,154588,9847,281968,167376,119747,110088
01/08/2019 00:00,North West,156053,10769,285072,168895,121567,109296
01/09/2019 00:00,North West,155419,9532,283546,168014,120796,110129
01/10/2019 00:00,North West,155204,10330,281793,169158,120062,109720
01/11/2019 00:00,North West,154553,10721,282360,168559,119683,107597
01/12/2019 00:00,North West,153685,9462,280037,167340,119527,106726
01/01/2020 00:00,North West,153141,7795,280532,167004,118307,106836
01/02/2020 00:00,North West,153325,7806,279451,166763,119434,106373
01/03/2020 00:00,North West,155025,7883,283447,168436,120141,108756
01/04/2020 00:00,North West,152528,3162,282122,166126,118211,104089
01/05/2020 00:00,North West,152857,4431,280922,166764,117994,106126
01/06/2020 00:00,North West,157055,6449,284817,171237,122623,108492
01/07/2020 00:00,North West,159413,7407,289541,173685,123866,111466
01/08/2020 00:00,North West,161286,7879,295270,176014,124937,111599
01/09/2020 00:00,North West,162250,8791,297700,176615,126044,111786
01/10/2020 00:00,North West,165484,10568,303415,180257,128798,113367
01/11/2020 00:00,North West,166199,10429,302940,180687,129934,114316
01/12/2020 00:00,North West,169085,11097,308859,183524,132191,116407
01/01/2021 00:00,North West,170526,9044,303132,185272,133704,121901
01/02/2021 00:00,North West,173134,11431,307353,187254,136632,123497
01/03/2021 00:00,North West,175992,15003,311238,189724,138980,127528
01/04/2021 00:00,North West,172587,10414,308544,186236,136183,122389
01/05/2021 00:00,North West,172994,9652,308768,187000,136700,121862
01/06/2021 00:00,North West,187330,17317,328749,201014,150180,133698
01/07/2021 00:00,North West,171845,8974,305856,186456,135600,120772
01/08/2021 00:00,North West,178467,10651,319127,194022,141174,122627
01/09/2021 00:00,North West,187266,16386,330202,202355,149684,130665
01/10/2021 00:00,North West,177157,8055,322136,192647,138392,122235
01/11/2021 00:00,North West,182712,9761,328710,198842,143236,127025
01/12/2021 00:00,North West,185573,10645,330758,201075,147248,128498
01/01/2022 00:00,North West,186704,7910,333674,203407,147179,128871
01/02/2022 00:00,North West,187066,8905,334546,203345,147628,129511
01/03/2022 00:00,North West,187958,10287,336558,204819,148181,129012
01/04/2022 00:00,North West,191021,9370,340153,207556,151372,131946
01/05/2022 00:00,North West,192942,9159,343211,210349,152871,132016
01/06/2022 00:00,North West,194417,9379,345876,211589,154393,132815
01/07/2022 00:00,North West,199323,10309,353897,217450,158654,134532
01/08/2022 00:00,North West,200868,10338,358030,218892,159883,134900
01/09/2022 00:00,North West,202921,10294,360779,220729,161689,137515
01/10/2022 00:00,North West,202008,9928,361792,220172,160285,135495
01/11/2022 00:00,North West,202872,10311,363478,220729,161224,136103
01/12/2022 00:00,North West,200795,9553,357409,218655,159750,135862
01/01/2023 00:00,North West,197527,6717,356049,216054,155595,131992
01/02/2023 00:00,North West,196497,7027,353911,213899,155055,132510
01/03/2023 00:00,North West,194453,7884,352303,212845,151909,131730
01/04/2023 00:00,North West,194385,5696,352542,212895,152134,130637
01/05/2023 00:00,North West,196419,6135,353493,214691,154398,132545
01/06/2023 00:00,North West,197880,7426,354432,215416,156671,133222
01/07/2023 00:00,North West,199014,7032,356819,217916,156714,133711
01/08/2023 00:00,North West,200408,7895,358024,218386,158788,134786
01/09/2023 00:00,North West,200657,7828,357187,218360,158889,136343
01/10/2023 00:00,North West,200939,7685,358489,219093,158805,136125
01/11/2023 00:00,North West,199536,7363,359479,217909,157170,134015
01/12/2023 00:00,North West,200245,6990,356951,218108,158704,135144
01/01/2024 00:00,North West,196802,5688,354706,215018,154860,132307
01/02/2024 00:00,North West,196434,6267,349704,214655,155809,131562
01/03/2024 00:00,North West,198797,7004,354491,216803,157133,134930
01/04/2024 00:00,North West,198911,6087,353218,217131,157732,134284
01/05/2024 00:00,North West,203260,7465,359479,222208,160952,138089
01/06/2024 00:00,North West,202296,6320,357739,220496,161497,135433
01/07/2024 00:00,North West,203984,7215,359399,223000,162751,136407
01/08/2024 00:00,North West,208809,7355,369840,227715,167082,138293
01/09/2024 00:00,North West,209297,6305,375446,228725,166146,138123
01/10/2024 00:00,North West,209660,6852,373710,228421,166733,140318
01/11/2024 00:00,North West,211627,5763,374848,231116,168407,141811
01/12/2024 00:00,North West,210503,,376722,229822,167171,139674
01/01/2025 00:00,North West,210259,,376571,229738,167466,137852
01/04/1968 00:00,Northern Ireland,3465,,,,,
01/05/1968 00:00,Northern Ireland,3465,,,,,
01/06/1968 00:00,Northern Ireland,3465,,,,,
01/07/1968 00:00,Northern Ireland,3326,,,,,
01/08/1968 00:00,Northern Ireland,3326,,,,,
01/09/1968 00:00,Northern Ireland,3326,,,,,
01/10/1968 00:00,Northern Ireland,3704,,,,,
01/11/1968 00:00,Northern Ireland,3704,,,,,
01/12/1968 00:00,Northern Ireland,3704,,,,,
01/01/1969 00:00,Northern Ireland,3485,,,,,
01/02/1969 00:00,Northern Ireland,3485,,,,,
01/03/1969 00:00,Northern Ireland,3485,,,,,
01/04/1969 00:00,Northern Ireland,3684,,,,,
01/05/1969 00:00,Northern Ireland,3684,,,,,
01/06/1969 00:00,Northern Ireland,3684,,,,,
01/07/1969 00:00,Northern Ireland,3425,,,,,
01/08/1969 00:00,Northern Ireland,3425,,,,,
01/09/1969 00:00,Northern Ireland,3425,,,,,
01/10/1969 00:00,Northern Ireland,3505,,,,,
01/11/1969 00:00,Northern Ireland,3505,,,,,
01/12/1969 00:00,Northern Ireland,3505,,,,,
01/01/1970 00:00,Northern Ireland,3784,,,,,
01/02/1970 00:00,Northern Ireland,3784,,,,,
01/03/1970 00:00,Northern Ireland,3784,,,,,
01/04/1970 00:00,Northern Ireland,3744,,,,,
01/05/1970 00:00,Northern Ireland,3744,,,,,
01/06/1970 00:00,Northern Ireland,3744,,,,,
01/07/1970 00:00,Northern Ireland,3883,,,,,
01/08/1970 00:00,Northern Ireland,3883,,,,,
01/09/1970 00:00,Northern Ireland,3883,,,,,
01/10/1970 00:00,Northern Ireland,3764,,,,,
01/11/1970 00:00,Northern Ireland,3764,,,,,
01/12/1970 00:00,Northern Ireland,3764,,,,,
01/01/1971 00:00,Northern Ireland,4062,,,,,
01/02/1971 00:00,Northern Ireland,4062,,,,,
01/03/1971 00:00,Northern Ireland,4062,,,,,
01/04/1971 00:00,Northern Ireland,4062,,,,,
01/05/1971 00:00,Northern Ireland,4062,,,,,
01/06/1971 00:00,Northern Ireland,4062,,,,,
01/07/1971 00:00,Northern Ireland,4242,,,,,
01/08/1971 00:00,Northern Ireland,4242,,,,,
01/09/1971 00:00,Northern Ireland,4242,,,,,
01/10/1971 00:00,Northern Ireland,3903,,,,,
01/11/1971 00:00,Northern Ireland,3903,,,,,
01/12/1971 00:00,Northern Ireland,3903,,,,,
01/01/1972 00:00,Northern Ireland,4222,,,,,
01/02/1972 00:00,Northern Ireland,4222,,,,,
01/03/1972 00:00,Northern Ireland,4222,,,,,
01/04/1972 00:00,Northern Ireland,4282,,,,,
01/05/1972 00:00,Northern Ireland,4282,,,,,
01/06/1972 00:00,Northern Ireland,4282,,,,,
01/07/1972 00:00,Northern Ireland,4979,,,,,
01/08/1972 00:00,Northern Ireland,4979,,,,,
01/09/1972 00:00,Northern Ireland,4979,,,,,
01/10/1972 00:00,Northern Ireland,4481,,,,,
01/11/1972 00:00,Northern Ireland,4481,,,,,
01/12/1972 00:00,Northern Ireland,4481,,,,,
01/01/1973 00:00,Northern Ireland,4640,,,,,
01/02/1973 00:00,Northern Ireland,4640,,,,,
01/03/1973 00:00,Northern Ireland,4640,,,,,
01/04/1973 00:00,Northern Ireland,4839,,,,,
01/05/1973 00:00,Northern Ireland,4839,,,,,
01/06/1973 00:00,Northern Ireland,4839,,,,,
01/07/1973 00:00,Northern Ireland,5118,,,,,
01/08/1973 00:00,Northern Ireland,5118,,,,,
01/09/1973 00:00,Northern Ireland,5118,,,,,
01/10/1973 00:00,Northern Ireland,6014,,,,,
01/11/1973 00:00,Northern Ireland,6014,,,,,
01/12/1973 00:00,Northern Ireland,6014,,,,,
01/01/1974 00:00,Northern Ireland,6572,,,,,
01/02/1974 00:00,Northern Ireland,6572,,,,,
01/03/1974 00:00,Northern Ireland,6572,,,,,
01/04/1974 00:00,Northern Ireland,7089,,,,,
01/05/1974 00:00,Northern Ireland,7089,,,,,
01/06/1974 00:00,Northern Ireland,7089,,,,,
01/07/1974 00:00,Northern Ireland,7169,,,,,
01/08/1974 00:00,Northern Ireland,7169,,,,,
01/09/1974 00:00,Northern Ireland,7169,,,,,
01/10/1974 00:00,Northern Ireland,6930,,,,,
01/11/1974 00:00,Northern Ireland,6930,,,,,
01/12/1974 00:00,Northern Ireland,6930,,,,,
01/01/1975 00:00,Northern Ireland,7627,,,,,
01/02/1975 00:00,Northern Ireland,7627,,,,,
01/03/1975 00:00,Northern Ireland,7627,,,,,
01/04/1975 00:00,Northern Ireland,7767,,,,,
01/05/1975 00:00,Northern Ireland,7767,,,,,
01/06/1975 00:00,Northern Ireland,7767,,,,,
01/07/1975 00:00,Northern Ireland,8702,,,,,
01/08/1975 00:00,Northern Ireland,8702,,,,,
01/09/1975 00:00,Northern Ireland,8702,,,,,
01/10/1975 00:00,Northern Ireland,8902,,,,,
01/11/1975 00:00,Northern Ireland,8902,,,,,
01/12/1975 00:00,Northern Ireland,8902,,,,,
01/01/1976 00:00,Northern Ireland,9937,,,,,
01/02/1976 00:00,Northern Ireland,9937,,,,,
01/03/1976 00:00,Northern Ireland,9937,,,,,
01/04/1976 00:00,Northern Ireland,9957,,,,,
01/05/1976 00:00,Northern Ireland,9957,,,,,
01/06/1976 00:00,Northern Ireland,9957,,,,,
01/07/1976 00:00,Northern Ireland,11670,,,,,
01/08/1976 00:00,Northern Ireland,11670,,,,,
01/09/1976 00:00,Northern Ireland,11670,,,,,
01/10/1976 00:00,Northern Ireland,10893,,,,,
01/11/1976 00:00,Northern Ireland,10893,,,,,
01/12/1976 00:00,Northern Ireland,10893,,,,,
01/01/1977 00:00,Northern Ireland,12168,,,,,
01/02/1977 00:00,Northern Ireland,12168,,,,,
01/03/1977 00:00,Northern Ireland,12168,,,,,
01/04/1977 00:00,Northern Ireland,12765,,,,,
01/05/1977 00:00,Northern Ireland,12765,,,,,
01/06/1977 00:00,Northern Ireland,12765,,,,,
01/07/1977 00:00,Northern Ireland,12944,,,,,
01/08/1977 00:00,Northern Ireland,12944,,,,,
01/09/1977 00:00,Northern Ireland,12944,,,,,
01/10/1977 00:00,Northern Ireland,13342,,,,,
01/11/1977 00:00,Northern Ireland,13342,,,,,
01/12/1977 00:00,Northern Ireland,13342,,,,,
01/01/1978 00:00,Northern Ireland,13741,,,,,
01/02/1978 00:00,Northern Ireland,13741,,,,,
01/03/1978 00:00,Northern Ireland,13741,,,,,
01/04/1978 00:00,Northern Ireland,14318,,,,,
01/05/1978 00:00,Northern Ireland,14318,,,,,
01/06/1978 00:00,Northern Ireland,14318,,,,,
01/07/1978 00:00,Northern Ireland,15175,,,,,
01/08/1978 00:00,Northern Ireland,15175,,,,,
01/09/1978 00:00,Northern Ireland,15175,,,,,
01/10/1978 00:00,Northern Ireland,16150,,,,,
01/11/1978 00:00,Northern Ireland,16150,,,,,
01/12/1978 00:00,Northern Ireland,16150,,,,,
01/01/1979 00:00,Northern Ireland,15812,,,,,
01/02/1979 00:00,Northern Ireland,15812,,,,,
01/03/1979 00:00,Northern Ireland,15812,,,,,
01/04/1979 00:00,Northern Ireland,17047,,,,,
01/05/1979 00:00,Northern Ireland,17047,,,,,
01/06/1979 00:00,Northern Ireland,17047,,,,,
01/07/1979 00:00,Northern Ireland,18918,,,,,
01/08/1979 00:00,Northern Ireland,18918,,,,,
01/09/1979 00:00,Northern Ireland,18918,,,,,
01/10/1979 00:00,Northern Ireland,20233,,,,,
01/11/1979 00:00,Northern Ireland,20233,,,,,
01/12/1979 00:00,Northern Ireland,20233,,,,,
01/01/1980 00:00,Northern Ireland,18918,,,,,
01/02/1980 00:00,Northern Ireland,18918,,,,,
01/03/1980 00:00,Northern Ireland,18918,,,,,
01/04/1980 00:00,Northern Ireland,19775,,,,,
01/05/1980 00:00,Northern Ireland,19775,,,,,
01/06/1980 00:00,Northern Ireland,19775,,,,,
01/07/1980 00:00,Northern Ireland,21169,,,,,
01/08/1980 00:00,Northern Ireland,21169,,,,,
01/09/1980 00:00,Northern Ireland,21169,,,,,
01/10/1980 00:00,Northern Ireland,19854,,,,,
01/11/1980 00:00,Northern Ireland,19854,,,,,
01/12/1980 00:00,Northern Ireland,19854,,,,,
01/01/1981 00:00,Northern Ireland,19217,,,,,
01/02/1981 00:00,Northern Ireland,19217,,,,,
01/03/1981 00:00,Northern Ireland,19217,,,,,
01/04/1981 00:00,Northern Ireland,18918,,,,,
01/05/1981 00:00,Northern Ireland,18918,,,,,
01/06/1981 00:00,Northern Ireland,18918,,,,,
01/07/1981 00:00,Northern Ireland,19496,,,,,
01/08/1981 00:00,Northern Ireland,19496,,,,,
01/09/1981 00:00,Northern Ireland,19496,,,,,
01/10/1981 00:00,Northern Ireland,19775,,,,,
01/11/1981 00:00,Northern Ireland,19775,,,,,
01/12/1981 00:00,Northern Ireland,19775,,,,,
01/01/1982 00:00,Northern Ireland,19277,,,,,
01/02/1982 00:00,Northern Ireland,19277,,,,,
01/03/1982 00:00,Northern Ireland,19277,,,,,
01/04/1982 00:00,Northern Ireland,20392,,,,,
01/05/1982 00:00,Northern Ireland,20392,,,,,
01/06/1982 00:00,Northern Ireland,20392,,,,,
01/07/1982 00:00,Northern Ireland,20014,,,,,
01/08/1982 00:00,Northern Ireland,20014,,,,,
01/09/1982 00:00,Northern Ireland,20014,,,,,
01/10/1982 00:00,Northern Ireland,20930,,,,,
01/11/1982 00:00,Northern Ireland,20930,,,,,
01/12/1982 00:00,Northern Ireland,20930,,,,,
01/01/1983 00:00,Northern Ireland,19914,,,,,
01/02/1983 00:00,Northern Ireland,19914,,,,,
01/03/1983 00:00,Northern Ireland,19914,,,,,
01/04/1983 00:00,Northern Ireland,21706,,,,,
01/05/1983 00:00,Northern Ireland,21706,,,,,
01/06/1983 00:00,Northern Ireland,21706,,,,,
01/07/1983 00:00,Northern Ireland,23100,,,,,
01/08/1983 00:00,Northern Ireland,23100,,,,,
01/09/1983 00:00,Northern Ireland,23100,,,,,
01/10/1983 00:00,Northern Ireland,23100,,,,,
01/11/1983 00:00,Northern Ireland,23100,,,,,
01/12/1983 00:00,Northern Ireland,23100,,,,,
01/01/1984 00:00,Northern Ireland,22901,,,,,
01/02/1984 00:00,Northern Ireland,22901,,,,,
01/03/1984 00:00,Northern Ireland,22901,,,,,
01/04/1984 00:00,Northern Ireland,22105,,,,,
01/05/1984 00:00,Northern Ireland,22105,,,,,
01/06/1984 00:00,Northern Ireland,22105,,,,,
01/07/1984 00:00,Northern Ireland,22503,,,,,
01/08/1984 00:00,Northern Ireland,22503,,,,,
01/09/1984 00:00,Northern Ireland,22503,,,,,
01/10/1984 00:00,Northern Ireland,22503,,,,,
01/11/1984 00:00,Northern Ireland,22503,,,,,
01/12/1984 00:00,Northern Ireland,22503,,,,,
01/01/1985 00:00,Northern Ireland,23100,,,,,
01/02/1985 00:00,Northern Ireland,23100,,,,,
01/03/1985 00:00,Northern Ireland,23100,,,,,
01/04/1985 00:00,Northern Ireland,22702,,,,,
01/05/1985 00:00,Northern Ireland,22702,,,,,
01/06/1985 00:00,Northern Ireland,22702,,,,,
01/07/1985 00:00,Northern Ireland,24694,,,,,
01/08/1985 00:00,Northern Ireland,24694,,,,,
01/09/1985 00:00,Northern Ireland,24694,,,,,
01/10/1985 00:00,Northern Ireland,24893,,,,,
01/11/1985 00:00,Northern Ireland,24893,,,,,
01/12/1985 00:00,Northern Ireland,24893,,,,,
01/01/1986 00:00,Northern Ireland,25092,,,,,
01/02/1986 00:00,Northern Ireland,25092,,,,,
01/03/1986 00:00,Northern Ireland,25092,,,,,
01/04/1986 00:00,Northern Ireland,26287,,,,,
01/05/1986 00:00,Northern Ireland,26287,,,,,
01/06/1986 00:00,Northern Ireland,26287,,,,,
01/07/1986 00:00,Northern Ireland,26088,,,,,
01/08/1986 00:00,Northern Ireland,26088,,,,,
01/09/1986 00:00,Northern Ireland,26088,,,,,
01/10/1986 00:00,Northern Ireland,26486,,,,,
01/11/1986 00:00,Northern Ireland,26486,,,,,
01/12/1986 00:00,Northern Ireland,26486,,,,,
01/01/1987 00:00,Northern Ireland,26486,,,,,
01/02/1987 00:00,Northern Ireland,26486,,,,,
01/03/1987 00:00,Northern Ireland,26486,,,,,
01/04/1987 00:00,Northern Ireland,27681,,,,,
01/05/1987 00:00,Northern Ireland,27681,,,,,
01/06/1987 00:00,Northern Ireland,27681,,,,,
01/07/1987 00:00,Northern Ireland,27282,,,,,
01/08/1987 00:00,Northern Ireland,27282,,,,,
01/09/1987 00:00,Northern Ireland,27282,,,,,
01/10/1987 00:00,Northern Ireland,27355,,,,,
01/11/1987 00:00,Northern Ireland,27355,,,,,
01/12/1987 00:00,Northern Ireland,27355,,,,,
01/01/1988 00:00,Northern Ireland,28075,,,,,
01/02/1988 00:00,Northern Ireland,28075,,,,,
01/03/1988 00:00,Northern Ireland,28075,,,,,
01/04/1988 00:00,Northern Ireland,28315,,,,,
01/05/1988 00:00,Northern Ireland,28315,,,,,
01/06/1988 00:00,Northern Ireland,28315,,,,,
01/07/1988 00:00,Northern Ireland,28555,,,,,
01/08/1988 00:00,Northern Ireland,28555,,,,,
01/09/1988 00:00,Northern Ireland,28555,,,,,
01/10/1988 00:00,Northern Ireland,29035,,,,,
01/11/1988 00:00,Northern Ireland,29035,,,,,
01/12/1988 00:00,Northern Ireland,29035,,,,,
01/01/1989 00:00,Northern Ireland,31435,,,,,
01/02/1989 00:00,Northern Ireland,31435,,,,,
01/03/1989 00:00,Northern Ireland,31435,,,,,
01/04/1989 00:00,Northern Ireland,27355,,,,,
01/05/1989 00:00,Northern Ireland,27355,,,,,
01/06/1989 00:00,Northern Ireland,27355,,,,,
01/07/1989 00:00,Northern Ireland,31914,,,,,
01/08/1989 00:00,Northern Ireland,31914,,,,,
01/09/1989 00:00,Northern Ireland,31914,,,,,
01/10/1989 00:00,Northern Ireland,28315,,,,,
01/11/1989 00:00,Northern Ireland,28315,,,,,
01/12/1989 00:00,Northern Ireland,28315,,,,,
01/01/1990 00:00,Northern Ireland,30482,,,,,
