InitialTransformedData/HPIInitialTransform.csv
Date,RegionName,AveragePrice,SalesVolume,DetachedPrice,SemiDetachedPrice,TerracedPrice,FlatPrice
01/02/1990 00:00,Northern Ireland,30482,,,,,
01/03/1990 00:00,Northern Ireland,30482,,,,,
01/04/1990 00:00,Northern Ireland,31017,,,,,
01/05/1990 00:00,Northern Ireland,31017,,,,,
01/06/1990 00:00,Northern Ireland,31017,,,,,
01/07/1990 00:00,Northern Ireland,30923,,,,,
01/08/1990 00:00,Northern Ireland,30923,,,,,
01/09/1990 00:00,Northern Ireland,30923,,,,,
01/10/1990 00:00,Northern Ireland,33817,,,,,
01/11/1990 00:00,Northern Ireland,33817,,,,,
01/12/1990 00:00,Northern Ireland,33817,,,,,
01/01/1991 00:00,Northern Ireland,33439,,,,,
01/02/1991 00:00,Northern Ireland,33439,,,,,
01/03/1991 00:00,Northern Ireland,33439,,,,,
01/04/1991 00:00,Northern Ireland,32118,,,,,
01/05/1991 00:00,Northern Ireland,32118,,,,,
01/06/1991 00:00,Northern Ireland,32118,,,,,
01/07/1991 00:00,Northern Ireland,33471,,,,,
01/08/1991 00:00,Northern Ireland,33471,,,,,
01/09/1991 00:00,Northern Ireland,33471,,,,,
01/10/1991 00:00,Northern Ireland,36019,,,,,
01/11/1991 00:00,Northern Ireland,36019,,,,,
01/12/1991 00:00,Northern Ireland,36019,,,,,
01/01/1992 00:00,Northern Ireland,32716,,,,,
01/02/1992 00:00,Northern Ireland,32716,,,,,
01/03/1992 00:00,Northern Ireland,32716,,,,,
01/04/1992 00:00,Northern Ireland,33943,,,,,
01/05/1992 00:00,Northern Ireland,33943,,,,,
01/06/1992 00:00,Northern Ireland,33943,,,,,
01/07/1992 00:00,Northern Ireland,34745,,,,,
01/08/1992 00:00,Northern Ireland,34745,,,,,
01/09/1992 00:00,Northern Ireland,34745,,,,,
01/10/1992 00:00,Northern Ireland,35024,,,,,
01/11/1992 00:00,Northern Ireland,35024,,,,,
01/12/1992 00:00,Northern Ireland,35024,,,,,
01/01/1993 00:00,Northern Ireland,33803,,,,,
01/02/1993 00:00,Northern Ireland,33803,,,,,
01/03/1993 00:00,Northern Ireland,33803,,,,,
01/04/1993 00:00,Northern Ireland,34187,,,,,
01/05/1993 00:00,Northern Ireland,34187,,,,,
01/06/1993 00:00,Northern Ireland,34187,,,,,
01/07/1993 00:00,Northern Ireland,37675,,,,,
01/08/1993 00:00,Northern Ireland,37675,,,,,
01/09/1993 00:00,Northern Ireland,37675,,,,,
01/10/1993 00:00,Northern Ireland,34396,,,,,
01/11/1993 00:00,Northern Ireland,34396,,,,,
01/12/1993 00:00,Northern Ireland,34396,,,,,
01/01/1994 00:00,Northern Ireland,36140,,,,,
01/02/1994 00:00,Northern Ireland,36140,,,,,
01/03/1994 00:00,Northern Ireland,36140,,,,,
01/04/1994 00:00,Northern Ireland,33385,,,,,
01/05/1994 00:00,Northern Ireland,33385,,,,,
01/06/1994 00:00,Northern Ireland,33385,,,,,
01/07/1994 00:00,Northern Ireland,38094,,,,,
01/08/1994 00:00,Northern Ireland,38094,,,,,
01/09/1994 00:00,Northern Ireland,38094,,,,,
01/10/1994 00:00,Northern Ireland,37780,,,,,
01/11/1994 00:00,Northern Ireland,37780,,,,,
01/12/1994 00:00,Northern Ireland,37780,,,,,
01/01/1995 00:00,Northern Ireland,40013,,,,,
01/02/1995 00:00,Northern Ireland,40013,,,,,
01/03/1995 00:00,Northern Ireland,40013,,,,,
01/04/1995 00:00,Northern Ireland,40396,,,,,
01/05/1995 00:00,Northern Ireland,40396,,,,,
01/06/1995 00:00,Northern Ireland,40396,,,,,
01/07/1995 00:00,Northern Ireland,40606,,,,,
01/08/1995 00:00,Northern Ireland,40606,,,,,
01/09/1995 00:00,Northern Ireland,40606,,,,,
01/10/1995 00:00,Northern Ireland,41234,,,,,
01/11/1995 00:00,Northern Ireland,41234,,,,,
01/12/1995 00:00,Northern Ireland,41234,,,,,
01/01/1996 00:00,Northern Ireland,41408,,,,,
01/02/1996 00:00,Northern Ireland,41408,,,,,
01/03/1996 00:00,Northern Ireland,41408,,,,,
01/04/1996 00:00,Northern Ireland,44059,,,,,
01/05/1996 00:00,Northern Ireland,44059,,,,,
01/06/1996 00:00,Northern Ireland,44059,,,,,
01/07/1996 00:00,Northern Ireland,43990,,,,,
01/08/1996 00:00,Northern Ireland,43990,,,,,
01/09/1996 00:00,Northern Ireland,43990,,,,,
01/10/1996 00:00,Northern Ireland,47408,,,,,
01/11/1996 00:00,Northern Ireland,47408,,,,,
01/12/1996 00:00,Northern Ireland,47408,,,,,
01/01/1997 00:00,Northern Ireland,49292,,,,,
01/02/1997 00:00,Northern Ireland,49292,,,,,
01/03/1997 00:00,Northern Ireland,49292,,,,,
01/04/1997 00:00,Northern Ireland,46641,,,,,
01/05/1997 00:00,Northern Ireland,46641,,,,,
01/06/1997 00:00,Northern Ireland,46641,,,,,
01/07/1997 00:00,Northern Ireland,49745,,,,,
01/08/1997 00:00,Northern Ireland,49745,,,,,
01/09/1997 00:00,Northern Ireland,49745,,,,,
01/10/1997 00:00,Northern Ireland,49501,,,,,
01/11/1997 00:00,Northern Ireland,49501,,,,,
01/12/1997 00:00,Northern Ireland,49501,,,,,
01/01/1998 00:00,Northern Ireland,50269,,,,,
01/02/1998 00:00,Northern Ireland,50269,,,,,
01/03/1998 00:00,Northern Ireland,50269,,,,,
01/04/1998 00:00,Northern Ireland,53373,,,,,
01/05/1998 00:00,Northern Ireland,53373,,,,,
01/06/1998 00:00,Northern Ireland,53373,,,,,
01/07/1998 00:00,Northern Ireland,54280,,,,,
01/08/1998 00:00,Northern Ireland,54280,,,,,
01/09/1998 00:00,Northern Ireland,54280,,,,,
01/10/1998 00:00,Northern Ireland,56199,,,,,
01/11/1998 00:00,Northern Ireland,56199,,,,,
01/12/1998 00:00,Northern Ireland,56199,,,,,
01/01/1999 00:00,Northern Ireland,58502,,,,,
01/02/1999 00:00,Northern Ireland,58502,,,,,
01/03/1999 00:00,Northern Ireland,58502,,,,,
01/04/1999 00:00,Northern Ireland,57141,,,,,
01/05/1999 00:00,Northern Ireland,57141,,,,,
01/06/1999 00:00,Northern Ireland,57141,,,,,
01/07/1999 00:00,Northern Ireland,59688,,,,,
01/08/1999 00:00,Northern Ireland,59688,,,,,
01/09/1999 00:00,Northern Ireland,59688,,,,,
01/10/1999 00:00,Northern Ireland,59548,,,,,
01/11/1999 00:00,Northern Ireland,59548,,,,,
01/12/1999 00:00,Northern Ireland,59548,,,,,
01/01/2000 00:00,Northern Ireland,63316,,,,,
01/02/2000 00:00,Northern Ireland,63316,,,,,
01/03/2000 00:00,Northern Ireland,63316,,,,,
01/04/2000 00:00,Northern Ireland,64292,,,,,
01/05/2000 00:00,Northern Ireland,64292,,,,,
01/06/2000 00:00,Northern Ireland,64292,,,,,
01/07/2000 00:00,Northern Ireland,64885,,,,,
01/08/2000 00:00,Northern Ireland,64885,,,,,
01/09/2000 00:00,Northern Ireland,64885,,,,,
01/10/2000 00:00,Northern Ireland,70432,,,,,
01/11/2000 00:00,Northern Ireland,70432,,,,,
01/12/2000 00:00,Northern Ireland,70432,,,,,
01/01/2001 00:00,Northern Ireland,77409,,,,,
01/02/2001 00:00,Northern Ireland,77409,,,,,
01/03/2001 00:00,Northern Ireland,77409,,,,,
01/04/2001 00:00,Northern Ireland,71304,,,,,
01/05/2001 00:00,Northern Ireland,71304,,,,,
01/06/2001 00:00,Northern Ireland,71304,,,,,
01/07/2001 00:00,Northern Ireland,75002,,,,,
01/08/2001 00:00,Northern Ireland,75002,,,,,
01/09/2001 00:00,Northern Ireland,75002,,,,,
01/10/2001 00:00,Northern Ireland,68444,,,,,
01/11/2001 00:00,Northern Ireland,68444,,,,,
01/12/2001 00:00,Northern Ireland,68444,,,,,
01/01/2002 00:00,Northern Ireland,69239,,,,,
01/02/2002 00:00,Northern Ireland,73502,,,,,
01/03/2002 00:00,Northern Ireland,77765,,,,,
01/04/2002 00:00,Northern Ireland,79382,,,,,
01/05/2002 00:00,Northern Ireland,79456,,,,,
01/06/2002 00:00,Northern Ireland,82469,,,,,
01/07/2002 00:00,Northern Ireland,81955,,,,,
01/08/2002 00:00,Northern Ireland,83425,,,,,
01/09/2002 00:00,Northern Ireland,87100,,,,,
01/10/2002 00:00,Northern Ireland,83351,,,,,
01/11/2002 00:00,Northern Ireland,84233,,,,,
01/12/2002 00:00,Northern Ireland,84160,,,,,
01/01/2003 00:00,Northern Ireland,86144,,,,,
01/02/2003 00:00,Northern Ireland,85483,,,,,
01/03/2003 00:00,Northern Ireland,84601,,,,,
01/04/2003 00:00,Northern Ireland,89672,,,,,
01/05/2003 00:00,Northern Ireland,85483,,,,,
01/06/2003 00:00,Northern Ireland,88496,,,,,
01/07/2003 00:00,Northern Ireland,85703,,,,,
01/08/2003 00:00,Northern Ireland,90481,,,,,
01/09/2003 00:00,Northern Ireland,87835,,,,,
01/10/2003 00:00,Northern Ireland,90407,,,,,
01/11/2003 00:00,Northern Ireland,87100,,,,,
01/12/2003 00:00,Northern Ireland,88864,,,,,
01/01/2004 00:00,Northern Ireland,91436,,,,,
01/02/2004 00:00,Northern Ireland,91069,,,,,
01/03/2004 00:00,Northern Ireland,91069,,,,,
01/04/2004 00:00,Northern Ireland,94523,,,,,
01/05/2004 00:00,Northern Ireland,97317,,,,,
01/06/2004 00:00,Northern Ireland,94156,,,,,
01/07/2004 00:00,Northern Ireland,98052,,,,,
01/08/2004 00:00,Northern Ireland,100404,,,,,
01/09/2004 00:00,Northern Ireland,99522,,,,,
01/10/2004 00:00,Northern Ireland,102535,,,,,
01/11/2004 00:00,Northern Ireland,98860,,,,,
01/12/2004 00:00,Northern Ireland,103123,,,,,
01/01/2005 00:00,Northern Ireland,105916,978,156571,101763,79061,95435
01/02/2005 00:00,Northern Ireland,105916,978,156571,101763,79061,95435
01/03/2005 00:00,Northern Ireland,105916,978,156571,101763,79061,95435
01/04/2005 00:00,Northern Ireland,109781,2658,165606,107228,80222,92519
01/05/2005 00:00,Northern Ireland,109781,2658,165606,107228,80222,92519
01/06/2005 00:00,Northern Ireland,109781,2658,165606,107228,80222,92519
01/07/2005 00:00,Northern Ireland,116767,2814,176352,112540,86581,96855
01/08/2005 00:00,Northern Ireland,116767,2814,176352,112540,86581,96855
01/09/2005 00:00,Northern Ireland,116767,2814,176352,112540,86581,96855
01/10/2005 00:00,Northern Ireland,120825,3208,180868,117241,89766,99788
01/11/2005 00:00,Northern Ireland,120825,3208,180868,117241,89766,99788
01/12/2005 00:00,Northern Ireland,120825,3208,180868,117241,89766,99788
01/01/2006 00:00,Northern Ireland,124258,2862,184133,120726,92593,105294
01/02/2006 00:00,Northern Ireland,124258,2862,184133,120726,92593,105294
01/03/2006 00:00,Northern Ireland,124258,2862,184133,120726,92593,105294
01/04/2006 00:00,Northern Ireland,136198,3606,196795,132739,104161,111000
01/05/2006 00:00,Northern Ireland,136198,3606,196795,132739,104161,111000
01/06/2006 00:00,Northern Ireland,136198,3606,196795,132739,104161,111000
01/07/2006 00:00,Northern Ireland,151918,3615,217340,147129,117508,126105
01/08/2006 00:00,Northern Ireland,151918,3615,217340,147129,117508,126105
01/09/2006 00:00,Northern Ireland,151918,3615,217340,147129,117508,126105
01/10/2006 00:00,Northern Ireland,170193,3609,239354,165249,132740,144532
01/11/2006 00:00,Northern Ireland,170193,3609,239354,165249,132740,144532
01/12/2006 00:00,Northern Ireland,170193,3609,239354,165249,132740,144532
01/01/2007 00:00,Northern Ireland,188278,2897,261242,182791,148686,159261
01/02/2007 00:00,Northern Ireland,188278,2897,261242,182791,148686,159261
01/03/2007 00:00,Northern Ireland,188278,2897,261242,182791,148686,159261
01/04/2007 00:00,Northern Ireland,205123,3107,298060,201605,155075,170464
01/05/2007 00:00,Northern Ireland,205123,3107,298060,201605,155075,170464
01/06/2007 00:00,Northern Ireland,205123,3107,298060,201605,155075,170464
01/07/2007 00:00,Northern Ireland,212617,2255,324718,205117,158302,170090
01/08/2007 00:00,Northern Ireland,212617,2255,324718,205117,158302,170090
01/09/2007 00:00,Northern Ireland,212617,2255,324718,205117,158302,170090
01/10/2007 00:00,Northern Ireland,202774,1426,306509,194133,152130,167616
01/11/2007 00:00,Northern Ireland,202774,1426,306509,194133,152130,167616
01/12/2007 00:00,Northern Ireland,202774,1426,306509,194133,152130,167616
01/01/2008 00:00,Northern Ireland,187721,1000,278159,181177,140459,163502
01/02/2008 00:00,Northern Ireland,187721,1000,278159,181177,140459,163502
01/03/2008 00:00,Northern Ireland,187721,1000,278159,181177,140459,163502
01/04/2008 00:00,Northern Ireland,175875,1105,259028,173940,129112,156260
01/05/2008 00:00,Northern Ireland,175875,1105,259028,173940,129112,156260
01/06/2008 00:00,Northern Ireland,175875,1105,259028,173940,129112,156260
01/07/2008 00:00,Northern Ireland,159059,751,231663,154295,119486,141449
01/08/2008 00:00,Northern Ireland,159059,751,231663,154295,119486,141449
01/09/2008 00:00,Northern Ireland,159059,751,231663,154295,119486,141449
01/10/2008 00:00,Northern Ireland,145525,750,219356,140127,107333,128867
01/11/2008 00:00,Northern Ireland,145525,750,219356,140127,107333,128867
01/12/2008 00:00,Northern Ireland,145525,750,219356,140127,107333,128867
01/01/2009 00:00,Northern Ireland,132669,665,194173,127986,99934,116954
01/02/2009 00:00,Northern Ireland,132669,665,194173,127986,99934,116954
01/03/2009 00:00,Northern Ireland,132669,665,194173,127986,99934,116954
01/04/2009 00:00,Northern Ireland,133898,942,199325,129556,99598,116344
01/05/2009 00:00,Northern Ireland,133898,942,199325,129556,99598,116344
01/06/2009 00:00,Northern Ireland,133898,942,199325,129556,99598,116344
01/07/2009 00:00,Northern Ireland,134254,1078,199241,129501,100255,117304
01/08/2009 00:00,Northern Ireland,134254,1078,199241,129501,100255,117304
01/09/2009 00:00,Northern Ireland,134254,1078,199241,129501,100255,117304
01/10/2009 00:00,Northern Ireland,134376,1195,202209,130569,99171,114604
01/11/2009 00:00,Northern Ireland,134376,1195,202209,130569,99171,114604
01/12/2009 00:00,Northern Ireland,134376,1195,202209,130569,99171,114604
01/01/2010 00:00,Northern Ireland,128422,835,200370,124358,92005,111621
01/02/2010 00:00,Northern Ireland,128422,835,200370,124358,92005,111621
01/03/2010 00:00,Northern Ireland,128422,835,200370,124358,92005,111621
01/04/2010 00:00,Northern Ireland,127299,899,197066,126126,89579,110100
01/05/2010 00:00,Northern Ireland,127299,899,197066,126126,89579,110100
01/06/2010 00:00,Northern Ireland,127299,899,197066,126126,89579,110100
01/07/2010 00:00,Northern Ireland,125074,902,197176,123182,86870,109781
01/08/2010 00:00,Northern Ireland,125074,902,197176,123182,86870,109781
01/09/2010 00:00,Northern Ireland,125074,902,197176,123182,86870,109781
01/10/2010 00:00,Northern Ireland,117835,937,185393,117945,81928,96028
01/11/2010 00:00,Northern Ireland,117835,937,185393,117945,81928,96028
01/12/2010 00:00,Northern Ireland,117835,937,185393,117945,81928,96028
01/01/2011 00:00,Northern Ireland,112639,800,179582,111853,77103,96833
01/02/2011 00:00,Northern Ireland,112639,800,179582,111853,77103,96833
01/03/2011 00:00,Northern Ireland,112639,800,179582,111853,77103,96833
01/04/2011 00:00,Northern Ireland,110858,873,172194,112163,76746,91964
01/05/2011 00:00,Northern Ireland,110858,873,172194,112163,76746,91964
01/06/2011 00:00,Northern Ireland,110858,873,172194,112163,76746,91964
01/07/2011 00:00,Northern Ireland,108933,1069,174677,109327,73733,91188
01/08/2011 00:00,Northern Ireland,108933,1069,174677,109327,73733,91188
01/09/2011 00:00,Northern Ireland,108933,1069,174677,109327,73733,91188
01/10/2011 00:00,Northern Ireland,105870,1026,171022,106556,71256,86670
01/11/2011 00:00,Northern Ireland,105870,1026,171022,106556,71256,86670
01/12/2011 00:00,Northern Ireland,105870,1026,171022,106556,71256,86670
01/01/2012 00:00,Northern Ireland,99094,1058,158243,103553,65414,77350
01/02/2012 00:00,Northern Ireland,99094,1058,158243,103553,65414,77350
01/03/2012 00:00,Northern Ireland,99094,1058,158243,103553,65414,77350
01/04/2012 00:00,Northern Ireland,99355,1042,159276,99870,67316,80657
01/05/2012 00:00,Northern Ireland,99355,1042,159276,99870,67316,80657
01/06/2012 00:00,Northern Ireland,99355,1042,159276,99870,67316,80657
01/07/2012 00:00,Northern Ireland,96609,1186,154140,98480,65562,75101
01/08/2012 00:00,Northern Ireland,96609,1186,154140,98480,65562,75101
01/09/2012 00:00,Northern Ireland,96609,1186,154140,98480,65562,75101
01/10/2012 00:00,Northern Ireland,94301,1256,149373,96401,63860,75123
01/11/2012 00:00,Northern Ireland,94301,1256,149373,96401,63860,75123
01/12/2012 00:00,Northern Ireland,94301,1256,149373,96401,63860,75123
01/01/2013 00:00,Northern Ireland,92202,1145,149148,95216,61453,69271
01/02/2013 00:00,Northern Ireland,92202,1145,149148,95216,61453,69271
01/03/2013 00:00,Northern Ireland,92202,1145,149148,95216,61453,69271
01/04/2013 00:00,Northern Ireland,93906,1292,152261,95379,63475,70688
01/05/2013 00:00,Northern Ireland,93906,1292,152261,95379,63475,70688
01/06/2013 00:00,Northern Ireland,93906,1292,152261,95379,63475,70688
01/07/2013 00:00,Northern Ireland,95738,1403,154133,97766,65205,70316
01/08/2013 00:00,Northern Ireland,95738,1403,154133,97766,65205,70316
01/09/2013 00:00,Northern Ireland,95738,1403,154133,97766,65205,70316
01/10/2013 00:00,Northern Ireland,96414,1685,153613,97698,65799,75764
01/11/2013 00:00,Northern Ireland,96414,1685,153613,97698,65799,75764
01/12/2013 00:00,Northern Ireland,96414,1685,153613,97698,65799,75764
01/01/2014 00:00,Northern Ireland,98014,1543,155181,99829,67369,75215
01/02/2014 00:00,Northern Ireland,98014,1543,155181,99829,67369,75215
01/03/2014 00:00,Northern Ireland,98014,1543,155181,99829,67369,75215
01/04/2014 00:00,Northern Ireland,101289,1755,160737,103055,69564,77420
01/05/2014 00:00,Northern Ireland,101289,1755,160737,103055,69564,77420
01/06/2014 00:00,Northern Ireland,101289,1755,160737,103055,69564,77420
01/07/2014 00:00,Northern Ireland,103263,1828,161955,105237,71235,80926
01/08/2014 00:00,Northern Ireland,103263,1828,161955,105237,71235,80926
01/09/2014 00:00,Northern Ireland,103263,1828,161955,105237,71235,80926
01/10/2014 00:00,Northern Ireland,104809,1949,165057,106661,72078,82162
01/11/2014 00:00,Northern Ireland,104809,1949,165057,106661,72078,82162
01/12/2014 00:00,Northern Ireland,104809,1949,165057,106661,72078,82162
01/01/2015 00:00,Northern Ireland,104989,1538,164008,106837,72730,82787
01/02/2015 00:00,Northern Ireland,104989,1538,164008,106837,72730,82787
01/03/2015 00:00,Northern Ireland,104989,1538,164008,106837,72730,82787
01/04/2015 00:00,Northern Ireland,108206,1763,168983,110518,74409,86490
01/05/2015 00:00,Northern Ireland,108206,1763,168983,110518,74409,86490
01/06/2015 00:00,Northern Ireland,108206,1763,168983,110518,74409,86490
01/07/2015 00:00,Northern Ireland,111401,1943,173609,113431,77222,88121
01/08/2015 00:00,Northern Ireland,111401,1943,173609,113431,77222,88121
01/09/2015 00:00,Northern Ireland,111401,1943,173609,113431,77222,88121
01/10/2015 00:00,Northern Ireland,112385,2056,175879,113033,78734,88528
01/11/2015 00:00,Northern Ireland,112385,2056,175879,113033,78734,88528
01/12/2015 00:00,Northern Ireland,112385,2056,175879,113033,78734,88528
01/01/2016 00:00,Northern Ireland,112475,2042,176017,111808,78843,92470
01/02/2016 00:00,Northern Ireland,112475,2042,176017,111808,78843,92470
01/03/2016 00:00,Northern Ireland,112475,2042,176017,111808,78843,92470
