InitialTransformedData/HPIInitialTransform.csv
Date,RegionName,AveragePrice,SalesVolume,DetachedPrice,SemiDetachedPrice,TerracedPrice,FlatPrice
01/04/2016 00:00,Northern Ireland,116637,1622,179022,117160,83051,93913
01/05/2016 00:00,Northern Ireland,116637,1622,179022,117160,83051,93913
01/06/2016 00:00,Northern Ireland,116637,1622,179022,117160,83051,93913
01/07/2016 00:00,Northern Ireland,118039,1989,183255,119069,83292,92383
01/08/2016 00:00,Northern Ireland,118039,1989,183255,119069,83292,92383
01/09/2016 00:00,Northern Ireland,118039,1989,183255,119069,83292,92383
01/10/2016 00:00,Northern Ireland,118350,2011,183291,118274,83294,97781
01/11/2016 00:00,Northern Ireland,118350,2011,183291,118274,83294,97781
01/12/2016 00:00,Northern Ireland,118350,2011,183291,118274,83294,97781
01/01/2017 00:00,Northern Ireland,118092,1729,183780,119028,82510,94997
01/02/2017 00:00,Northern Ireland,118092,1729,183780,119028,82510,94997
01/03/2017 00:00,Northern Ireland,118092,1729,183780,119028,82510,94997
01/04/2017 00:00,Northern Ireland,120356,2033,185614,120480,84876,99882
01/05/2017 00:00,Northern Ireland,120356,2033,185614,120480,84876,99882
01/06/2017 00:00,Northern Ireland,120356,2033,185614,120480,84876,99882
01/07/2017 00:00,Northern Ireland,121964,2178,188084,123138,86010,97781
01/08/2017 00:00,Northern Ireland,121964,2178,188084,123138,86010,97781
01/09/2017 00:00,Northern Ireland,121964,2178,188084,123138,86010,97781
01/10/2017 00:00,Northern Ireland,122649,2261,188637,122791,87472,98993
01/11/2017 00:00,Northern Ireland,122649,2261,188637,122791,87472,98993
01/12/2017 00:00,Northern Ireland,122649,2261,188637,122791,87472,98993
01/01/2018 00:00,Northern Ireland,123302,1825,191993,122689,87311,99945
01/02/2018 00:00,Northern Ireland,123302,1825,191993,122689,87311,99945
01/03/2018 00:00,Northern Ireland,123302,1825,191993,122689,87311,99945
01/04/2018 00:00,Northern Ireland,125009,2067,191392,124888,89506,102297
01/05/2018 00:00,Northern Ireland,125009,2067,191392,124888,89506,102297
01/06/2018 00:00,Northern Ireland,125009,2067,191392,124888,89506,102297
01/07/2018 00:00,Northern Ireland,127398,2191,195639,127069,92090,100532
01/08/2018 00:00,Northern Ireland,127398,2191,195639,127069,92090,100532
01/09/2018 00:00,Northern Ireland,127398,2191,195639,127069,92090,100532
01/10/2018 00:00,Northern Ireland,129427,2259,197856,129356,92829,105721
01/11/2018 00:00,Northern Ireland,129427,2259,197856,129356,92829,105721
01/12/2018 00:00,Northern Ireland,129427,2259,197856,129356,92829,105721
01/01/2019 00:00,Northern Ireland,128168,1730,195243,129627,91320,103007
01/02/2019 00:00,Northern Ireland,128168,1730,195243,129627,91320,103007
01/03/2019 00:00,Northern Ireland,128168,1730,195243,129627,91320,103007
01/04/2019 00:00,Northern Ireland,129613,2069,198980,130628,91915,104302
01/05/2019 00:00,Northern Ireland,129613,2069,198980,130628,91915,104302
01/06/2019 00:00,Northern Ireland,129613,2069,198980,130628,91915,104302
01/07/2019 00:00,Northern Ireland,132336,2258,203878,132526,94665,104926
01/08/2019 00:00,Northern Ireland,132336,2258,203878,132526,94665,104926
01/09/2019 00:00,Northern Ireland,132336,2258,203878,132526,94665,104926
01/10/2019 00:00,Northern Ireland,132623,2255,203995,133435,94889,103608
01/11/2019 00:00,Northern Ireland,132623,2255,203995,133435,94889,103608
01/12/2019 00:00,Northern Ireland,132623,2255,203995,133435,94889,103608
01/01/2020 00:00,Northern Ireland,133173,1801,204835,133725,95141,105464
01/02/2020 00:00,Northern Ireland,133173,1801,204835,133725,95141,105464
01/03/2020 00:00,Northern Ireland,133173,1801,204835,133725,95141,105464
01/04/2020 00:00,Northern Ireland,133286,675,202763,133370,97410,103651
01/05/2020 00:00,Northern Ireland,133286,675,202763,133370,97410,103651
01/06/2020 00:00,Northern Ireland,133286,675,202763,133370,97410,103651
01/07/2020 00:00,Northern Ireland,136013,1773,209752,136741,96670,107896
01/08/2020 00:00,Northern Ireland,136013,1773,209752,136741,96670,107896
01/09/2020 00:00,Northern Ireland,136013,1773,209752,136741,96670,107896
01/10/2020 00:00,Northern Ireland,139563,2829,215288,139623,100818,106916
01/11/2020 00:00,Northern Ireland,139563,2829,215288,139623,100818,106916
01/12/2020 00:00,Northern Ireland,139563,2829,215288,139623,100818,106916
01/01/2021 00:00,Northern Ireland,141087,2508,219466,140990,100843,108980
01/02/2021 00:00,Northern Ireland,141087,2508,219466,140990,100843,108980
01/03/2021 00:00,Northern Ireland,141087,2508,219466,140990,100843,108980
01/04/2021 00:00,Northern Ireland,146044,2655,229090,144479,104521,113526
01/05/2021 00:00,Northern Ireland,146044,2655,229090,144479,104521,113526
01/06/2021 00:00,Northern Ireland,146044,2655,229090,144479,104521,113526
01/07/2021 00:00,Northern Ireland,150563,2823,233463,149786,109836,112236
01/08/2021 00:00,Northern Ireland,150563,2823,233463,149786,109836,112236
01/09/2021 00:00,Northern Ireland,150563,2823,233463,149786,109836,112236
01/10/2021 00:00,Northern Ireland,150539,2262,234345,150343,108807,111727
01/11/2021 00:00,Northern Ireland,150539,2262,234345,150343,108807,111727
01/12/2021 00:00,Northern Ireland,150539,2262,234345,150343,108807,111727
01/01/2022 00:00,Northern Ireland,155086,1954,243518,154034,111070,117376
01/02/2022 00:00,Northern Ireland,155086,1954,243518,154034,111070,117376
01/03/2022 00:00,Northern Ireland,155086,1954,243518,154034,111070,117376
01/04/2022 00:00,Northern Ireland,160214,2036,253870,159586,113318,120446
01/05/2022 00:00,Northern Ireland,160214,2036,253870,159586,113318,120446
01/06/2022 00:00,Northern Ireland,160214,2036,253870,159586,113318,120446
01/07/2022 00:00,Northern Ireland,166363,2194,263766,165906,118091,122650
01/08/2022 00:00,Northern Ireland,166363,2194,263766,165906,118091,122650
01/09/2022 00:00,Northern Ireland,166363,2194,263766,165906,118091,122650
01/10/2022 00:00,Northern Ireland,165729,2249,261630,165609,118099,121607
01/11/2022 00:00,Northern Ireland,165729,2249,261630,165609,118099,121607
01/12/2022 00:00,Northern Ireland,165729,2249,261630,165609,118099,121607
01/01/2023 00:00,Northern Ireland,162479,1683,257937,162701,114675,119347
01/02/2023 00:00,Northern Ireland,162479,1683,257937,162701,114675,119347
01/03/2023 00:00,Northern Ireland,162479,1683,257937,162701,114675,119347
01/04/2023 00:00,Northern Ireland,164587,1743,264029,164038,115139,122494
01/05/2023 00:00,Northern Ireland,164587,1743,264029,164038,115139,122494
01/06/2023 00:00,Northern Ireland,164587,1743,264029,164038,115139,122494
01/07/2023 00:00,Northern Ireland,169726,1999,268960,168904,120336,126235
01/08/2023 00:00,Northern Ireland,169726,1999,268960,168904,120336,126235
01/09/2023 00:00,Northern Ireland,169726,1999,268960,168904,120336,126235
01/10/2023 00:00,Northern Ireland,168157,1914,266549,168484,118341,125075
01/11/2023 00:00,Northern Ireland,168157,1914,266549,168484,118341,125075
01/12/2023 00:00,Northern Ireland,168157,1914,266549,168484,118341,125075
01/01/2024 00:00,Northern Ireland,169060,1613,266222,170258,118801,126740
01/02/2024 00:00,Northern Ireland,169060,1613,266222,170258,118801,126740
01/03/2024 00:00,Northern Ireland,169060,1613,266222,170258,118801,126740
01/04/2024 00:00,Northern Ireland,175418,1828,275120,175188,124843,132003
01/05/2024 00:00,Northern Ireland,175418,1828,275120,175188,124843,132003
01/06/2024 00:00,Northern Ireland,175418,1828,275120,175188,124843,132003
01/07/2024 00:00,Northern Ireland,180594,2116,284889,180428,129361,130386
01/08/2024 00:00,Northern Ireland,180594,2116,284889,180428,129361,130386
01/09/2024 00:00,Northern Ireland,180594,2116,284889,180428,129361,130386
01/10/2024 00:00,Northern Ireland,183259,2116,287321,184782,129499,136273
01/11/2024 00:00,Northern Ireland,183259,2116,287321,184782,129499,136273
01/12/2024 00:00,Northern Ireland,183259,,287321,184782,129499,136273
01/01/2025 00:00,Northern Ireland,183259,,287321,184782,129499,136273
01/04/1968 00:00,Scotland,2738,,,,,
01/05/1968 00:00,Scotland,2738,,,,,
01/06/1968 00:00,Scotland,2738,,,,,
01/07/1968 00:00,Scotland,3001,,,,,
01/08/1968 00:00,Scotland,3001,,,,,
01/09/1968 00:00,Scotland,3001,,,,,
01/10/1968 00:00,Scotland,2811,,,,,
01/11/1968 00:00,Scotland,2811,,,,,
01/12/1968 00:00,Scotland,2811,,,,,
01/01/1969 00:00,Scotland,3031,,,,,
01/02/1969 00:00,Scotland,3031,,,,,
01/03/1969 00:00,Scotland,3031,,,,,
01/04/1969 00:00,Scotland,3060,,,,,
01/05/1969 00:00,Scotland,3060,,,,,
01/06/1969 00:00,Scotland,3060,,,,,
01/07/1969 00:00,Scotland,3031,,,,,
01/08/1969 00:00,Scotland,3031,,,,,
01/09/1969 00:00,Scotland,3031,,,,,
01/10/1969 00:00,Scotland,3001,,,,,
01/11/1969 00:00,Scotland,3001,,,,,
01/12/1969 00:00,Scotland,3001,,,,,
01/01/1970 00:00,Scotland,3104,,,,,
01/02/1970 00:00,Scotland,3104,,,,,
01/03/1970 00:00,Scotland,3104,,,,,
01/04/1970 00:00,Scotland,3294,,,,,
01/05/1970 00:00,Scotland,3294,,,,,
01/06/1970 00:00,Scotland,3294,,,,,
01/07/1970 00:00,Scotland,3236,,,,,
01/08/1970 00:00,Scotland,3236,,,,,
01/09/1970 00:00,Scotland,3236,,,,,
01/10/1970 00:00,Scotland,3353,,,,,
01/11/1970 00:00,Scotland,3353,,,,,
01/12/1970 00:00,Scotland,3353,,,,,
01/01/1971 00:00,Scotland,3294,,,,,
01/02/1971 00:00,Scotland,3294,,,,,
01/03/1971 00:00,Scotland,3294,,,,,
01/04/1971 00:00,Scotland,3353,,,,,
01/05/1971 00:00,Scotland,3353,,,,,
01/06/1971 00:00,Scotland,3353,,,,,
01/07/1971 00:00,Scotland,3719,,,,,
01/08/1971 00:00,Scotland,3719,,,,,
01/09/1971 00:00,Scotland,3719,,,,,
01/10/1971 00:00,Scotland,3558,,,,,
01/11/1971 00:00,Scotland,3558,,,,,
01/12/1971 00:00,Scotland,3558,,,,,
01/01/1972 00:00,Scotland,3733,,,,,
01/02/1972 00:00,Scotland,3733,,,,,
01/03/1972 00:00,Scotland,3733,,,,,
01/04/1972 00:00,Scotland,4114,,,,,
01/05/1972 00:00,Scotland,4114,,,,,
01/06/1972 00:00,Scotland,4114,,,,,
01/07/1972 00:00,Scotland,4363,,,,,
01/08/1972 00:00,Scotland,4363,,,,,
01/09/1972 00:00,Scotland,4363,,,,,
01/10/1972 00:00,Scotland,4392,,,,,
01/11/1972 00:00,Scotland,4392,,,,,
01/12/1972 00:00,Scotland,4392,,,,,
01/01/1973 00:00,Scotland,5066,,,,,
01/02/1973 00:00,Scotland,5066,,,,,
01/03/1973 00:00,Scotland,5066,,,,,
01/04/1973 00:00,Scotland,5256,,,,,
01/05/1973 00:00,Scotland,5256,,,,,
01/06/1973 00:00,Scotland,5256,,,,,
01/07/1973 00:00,Scotland,6120,,,,,
01/08/1973 00:00,Scotland,6120,,,,,
01/09/1973 00:00,Scotland,6120,,,,,
01/10/1973 00:00,Scotland,6046,,,,,
01/11/1973 00:00,Scotland,6046,,,,,
01/12/1973 00:00,Scotland,6046,,,,,
01/01/1974 00:00,Scotland,6237,,,,,
01/02/1974 00:00,Scotland,6237,,,,,
01/03/1974 00:00,Scotland,6237,,,,,
01/04/1974 00:00,Scotland,6398,,,,,
01/05/1974 00:00,Scotland,6398,,,,,
01/06/1974 00:00,Scotland,6398,,,,,
01/07/1974 00:00,Scotland,6456,,,,,
01/08/1974 00:00,Scotland,6456,,,,,
01/09/1974 00:00,Scotland,6456,,,,,
01/10/1974 00:00,Scotland,6442,,,,,
01/11/1974 00:00,Scotland,6442,,,,,
01/12/1974 00:00,Scotland,6442,,,,,
01/01/1975 00:00,Scotland,6691,,,,,
01/02/1975 00:00,Scotland,6691,,,,,
01/03/1975 00:00,Scotland,6691,,,,,
01/04/1975 00:00,Scotland,6983,,,,,
01/05/1975 00:00,Scotland,6983,,,,,
01/06/1975 00:00,Scotland,6983,,,,,
01/07/1975 00:00,Scotland,7525,,,,,
01/08/1975 00:00,Scotland,7525,,,,,
01/09/1975 00:00,Scotland,7525,,,,,
01/10/1975 00:00,Scotland,7657,,,,,
01/11/1975 00:00,Scotland,7657,,,,,
01/12/1975 00:00,Scotland,7657,,,,,
01/01/1976 00:00,Scotland,8096,,,,,
01/02/1976 00:00,Scotland,8096,,,,,
01/03/1976 00:00,Scotland,8096,,,,,
01/04/1976 00:00,Scotland,8579,,,,,
01/05/1976 00:00,Scotland,8579,,,,,
01/06/1976 00:00,Scotland,8579,,,,,
01/07/1976 00:00,Scotland,8887,,,,,
01/08/1976 00:00,Scotland,8887,,,,,
01/09/1976 00:00,Scotland,8887,,,,,
01/10/1976 00:00,Scotland,8901,,,,,
01/11/1976 00:00,Scotland,8901,,,,,
01/12/1976 00:00,Scotland,8901,,,,,
01/01/1977 00:00,Scotland,9018,,,,,
01/02/1977 00:00,Scotland,9018,,,,,
01/03/1977 00:00,Scotland,9018,,,,,
01/04/1977 00:00,Scotland,9180,,,,,
01/05/1977 00:00,Scotland,9180,,,,,
01/06/1977 00:00,Scotland,9180,,,,,
01/07/1977 00:00,Scotland,9619,,,,,
01/08/1977 00:00,Scotland,9619,,,,,
01/09/1977 00:00,Scotland,9619,,,,,
01/10/1977 00:00,Scotland,9853,,,,,
01/11/1977 00:00,Scotland,9853,,,,,
01/12/1977 00:00,Scotland,9853,,,,,
01/01/1978 00:00,Scotland,9765,,,,,
01/02/1978 00:00,Scotland,9765,,,,,
01/03/1978 00:00,Scotland,9765,,,,,
01/04/1978 00:00,Scotland,10278,,,,,
01/05/1978 00:00,Scotland,10278,,,,,
01/06/1978 00:00,Scotland,10278,,,,,
01/07/1978 00:00,Scotland,10980,,,,,
01/08/1978 00:00,Scotland,10980,,,,,
01/09/1978 00:00,Scotland,10980,,,,,
01/10/1978 00:00,Scotland,11522,,,,,
01/11/1978 00:00,Scotland,11522,,,,,
01/12/1978 00:00,Scotland,11522,,,,,
01/01/1979 00:00,Scotland,11815,,,,,
01/02/1979 00:00,Scotland,11815,,,,,
01/03/1979 00:00,Scotland,11815,,,,,
01/04/1979 00:00,Scotland,12313,,,,,
01/05/1979 00:00,Scotland,12313,,,,,
01/06/1979 00:00,Scotland,12313,,,,,
01/07/1979 00:00,Scotland,13425,,,,,
01/08/1979 00:00,Scotland,13425,,,,,
01/09/1979 00:00,Scotland,13425,,,,,
01/10/1979 00:00,Scotland,13396,,,,,
01/11/1979 00:00,Scotland,13396,,,,,
01/12/1979 00:00,Scotland,13396,,,,,
01/01/1980 00:00,Scotland,14040,,,,,
01/02/1980 00:00,Scotland,14040,,,,,
01/03/1980 00:00,Scotland,14040,,,,,
01/04/1980 00:00,Scotland,14157,,,,,
01/05/1980 00:00,Scotland,14157,,,,,
01/06/1980 00:00,Scotland,14157,,,,,
01/07/1980 00:00,Scotland,15167,,,,,
01/08/1980 00:00,Scotland,15167,,,,,
01/09/1980 00:00,Scotland,15167,,,,,
01/10/1980 00:00,Scotland,14933,,,,,
01/11/1980 00:00,Scotland,14933,,,,,
01/12/1980 00:00,Scotland,14933,,,,,
01/01/1981 00:00,Scotland,15358,,,,,
01/02/1981 00:00,Scotland,15358,,,,,
01/03/1981 00:00,Scotland,15358,,,,,
01/04/1981 00:00,Scotland,16134,,,,,
01/05/1981 00:00,Scotland,16134,,,,,
01/06/1981 00:00,Scotland,16134,,,,,
01/07/1981 00:00,Scotland,16295,,,,,
01/08/1981 00:00,Scotland,16295,,,,,
01/09/1981 00:00,Scotland,16295,,,,,
01/10/1981 00:00,Scotland,16368,,,,,
01/11/1981 00:00,Scotland,16368,,,,,
01/12/1981 00:00,Scotland,16368,,,,,
01/01/1982 00:00,Scotland,16295,,,,,
01/02/1982 00:00,Scotland,16295,,,,,
01/03/1982 00:00,Scotland,16295,,,,,
01/04/1982 00:00,Scotland,17027,,,,,
01/05/1982 00:00,Scotland,17027,,,,,
01/06/1982 00:00,Scotland,17027,,,,,
01/07/1982 00:00,Scotland,17173,,,,,
01/08/1982 00:00,Scotland,17173,,,,,
01/09/1982 00:00,Scotland,17173,,,,,
01/10/1982 00:00,Scotland,17729,,,,,
01/11/1982 00:00,Scotland,17729,,,,,
01/12/1982 00:00,Scotland,17729,,,,,
01/01/1983 00:00,Scotland,18154,,,,,
01/02/1983 00:00,Scotland,18154,,,,,
01/03/1983 00:00,Scotland,18154,,,,,
01/04/1983 00:00,Scotland,19472,,,,,
01/05/1983 00:00,Scotland,19472,,,,,
01/06/1983 00:00,Scotland,19472,,,,,
01/07/1983 00:00,Scotland,19032,,,,,
01/08/1983 00:00,Scotland,19032,,,,,
01/09/1983 00:00,Scotland,19032,,,,,
01/10/1983 00:00,Scotland,19911,,,,,
01/11/1983 00:00,Scotland,19911,,,,,
01/12/1983 00:00,Scotland,19911,,,,,
01/01/1984 00:00,Scotland,19325,,,,,
01/02/1984 00:00,Scotland,19325,,,,,
01/03/1984 00:00,Scotland,19325,,,,,
01/04/1984 00:00,Scotland,20204,,,,,
01/05/1984 00:00,Scotland,20204,,,,,
01/06/1984 00:00,Scotland,20204,,,,,
01/07/1984 00:00,Scotland,20936,,,,,
01/08/1984 00:00,Scotland,20936,,,,,
01/09/1984 00:00,Scotland,20936,,,,,
01/10/1984 00:00,Scotland,20789,,,,,
01/11/1984 00:00,Scotland,20789,,,,,
01/12/1984 00:00,Scotland,20789,,,,,
01/01/1985 00:00,Scotland,20643,,,,,
01/02/1985 00:00,Scotland,20643,,,,,
01/03/1985 00:00,Scotland,20643,,,,,
01/04/1985 00:00,Scotland,21668,,,,,
01/05/1985 00:00,Scotland,21668,,,,,
01/06/1985 00:00,Scotland,21668,,,,,
01/07/1985 00:00,Scotland,21521,,,,,
01/08/1985 00:00,Scotland,21521,,,,,
01/09/1985 00:00,Scotland,21521,,,,,
01/10/1985 00:00,Scotland,21961,,,,,
01/11/1985 00:00,Scotland,21961,,,,,
01/12/1985 00:00,Scotland,21961,,,,,
01/01/1986 00:00,Scotland,22107,,,,,
01/02/1986 00:00,Scotland,22107,,,,,
01/03/1986 00:00,Scotland,22107,,,,,
01/04/1986 00:00,Scotland,22693,,,,,
01/05/1986 00:00,Scotland,22693,,,,,
01/06/1986 00:00,Scotland,22693,,,,,
01/07/1986 00:00,Scotland,22693,,,,,
01/08/1986 00:00,Scotland,22693,,,,,
01/09/1986 00:00,Scotland,22693,,,,,
01/10/1986 00:00,Scotland,23132,,,,,
01/11/1986 00:00,Scotland,23132,,,,,
01/12/1986 00:00,Scotland,23132,,,,,
01/01/1987 00:00,Scotland,23571,,,,,
01/02/1987 00:00,Scotland,23571,,,,,
01/03/1987 00:00,Scotland,23571,,,,,
01/04/1987 00:00,Scotland,24303,,,,,
01/05/1987 00:00,Scotland,24303,,,,,
01/06/1987 00:00,Scotland,24303,,,,,
01/07/1987 00:00,Scotland,24010,,,,,
01/08/1987 00:00,Scotland,24010,,,,,
01/09/1987 00:00,Scotland,24010,,,,,
01/10/1987 00:00,Scotland,24964,,,,,
01/11/1987 00:00,Scotland,24964,,,,,
01/12/1987 00:00,Scotland,24964,,,,,
01/01/1988 00:00,Scotland,23888,,,,,
01/02/1988 00:00,Scotland,23888,,,,,
01/03/1988 00:00,Scotland,23888,,,,,
01/04/1988 00:00,Scotland,25609,,,,,
01/05/1988 00:00,Scotland,25609,,,,,
01/06/1988 00:00,Scotland,25609,,,,,
01/07/1988 00:00,Scotland,27116,,,,,
01/08/1988 00:00,Scotland,27116,,,,,
01/09/1988 00:00,Scotland,27116,,,,,
01/10/1988 00:00,Scotland,27977,,,,,
01/11/1988 00:00,Scotland,27977,,,,,
01/12/1988 00:00,Scotland,27977,,,,,
01/01/1989 00:00,Scotland,28407,,,,,
01/02/1989 00:00,Scotland,28407,,,,,
01/03/1989 00:00,Scotland,28407,,,,,
01/04/1989 00:00,Scotland,30129,,,,,
01/05/1989 00:00,Scotland,30129,,,,,
01/06/1989 00:00,Scotland,30129,,,,,
01/07/1989 00:00,Scotland,31205,,,,,
01/08/1989 00:00,Scotland,31205,,,,,
01/09/1989 00:00,Scotland,31205,,,,,
01/10/1989 00:00,Scotland,33357,,,,,
01/11/1989 00:00,Scotland,33357,,,,,
01/12/1989 00:00,Scotland,33357,,,,,
01/01/1990 00:00,Scotland,32588,,,,,
01/02/1990 00:00,Scotland,32588,,,,,
01/03/1990 00:00,Scotland,32588,,,,,
01/04/1990 00:00,Scotland,33624,,,,,
01/05/1990 00:00,Scotland,33624,,,,,
01/06/1990 00:00,Scotland,33624,,,,,
01/07/1990 00:00,Scotland,34797,,,,,
01/08/1990 00:00,Scotland,34797,,,,,
01/09/1990 00:00,Scotland,34797,,,,,
01/10/1990 00:00,Scotland,36351,,,,,
01/11/1990 00:00,Scotland,36351,,,,,
01/12/1990 00:00,Scotland,36351,,,,,
01/01/1991 00:00,Scotland,38491,,,,,
01/02/1991 00:00,Scotland,38491,,,,,
01/03/1991 00:00,Scotland,38491,,,,,
