InitialTransformedData/HPIInitialTransform.csv
Date,RegionName,AveragePrice,SalesVolume,DetachedPrice,SemiDetachedPrice,TerracedPrice,FlatPrice
01/04/1991 00:00,Scotland,36558,,,,,
01/05/1991 00:00,Scotland,36558,,,,,
01/06/1991 00:00,Scotland,36558,,,,,
01/07/1991 00:00,Scotland,36316,,,,,
01/08/1991 00:00,Scotland,36316,,,,,
01/09/1991 00:00,Scotland,36316,,,,,
01/10/1991 00:00,Scotland,37973,,,,,
01/11/1991 00:00,Scotland,37973,,,,,
01/12/1991 00:00,Scotland,37973,,,,,
01/01/1992 00:00,Scotland,38733,,,,,
01/02/1992 00:00,Scotland,38733,,,,,
01/03/1992 00:00,Scotland,38733,,,,,
01/04/1992 00:00,Scotland,38802,,,,,
01/05/1992 00:00,Scotland,38802,,,,,
01/06/1992 00:00,Scotland,38802,,,,,
01/07/1992 00:00,Scotland,39522,,,,,
01/08/1992 00:00,Scotland,39522,,,,,
01/09/1992 00:00,Scotland,39522,,,,,
01/10/1992 00:00,Scotland,39962,,,,,
01/11/1992 00:00,Scotland,39962,,,,,
01/12/1992 00:00,Scotland,39962,,,,,
01/01/1993 00:00,Scotland,37882,,,,,
01/02/1993 00:00,Scotland,37882,,,,,
01/03/1993 00:00,Scotland,37882,,,,,
01/04/1993 00:00,Scotland,41002,,,,,
01/05/1993 00:00,Scotland,41002,,,,,
01/06/1993 00:00,Scotland,41002,,,,,
01/07/1993 00:00,Scotland,41082,,,,,
01/08/1993 00:00,Scotland,41082,,,,,
01/09/1993 00:00,Scotland,41082,,,,,
01/10/1993 00:00,Scotland,39162,,,,,
01/11/1993 00:00,Scotland,39162,,,,,
01/12/1993 00:00,Scotland,39162,,,,,
01/01/1994 00:00,Scotland,39042,,,,,
01/02/1994 00:00,Scotland,39042,,,,,
01/03/1994 00:00,Scotland,39042,,,,,
01/04/1994 00:00,Scotland,40602,,,,,
01/05/1994 00:00,Scotland,40602,,,,,
01/06/1994 00:00,Scotland,40602,,,,,
01/07/1994 00:00,Scotland,41522,,,,,
01/08/1994 00:00,Scotland,41522,,,,,
01/09/1994 00:00,Scotland,41522,,,,,
01/10/1994 00:00,Scotland,40482,,,,,
01/11/1994 00:00,Scotland,40482,,,,,
01/12/1994 00:00,Scotland,40482,,,,,
01/01/1995 00:00,Scotland,38802,,,,,
01/02/1995 00:00,Scotland,38802,,,,,
01/03/1995 00:00,Scotland,38802,,,,,
01/04/1995 00:00,Scotland,39442,,,,,
01/05/1995 00:00,Scotland,39442,,,,,
01/06/1995 00:00,Scotland,39442,,,,,
01/07/1995 00:00,Scotland,42242,,,,,
01/08/1995 00:00,Scotland,42242,,,,,
01/09/1995 00:00,Scotland,42242,,,,,
01/10/1995 00:00,Scotland,41442,,,,,
01/11/1995 00:00,Scotland,41442,,,,,
01/12/1995 00:00,Scotland,41442,,,,,
01/01/1996 00:00,Scotland,43242,,,,,
01/02/1996 00:00,Scotland,43242,,,,,
01/03/1996 00:00,Scotland,43242,,,,,
01/04/1996 00:00,Scotland,40642,,,,,
01/05/1996 00:00,Scotland,40642,,,,,
01/06/1996 00:00,Scotland,40642,,,,,
01/07/1996 00:00,Scotland,42322,,,,,
01/08/1996 00:00,Scotland,42322,,,,,
01/09/1996 00:00,Scotland,42322,,,,,
01/10/1996 00:00,Scotland,42602,,,,,
01/11/1996 00:00,Scotland,42602,,,,,
01/12/1996 00:00,Scotland,42602,,,,,
01/01/1997 00:00,Scotland,41802,,,,,
01/02/1997 00:00,Scotland,41802,,,,,
01/03/1997 00:00,Scotland,41802,,,,,
01/04/1997 00:00,Scotland,44242,,,,,
01/05/1997 00:00,Scotland,44242,,,,,
01/06/1997 00:00,Scotland,44242,,,,,
01/07/1997 00:00,Scotland,45442,,,,,
01/08/1997 00:00,Scotland,45442,,,,,
01/09/1997 00:00,Scotland,45442,,,,,
01/10/1997 00:00,Scotland,45522,,,,,
01/11/1997 00:00,Scotland,45522,,,,,
01/12/1997 00:00,Scotland,45522,,,,,
01/01/1998 00:00,Scotland,44642,,,,,
01/02/1998 00:00,Scotland,44642,,,,,
01/03/1998 00:00,Scotland,44642,,,,,
01/04/1998 00:00,Scotland,46282,,,,,
01/05/1998 00:00,Scotland,46282,,,,,
01/06/1998 00:00,Scotland,46282,,,,,
01/07/1998 00:00,Scotland,48562,,,,,
01/08/1998 00:00,Scotland,48562,,,,,
01/09/1998 00:00,Scotland,48562,,,,,
01/10/1998 00:00,Scotland,46682,,,,,
01/11/1998 00:00,Scotland,46682,,,,,
01/12/1998 00:00,Scotland,46682,,,,,
01/01/1999 00:00,Scotland,44962,,,,,
01/02/1999 00:00,Scotland,44962,,,,,
01/03/1999 00:00,Scotland,44962,,,,,
01/04/1999 00:00,Scotland,47362,,,,,
01/05/1999 00:00,Scotland,47362,,,,,
01/06/1999 00:00,Scotland,47362,,,,,
01/07/1999 00:00,Scotland,49922,,,,,
01/08/1999 00:00,Scotland,49922,,,,,
01/09/1999 00:00,Scotland,49922,,,,,
01/10/1999 00:00,Scotland,49922,,,,,
01/11/1999 00:00,Scotland,49922,,,,,
01/12/1999 00:00,Scotland,49922,,,,,
01/01/2000 00:00,Scotland,49682,,,,,
01/02/2000 00:00,Scotland,49682,,,,,
01/03/2000 00:00,Scotland,49682,,,,,
01/04/2000 00:00,Scotland,49442,,,,,
01/05/2000 00:00,Scotland,49442,,,,,
01/06/2000 00:00,Scotland,49442,,,,,
01/07/2000 00:00,Scotland,49762,,,,,
01/08/2000 00:00,Scotland,49762,,,,,
01/09/2000 00:00,Scotland,49762,,,,,
01/10/2000 00:00,Scotland,49682,,,,,
01/11/2000 00:00,Scotland,49682,,,,,
01/12/2000 00:00,Scotland,49682,,,,,
01/01/2001 00:00,Scotland,52082,,,,,
01/02/2001 00:00,Scotland,52082,,,,,
01/03/2001 00:00,Scotland,52082,,,,,
01/04/2001 00:00,Scotland,50762,,,,,
01/05/2001 00:00,Scotland,50762,,,,,
01/06/2001 00:00,Scotland,50762,,,,,
01/07/2001 00:00,Scotland,52202,,,,,
01/08/2001 00:00,Scotland,52202,,,,,
01/09/2001 00:00,Scotland,52202,,,,,
01/10/2001 00:00,Scotland,52602,,,,,
01/11/2001 00:00,Scotland,52602,,,,,
01/12/2001 00:00,Scotland,52602,,,,,
01/01/2002 00:00,Scotland,51627,,,,,
01/02/2002 00:00,Scotland,53722,,,,,
01/03/2002 00:00,Scotland,55818,,,,,
01/04/2002 00:00,Scotland,56623,,,,,
01/05/2002 00:00,Scotland,58181,,,,,
01/06/2002 00:00,Scotland,60491,,,,,
01/07/2002 00:00,Scotland,60653,,,,,
01/08/2002 00:00,Scotland,60814,,,,,
01/09/2002 00:00,Scotland,62103,,,,,
01/10/2002 00:00,Scotland,61512,,,,,
01/11/2002 00:00,Scotland,61996,,,,,
01/12/2002 00:00,Scotland,64252,,,,,
01/01/2003 00:00,Scotland,62210,,,,,
01/02/2003 00:00,Scotland,57913,,,,,
01/03/2003 00:00,Scotland,61297,,,,,
01/04/2003 00:00,Scotland,64950,,,,,
01/05/2003 00:00,Scotland,65004,,,,,
01/06/2003 00:00,Scotland,66025,,,,,
01/07/2003 00:00,Scotland,68389,,,,,
01/08/2003 00:00,Scotland,70323,,,,,
01/09/2003 00:00,Scotland,70108,,,,,
01/10/2003 00:00,Scotland,72955,,,,,
01/11/2003 00:00,Scotland,71988,,,,,
01/12/2003 00:00,Scotland,74191,,,,,
01/01/2004 00:00,Scotland,76662,9494,146368,83966,64016,59747
01/02/2004 00:00,Scotland,75645,7943,137856,82014,63318,60596
01/03/2004 00:00,Scotland,78418,10431,144416,85853,66528,61778
01/04/2004 00:00,Scotland,83623,13033,145786,93007,72723,66503
01/05/2004 00:00,Scotland,85015,11787,150333,92694,72457,68376
01/06/2004 00:00,Scotland,89148,13029,159445,97174,75611,71463
01/07/2004 00:00,Scotland,91287,13526,166403,100927,78521,71492
01/08/2004 00:00,Scotland,91270,12547,169191,99683,77424,71726
01/09/2004 00:00,Scotland,89835,11954,164132,98306,76330,71027
01/10/2004 00:00,Scotland,91511,13095,167291,100395,78030,72119
01/11/2004 00:00,Scotland,91130,11822,170070,100158,77654,71010
01/12/2004 00:00,Scotland,93321,10778,166690,101372,80337,74367
01/01/2005 00:00,Scotland,90440,8876,167346,98515,76887,71134
01/02/2005 00:00,Scotland,90028,7631,163864,97838,76580,70927
01/03/2005 00:00,Scotland,92995,9661,162013,98989,78908,73857
01/04/2005 00:00,Scotland,98866,11678,169798,105422,84213,78500
01/05/2005 00:00,Scotland,99902,11312,178247,106862,85011,79047
01/06/2005 00:00,Scotland,103919,12965,180620,110625,88829,82335
01/07/2005 00:00,Scotland,105856,13604,185521,114020,90855,83535
01/08/2005 00:00,Scotland,105951,12797,189142,113466,90584,83668
01/09/2005 00:00,Scotland,106034,13585,189043,113699,91062,83596
01/10/2005 00:00,Scotland,105467,12275,192347,114616,91101,82641
01/11/2005 00:00,Scotland,104885,12574,184480,111821,90071,82859
01/12/2005 00:00,Scotland,106541,12021,182491,111321,90604,84937
01/01/2006 00:00,Scotland,105257,9273,186810,113444,90684,82854
01/02/2006 00:00,Scotland,103309,7854,175049,108692,88382,82270
01/03/2006 00:00,Scotland,107282,11943,184652,114487,92696,84762
01/04/2006 00:00,Scotland,111829,11252,191875,119765,97190,88172
01/05/2006 00:00,Scotland,114395,12620,194649,120963,97907,90953
01/06/2006 00:00,Scotland,115914,16213,192034,121508,99650,92410
01/07/2006 00:00,Scotland,118077,13206,203463,126009,102667,93076
01/08/2006 00:00,Scotland,119737,13740,210121,128312,103886,94213
01/09/2006 00:00,Scotland,121628,14355,211691,130291,105548,95764
01/10/2006 00:00,Scotland,118828,13463,205256,126108,102587,93974
01/11/2006 00:00,Scotland,120670,13455,207523,128188,104393,95380
01/12/2006 00:00,Scotland,122894,12986,207778,128867,105330,97801
01/01/2007 00:00,Scotland,121923,9558,215178,131052,106258,95659
01/02/2007 00:00,Scotland,119596,7992,203677,126024,102466,95089
01/03/2007 00:00,Scotland,124226,12245,208679,130496,107702,98544
01/04/2007 00:00,Scotland,130471,11976,218212,137096,113382,103534
01/05/2007 00:00,Scotland,133535,12843,223062,140074,115678,106045
01/06/2007 00:00,Scotland,136549,16491,225815,142102,117576,108891
01/07/2007 00:00,Scotland,136470,13553,230698,144207,118883,107886
01/08/2007 00:00,Scotland,137886,15681,241156,146720,120353,108377
01/09/2007 00:00,Scotland,136930,12268,234892,145041,118828,108227
01/10/2007 00:00,Scotland,134287,13001,236276,143487,117724,105245
01/11/2007 00:00,Scotland,136189,13827,230888,142970,117443,108155
01/12/2007 00:00,Scotland,134469,10249,224615,140362,115873,107047
01/01/2008 00:00,Scotland,133172,7935,232194,141433,116047,104868
01/02/2008 00:00,Scotland,132325,8008,228215,139748,115108,105144
01/03/2008 00:00,Scotland,132653,9257,224052,141995,116925,105271
01/04/2008 00:00,Scotland,134077,9824,223659,143621,119783,106308
01/05/2008 00:00,Scotland,140152,10429,233618,150688,124684,111257
01/06/2008 00:00,Scotland,136219,9287,229419,146517,120488,107858
01/07/2008 00:00,Scotland,134444,8009,229792,145663,119846,104870
01/08/2008 00:00,Scotland,132590,7791,231974,141116,115963,103926
01/09/2008 00:00,Scotland,127429,6478,220186,136043,112282,100023
01/10/2008 00:00,Scotland,128794,7185,225717,139230,113952,99614
01/11/2008 00:00,Scotland,124927,5397,213517,134893,110188,98138
01/12/2008 00:00,Scotland,121026,5098,204568,130591,107635,95241
01/01/2009 00:00,Scotland,119792,3803,210260,128877,105010,93217
01/02/2009 00:00,Scotland,116433,3274,201557,126142,101577,91426
01/03/2009 00:00,Scotland,120988,4443,210624,129762,105868,94996
01/04/2009 00:00,Scotland,122189,4908,208926,132459,108376,95639
01/05/2009 00:00,Scotland,125773,5580,215193,135523,110805,99227
01/06/2009 00:00,Scotland,127072,6180,220835,136388,111511,99650
01/07/2009 00:00,Scotland,128109,6936,221072,137862,113000,100447
01/08/2009 00:00,Scotland,127658,6338,224392,137724,112246,98857
01/09/2009 00:00,Scotland,126761,6466,222303,136226,111450,98559
01/10/2009 00:00,Scotland,127904,7243,223950,139131,113410,98250
01/11/2009 00:00,Scotland,129125,6625,227602,138675,113886,99852
01/12/2009 00:00,Scotland,128022,7226,221403,139334,114198,98762
01/01/2010 00:00,Scotland,124112,4368,222220,134459,109787,94214
01/02/2010 00:00,Scotland,121755,3894,218220,132887,107513,92033
01/03/2010 00:00,Scotland,124038,5667,222360,135310,109971,93497
01/04/2010 00:00,Scotland,128143,6301,223935,139698,114161,98146
01/05/2010 00:00,Scotland,127965,5860,226474,138789,113277,97866
01/06/2010 00:00,Scotland,129189,7138,227774,140528,114726,98664
01/07/2010 00:00,Scotland,130339,7479,232761,141898,115422,98742
01/08/2010 00:00,Scotland,128781,6545,234729,140149,112632,96985
01/09/2010 00:00,Scotland,128715,6328,229822,139748,114057,97651
01/10/2010 00:00,Scotland,128708,6968,231664,141142,113970,96485
01/11/2010 00:00,Scotland,126552,6163,231139,138067,110888,94877
01/12/2010 00:00,Scotland,124867,5506,223714,136057,110314,94479
01/01/2011 00:00,Scotland,124856,3912,227301,135770,109849,93752
01/02/2011 00:00,Scotland,121170,3674,222861,131986,106444,90232
01/03/2011 00:00,Scotland,121416,5241,217222,132558,108010,91408
01/04/2011 00:00,Scotland,124954,5686,224360,136395,111115,93837
01/05/2011 00:00,Scotland,124938,5710,221987,135998,110370,95309
01/06/2011 00:00,Scotland,126264,6470,223920,137766,112051,95962
01/07/2011 00:00,Scotland,128400,6735,230765,139553,113165,97326
01/08/2011 00:00,Scotland,127523,6505,231375,139900,112673,95107
01/09/2011 00:00,Scotland,126976,7007,229789,138212,111625,95801
01/10/2011 00:00,Scotland,124255,6008,225384,136192,109355,93038
01/11/2011 00:00,Scotland,123373,6241,220734,135136,108472,93529
01/12/2011 00:00,Scotland,121178,5834,215050,132809,107422,91836
01/01/2012 00:00,Scotland,120989,4471,219524,133616,107097,89683
01/02/2012 00:00,Scotland,117292,4030,213303,129346,104210,86613
01/03/2012 00:00,Scotland,120685,6802,214415,132732,108107,90406
01/04/2012 00:00,Scotland,120417,5553,217245,131595,106669,90289
01/05/2012 00:00,Scotland,121688,5999,219003,133442,108152,90963
01/06/2012 00:00,Scotland,123523,7390,221659,134282,110225,92823
01/07/2012 00:00,Scotland,122685,6025,221000,133644,108825,92213
01/08/2012 00:00,Scotland,121958,7405,219731,134154,109329,90260
01/09/2012 00:00,Scotland,121080,5738,219360,132068,107660,90326
01/10/2012 00:00,Scotland,119920,6292,215292,131301,106508,89965
01/11/2012 00:00,Scotland,118524,6988,214504,130475,106321,87306
01/12/2012 00:00,Scotland,117574,5796,210450,128947,105679,87482
01/01/2013 00:00,Scotland,117973,4652,212962,131200,105408,86732
01/02/2013 00:00,Scotland,115650,4285,212155,128387,103229,84078
01/03/2013 00:00,Scotland,116783,6348,211380,128569,104681,86047
01/04/2013 00:00,Scotland,118758,6182,213006,130282,106214,88526
01/05/2013 00:00,Scotland,120633,7704,215412,132368,107809,90291
01/06/2013 00:00,Scotland,122327,7532,219056,134054,109885,91062
01/07/2013 00:00,Scotland,123580,7618,221950,134782,110244,92575
01/08/2013 00:00,Scotland,124889,8577,223742,137115,111675,93151
01/09/2013 00:00,Scotland,122961,7379,224488,134068,109520,91009
01/10/2013 00:00,Scotland,122611,7994,223215,134586,109723,90214
01/11/2013 00:00,Scotland,123781,8912,227314,136107,110114,90739
01/12/2013 00:00,Scotland,122231,7135,220431,134460,109188,90625
01/01/2014 00:00,Scotland,122220,6493,223406,134166,108886,89937
01/02/2014 00:00,Scotland,120322,5739,218762,131467,107016,89319
01/03/2014 00:00,Scotland,121877,6938,222124,134476,109105,89260
01/04/2014 00:00,Scotland,124711,7619,224152,137740,112638,91690
01/05/2014 00:00,Scotland,126714,8925,229833,139261,113802,93186
01/06/2014 00:00,Scotland,128414,8762,231898,141211,114917,94995
01/07/2014 00:00,Scotland,130067,8149,236223,142805,116561,95770
01/08/2014 00:00,Scotland,130465,9448,235057,143634,116984,96470
01/09/2014 00:00,Scotland,129726,7883,236898,142208,115983,95368
01/10/2014 00:00,Scotland,129927,9179,237145,143159,116167,95222
01/11/2014 00:00,Scotland,128308,8576,235132,140953,114287,94190
01/12/2014 00:00,Scotland,127668,6391,234944,140967,114351,92686
01/01/2015 00:00,Scotland,129869,6189,235906,143196,115948,95609
01/02/2015 00:00,Scotland,127575,5113,234440,140371,113436,93466
01/03/2015 00:00,Scotland,134523,7576,259074,146696,117809,96565
01/04/2015 00:00,Scotland,128978,7936,225403,143478,117146,96134
01/05/2015 00:00,Scotland,130564,8569,230838,144226,117195,97727
01/06/2015 00:00,Scotland,131762,9307,235425,145797,118620,97461
01/07/2015 00:00,Scotland,133810,10021,240138,147335,119881,99311
01/08/2015 00:00,Scotland,133341,8715,242947,146717,118900,98155
01/09/2015 00:00,Scotland,133035,8618,242276,146459,118590,97954
01/10/2015 00:00,Scotland,132471,9767,238638,145996,118711,97940
01/11/2015 00:00,Scotland,133255,8877,241966,146511,118790,98433
01/12/2015 00:00,Scotland,131549,7850,241296,144292,117164,96600
01/01/2016 00:00,Scotland,131634,6118,241374,145747,116886,96304
01/02/2016 00:00,Scotland,129551,5507,237643,144224,116081,93766
01/03/2016 00:00,Scotland,131107,11017,241173,143777,116040,96524
01/04/2016 00:00,Scotland,131303,6820,237227,146285,118739,95493
01/05/2016 00:00,Scotland,133044,7248,235558,147171,119727,99187
01/06/2016 00:00,Scotland,134949,8782,247561,148937,120631,98409
01/07/2016 00:00,Scotland,136931,9249,246131,150936,122686,101418
01/08/2016 00:00,Scotland,135571,8641,248476,150121,121077,98786
01/09/2016 00:00,Scotland,135236,9563,245963,149540,120295,99548
01/10/2016 00:00,Scotland,134368,8503,249917,147995,118527,98011
01/11/2016 00:00,Scotland,135543,8734,248114,149699,119517,99994
01/12/2016 00:00,Scotland,132996,8488,243299,147261,117853,97634
01/01/2017 00:00,Scotland,133141,6380,244154,146514,117320,98368
01/02/2017 00:00,Scotland,130885,5816,242457,143913,114473,96579
01/03/2017 00:00,Scotland,131731,9364,242316,145659,116299,96785
01/04/2017 00:00,Scotland,135773,8139,247587,148677,119343,101084
01/05/2017 00:00,Scotland,136715,8529,247288,150789,120132,101991
01/06/2017 00:00,Scotland,138220,10888,249346,151651,122096,103195
01/07/2017 00:00,Scotland,142004,8943,257365,155297,124594,106339
01/08/2017 00:00,Scotland,141685,9518,257754,154512,125352,105407
01/09/2017 00:00,Scotland,139082,9603,253327,152366,123017,103180
01/10/2017 00:00,Scotland,139591,9047,253535,154444,123388,103296
01/11/2017 00:00,Scotland,140834,8711,255681,154823,123981,104849
01/12/2017 00:00,Scotland,139761,8171,252381,153705,123684,104033
01/01/2018 00:00,Scotland,141353,6111,258960,156302,124724,104166
01/02/2018 00:00,Scotland,140480,5406,257754,153129,123432,104453
01/03/2018 00:00,Scotland,139202,8043,256011,154782,124126,101347
01/04/2018 00:00,Scotland,142832,7495,256212,157887,127354,106086
01/05/2018 00:00,Scotland,143019,8135,257080,157403,126974,106602
01/06/2018 00:00,Scotland,144308,10558,257521,159703,128097,107800
01/07/2018 00:00,Scotland,146056,8899,261877,160296,129521,109288
01/08/2018 00:00,Scotland,146404,10536,264257,161468,130251,108558
01/09/2018 00:00,Scotland,145738,8601,264689,161210,129214,107682
01/10/2018 00:00,Scotland,145816,9127,269519,161471,129130,106488
01/11/2018 00:00,Scotland,143919,10102,259184,158982,127716,106963
01/12/2018 00:00,Scotland,142681,7486,255980,157636,126715,106257
01/01/2019 00:00,Scotland,144124,6654,263329,159364,127530,106213
01/02/2019 00:00,Scotland,141355,5493,257284,156383,125061,104415
01/03/2019 00:00,Scotland,143985,8384,262764,159838,128042,105651
01/04/2019 00:00,Scotland,145110,7927,261872,161025,129654,106969
01/05/2019 00:00,Scotland,145709,9695,261522,161957,130796,107395
01/06/2019 00:00,Scotland,146925,9224,261464,162670,130571,109795
01/07/2019 00:00,Scotland,148942,9001,270599,164198,132391,110033
