InitialTransformedData/HPIInitialTransform.csv
Date,RegionName,AveragePrice,SalesVolume,DetachedPrice,SemiDetachedPrice,TerracedPrice,FlatPrice
01/08/2019 00:00,Scotland,148383,10134,266651,163860,132542,109978
01/09/2019 00:00,Scotland,149037,8826,267484,163678,132796,111041
01/10/2019 00:00,Scotland,148150,9456,268624,165124,131959,108832
01/11/2019 00:00,Scotland,146779,9990,266539,162896,130810,107921
01/12/2019 00:00,Scotland,144623,8072,263653,160140,129157,106053
01/01/2020 00:00,Scotland,147731,7022,270375,164048,131577,108076
01/02/2020 00:00,Scotland,143944,5939,263498,159619,128141,105399
01/03/2020 00:00,Scotland,144948,6447,264199,160538,129277,106397
01/04/2020 00:00,Scotland,146059,2632,271928,163182,131804,104393
01/05/2020 00:00,Scotland,147150,3336,266653,163420,131905,107958
01/06/2020 00:00,Scotland,149474,4089,273179,165956,133657,109199
01/07/2020 00:00,Scotland,148755,5300,273963,164127,132096,108919
01/08/2020 00:00,Scotland,148875,6977,267686,166178,133998,109247
01/09/2020 00:00,Scotland,154532,10619,279197,172528,138954,113075
01/10/2020 00:00,Scotland,156874,12974,285098,174815,141276,114323
01/11/2020 00:00,Scotland,157849,12445,288249,174736,141599,115333
01/12/2020 00:00,Scotland,156254,11148,287388,173040,140158,113581
01/01/2021 00:00,Scotland,157866,7762,283617,173483,140957,117450
01/02/2021 00:00,Scotland,155612,7351,282995,171285,139533,114378
01/03/2021 00:00,Scotland,160963,12235,290153,177842,144782,118584
01/04/2021 00:00,Scotland,154719,7216,279681,169157,138724,114624
01/05/2021 00:00,Scotland,161935,8751,292347,178649,145633,119278
01/06/2021 00:00,Scotland,165261,11184,297517,180198,149520,122272
01/07/2021 00:00,Scotland,168799,10985,308678,187543,151260,123024
01/08/2021 00:00,Scotland,170669,9999,307829,188996,153118,125731
01/09/2021 00:00,Scotland,170829,9506,310887,188587,153699,125040
01/10/2021 00:00,Scotland,170955,10474,315033,189389,152163,124633
01/11/2021 00:00,Scotland,172873,9617,318321,191356,153947,126117
01/12/2021 00:00,Scotland,169213,8942,311950,187448,151933,122662
01/01/2022 00:00,Scotland,173589,7340,321308,192226,154380,126251
01/02/2022 00:00,Scotland,170905,6563,315641,189940,152412,124062
01/03/2022 00:00,Scotland,171510,8199,318609,190920,153880,123489
01/04/2022 00:00,Scotland,175109,8700,324484,194107,157391,126416
01/05/2022 00:00,Scotland,177326,8598,324575,197715,159502,128636
01/06/2022 00:00,Scotland,181120,8695,337711,200571,162710,130322
01/07/2022 00:00,Scotland,182979,9637,332818,203732,165425,132988
01/08/2022 00:00,Scotland,183378,9563,334855,204418,166349,132594
01/09/2022 00:00,Scotland,181639,10127,334063,202735,164751,130645
01/10/2022 00:00,Scotland,182341,9191,338184,202966,164286,131108
01/11/2022 00:00,Scotland,180523,9081,334999,202128,163503,128986
01/12/2022 00:00,Scotland,175560,7906,326649,195573,158766,125644
01/01/2023 00:00,Scotland,175092,5920,327475,196387,157066,125055
01/02/2023 00:00,Scotland,171282,5472,320996,191751,153722,122268
01/03/2023 00:00,Scotland,173352,8146,325091,194875,155199,123639
01/04/2023 00:00,Scotland,175512,7038,324883,198024,157902,125544
01/05/2023 00:00,Scotland,179854,7673,330422,199834,161158,130347
01/06/2023 00:00,Scotland,177705,9380,323540,197691,160855,128648
01/07/2023 00:00,Scotland,181013,8211,329569,202506,163432,130900
01/08/2023 00:00,Scotland,182593,8415,334472,202954,164782,132011
01/09/2023 00:00,Scotland,180364,8495,332691,200391,162792,129915
01/10/2023 00:00,Scotland,180051,7829,332207,202918,163222,128550
01/11/2023 00:00,Scotland,179184,7999,332210,201211,161447,128220
01/12/2023 00:00,Scotland,176538,7227,325252,197483,158738,127123
01/01/2024 00:00,Scotland,179248,6139,331181,201092,162184,128270
01/02/2024 00:00,Scotland,175976,5534,323718,197689,159051,126251
01/03/2024 00:00,Scotland,177638,7783,323611,197865,160100,128892
01/04/2024 00:00,Scotland,180858,7764,325083,203453,164661,130916
01/05/2024 00:00,Scotland,180889,9125,328347,203210,164004,130571
01/06/2024 00:00,Scotland,181775,8600,329285,203703,166320,130852
01/07/2024 00:00,Scotland,185323,8753,334220,208475,169398,133591
01/08/2024 00:00,Scotland,187129,9943,340027,209975,171495,134260
01/09/2024 00:00,Scotland,186508,8430,343658,210752,169747,132793
01/10/2024 00:00,Scotland,187767,9323,343428,210542,171077,134681
01/11/2024 00:00,Scotland,189265,9404,353563,213888,171897,133819
01/12/2024 00:00,Scotland,187005,,350969,211036,169934,131907
01/01/2025 00:00,Scotland,187434,,349919,212062,171546,131938
01/04/1992 00:00,South East,64474,,,,,
01/05/1992 00:00,South East,64474,,,,,
01/06/1992 00:00,South East,64474,,,,,
01/07/1992 00:00,South East,65524,,,,,
01/08/1992 00:00,South East,65524,,,,,
01/09/1992 00:00,South East,65524,,,,,
01/10/1992 00:00,South East,62001,,,,,
01/11/1992 00:00,South East,62001,,,,,
01/12/1992 00:00,South East,62001,,,,,
01/01/1993 00:00,South East,60085,,,,,
01/02/1993 00:00,South East,60085,,,,,
01/03/1993 00:00,South East,60085,,,,,
01/04/1993 00:00,South East,62125,,,,,
01/05/1993 00:00,South East,62125,,,,,
01/06/1993 00:00,South East,62125,,,,,
01/07/1993 00:00,South East,62866,,,,,
01/08/1993 00:00,South East,62866,,,,,
01/09/1993 00:00,South East,62866,,,,,
01/10/1993 00:00,South East,61506,,,,,
01/11/1993 00:00,South East,61506,,,,,
01/12/1993 00:00,South East,61506,,,,,
01/01/1994 00:00,South East,63361,,,,,
01/02/1994 00:00,South East,63361,,,,,
01/03/1994 00:00,South East,63361,,,,,
01/04/1994 00:00,South East,63732,,,,,
01/05/1994 00:00,South East,63732,,,,,
01/06/1994 00:00,South East,63732,,,,,
01/07/1994 00:00,South East,64597,,,,,
01/08/1994 00:00,South East,64597,,,,,
01/09/1994 00:00,South East,64597,,,,,
01/10/1994 00:00,South East,65648,,,,,
01/11/1994 00:00,South East,65648,,,,,
01/12/1994 00:00,South East,65648,,,,,
01/01/1995 00:00,South East,64502,8809,118699,66595,50675,41922
01/02/1995 00:00,South East,64196,8658,116104,66832,50795,41846
01/03/1995 00:00,South East,64597,12177,116823,67071,51283,42068
01/04/1995 00:00,South East,65111,10941,118245,67284,51442,42837
01/05/1995 00:00,South East,65017,11975,117820,67703,51302,42428
01/06/1995 00:00,South East,66005,13288,119390,68598,52027,43462
01/07/1995 00:00,South East,65717,12565,120432,68000,51839,42544
01/08/1995 00:00,South East,65341,13609,119967,67783,51506,42005
01/09/1995 00:00,South East,64838,12698,118456,67314,51144,41948
01/10/1995 00:00,South East,64610,11356,119290,67214,50167,42040
01/11/1995 00:00,South East,64902,11978,119116,67473,50698,42281
01/12/1995 00:00,South East,64745,12709,117343,67457,51119,42149
01/01/1996 00:00,South East,64540,9177,119493,67114,50523,41197
01/02/1996 00:00,South East,64251,9578,117235,67161,50566,41364
01/03/1996 00:00,South East,64290,12633,117936,67199,50507,41096
01/04/1996 00:00,South East,65475,12717,119792,67855,51661,42423
01/05/1996 00:00,South East,65837,15061,119956,68430,52140,42459
01/06/1996 00:00,South East,66425,14394,121050,68960,52221,43535
01/07/1996 00:00,South East,67506,16827,124802,70226,52891,43107
01/08/1996 00:00,South East,67841,18222,125643,70382,53292,43180
01/09/1996 00:00,South East,67703,15466,125439,70218,53089,43233
01/10/1996 00:00,South East,67639,16666,125634,70363,52889,42962
01/11/1996 00:00,South East,68479,17864,126124,71100,53837,43935
01/12/1996 00:00,South East,69290,16879,127340,72321,54485,44177
01/01/1997 00:00,South East,69528,12740,129705,72307,54480,43629
01/02/1997 00:00,South East,70201,12766,130308,72965,54870,44639
01/03/1997 00:00,South East,71255,14336,131152,73852,56131,45540
01/04/1997 00:00,South East,72497,15424,133780,75641,56935,45887
01/05/1997 00:00,South East,73912,17982,136938,77213,57924,46551
01/06/1997 00:00,South East,75002,18465,139717,78048,58846,47020
01/07/1997 00:00,South East,76359,20417,142912,79528,59836,47542
01/08/1997 00:00,South East,78050,19489,146095,81277,60991,48826
01/09/1997 00:00,South East,78656,17515,147746,82003,61443,48863
01/10/1997 00:00,South East,79664,18388,149591,83086,62017,49772
01/11/1997 00:00,South East,80558,15626,151490,83972,62654,50340
01/12/1997 00:00,South East,80441,16565,150137,84385,62657,50235
01/01/1998 00:00,South East,80579,11473,152388,83694,62714,50122
01/02/1998 00:00,South East,80823,11684,150405,84142,62797,51449
01/03/1998 00:00,South East,81797,14261,152461,85559,63946,51057
01/04/1998 00:00,South East,83804,15354,157100,87530,65290,52274
01/05/1998 00:00,South East,84626,16549,157366,88320,66308,52993
01/06/1998 00:00,South East,85660,17473,159774,89207,66667,54165
01/07/1998 00:00,South East,86643,19943,163596,90375,67307,53833
01/08/1998 00:00,South East,87517,17256,165334,90858,68071,54615
01/09/1998 00:00,South East,87377,16286,165279,90932,67698,54570
01/10/1998 00:00,South East,87502,15879,164636,91160,67798,54987
01/11/1998 00:00,South East,87608,15087,165309,91276,67611,55170
01/12/1998 00:00,South East,87439,15235,162725,91170,67835,55661
01/01/1999 00:00,South East,88004,11624,165851,91777,68177,55096
01/02/1999 00:00,South East,88103,11441,165509,91838,68065,55722
01/03/1999 00:00,South East,88688,15704,165428,92353,68704,56546
01/04/1999 00:00,South East,90431,16834,168434,94211,70643,56959
01/05/1999 00:00,South East,91486,16679,170202,95348,71325,57881
01/06/1999 00:00,South East,93186,19649,174157,96858,72602,58850
01/07/1999 00:00,South East,94845,22919,179366,98448,73749,59128
01/08/1999 00:00,South East,97266,21391,183347,100722,75579,61234
01/09/1999 00:00,South East,99884,19630,188648,103172,77357,63282
01/10/1999 00:00,South East,100753,19969,189748,104703,77502,64230
01/11/1999 00:00,South East,102162,19315,191550,105920,79074,65145
01/12/1999 00:00,South East,104125,18718,193722,107774,80900,66954
01/01/2000 00:00,South East,105145,12412,199600,109338,80838,66203
01/02/2000 00:00,South East,105511,13316,197714,109297,81711,67193
01/03/2000 00:00,South East,108578,17221,203760,112796,84092,68740
01/04/2000 00:00,South East,112791,16217,211006,116842,87199,72168
01/05/2000 00:00,South East,113952,16699,213352,118291,87906,72862
01/06/2000 00:00,South East,116512,18898,216565,121154,89934,74970
01/07/2000 00:00,South East,117477,17194,224188,122192,89862,73989
01/08/2000 00:00,South East,119639,16616,227025,123959,91113,76813
01/09/2000 00:00,South East,119057,14783,225703,122957,91017,76441
01/10/2000 00:00,South East,119263,14105,227178,124164,90926,75572
01/11/2000 00:00,South East,118819,14326,226125,122726,90481,76330
01/12/2000 00:00,South East,119881,15570,223790,123908,91593,78517
01/01/2001 00:00,South East,119563,11592,225358,123337,91890,76859
01/02/2001 00:00,South East,120097,11954,225807,124588,92106,77087
01/03/2001 00:00,South East,121681,15488,227709,125938,93443,78689
01/04/2001 00:00,South East,124687,16149,234574,128319,96147,80211
01/05/2001 00:00,South East,126030,18174,234978,130263,97047,81713
01/06/2001 00:00,South East,128656,20497,238017,132556,98948,84815
01/07/2001 00:00,South East,130730,20908,246429,134757,100532,84038
01/08/2001 00:00,South East,132737,22886,248651,136160,102220,86444
01/09/2001 00:00,South East,133694,17634,251390,136685,102654,87444
01/10/2001 00:00,South East,135049,18710,252351,139298,103590,88085
01/11/2001 00:00,South East,136305,18551,254242,140338,104343,89623
01/12/2001 00:00,South East,137498,16197,253979,141386,104990,92098
01/01/2002 00:00,South East,138188,12444,257407,142517,105598,91054
01/02/2002 00:00,South East,137833,13195,254453,141229,106429,91273
01/03/2002 00:00,South East,140476,17178,258762,144621,108054,93220
01/04/2002 00:00,South East,142931,17711,262779,146628,109898,95625
01/05/2002 00:00,South East,147114,23418,268363,151579,113740,97995
01/06/2002 00:00,South East,150248,18724,273978,153471,116234,101275
01/07/2002 00:00,South East,154355,23206,285424,158636,119076,101704
01/08/2002 00:00,South East,158861,23217,290858,162858,123113,105680
01/09/2002 00:00,South East,161048,18618,296005,165502,124098,107162
01/10/2002 00:00,South East,163514,18736,300770,168660,125712,108500
01/11/2002 00:00,South East,166224,18555,305348,170446,128031,111107
01/12/2002 00:00,South East,168198,17777,304699,173493,129564,113532
01/01/2003 00:00,South East,170299,13737,311008,174263,131835,114153
01/02/2003 00:00,South East,170408,12777,308183,175759,131889,114455
01/03/2003 00:00,South East,172160,12762,311567,176623,133405,116187
01/04/2003 00:00,South East,173539,13692,312300,179114,134548,116887
01/05/2003 00:00,South East,175126,14970,314568,180836,136563,117124
01/06/2003 00:00,South East,176849,15071,315568,181640,137309,121026
01/07/2003 00:00,South East,178582,17457,320974,184779,139122,119173
01/08/2003 00:00,South East,179070,18329,321035,184546,139787,120203
01/09/2003 00:00,South East,177714,18160,318251,183235,138946,119099
01/10/2003 00:00,South East,180539,20081,321158,185853,141821,121450
01/11/2003 00:00,South East,181600,19055,323125,187489,142473,121860
01/12/2003 00:00,South East,182063,20275,319158,187354,143728,123975
01/01/2004 00:00,South East,183513,15524,326525,188894,144411,123098
01/02/2004 00:00,South East,184472,14951,325044,189794,145739,124574
01/03/2004 00:00,South East,185937,16856,326337,190825,147350,126027
01/04/2004 00:00,South East,188018,19484,326217,194296,150291,126554
01/05/2004 00:00,South East,191325,18081,328414,197067,153437,130378
01/06/2004 00:00,South East,193700,20246,333323,199263,154723,132530
01/07/2004 00:00,South East,196197,21788,340086,203254,157043,131542
01/08/2004 00:00,South East,199744,19631,345702,205491,159902,135341
01/09/2004 00:00,South East,199227,16683,345947,204951,159141,134871
01/10/2004 00:00,South East,199048,15377,343521,204751,159258,135437
01/11/2004 00:00,South East,201001,13754,346973,206584,160758,136951
01/12/2004 00:00,South East,199286,13851,340525,203905,160133,137339
01/01/2005 00:00,South East,197095,9243,339982,201788,158484,134098
01/02/2005 00:00,South East,197964,9441,340567,203619,158663,134901
01/03/2005 00:00,South East,197976,11332,338594,203299,159610,134985
01/04/2005 00:00,South East,199492,13136,340163,205837,160966,135531
01/05/2005 00:00,South East,200349,13834,342650,205306,161422,137056
01/06/2005 00:00,South East,200722,16154,340903,206051,162753,136910
01/07/2005 00:00,South East,201847,16990,345651,208275,163146,136200
01/08/2005 00:00,South East,202466,16820,348185,207334,163586,137304
01/09/2005 00:00,South East,202698,16735,348028,207650,164212,137157
01/10/2005 00:00,South East,200825,15508,343475,205929,162336,136687
01/11/2005 00:00,South East,202090,16303,344973,207201,163707,137469
01/12/2005 00:00,South East,202298,18119,341211,206446,164405,139572
01/01/2006 00:00,South East,202770,13048,347812,208003,164535,136841
01/02/2006 00:00,South East,203401,13361,345329,208076,165308,138973
01/03/2006 00:00,South East,204255,17079,348329,209365,166045,138519
01/04/2006 00:00,South East,206834,15992,351164,212920,168568,139800
01/05/2006 00:00,South East,210031,17990,358317,215547,170245,142691
01/06/2006 00:00,South East,211136,21344,357541,216521,172125,143692
01/07/2006 00:00,South East,213316,20373,364179,219179,174409,143065
01/08/2006 00:00,South East,214624,22478,368038,220233,175004,143957
01/09/2006 00:00,South East,216474,20639,371879,222418,176159,145062
01/10/2006 00:00,South East,216253,19698,369720,221810,176051,145885
01/11/2006 00:00,South East,218140,19570,373560,224445,177604,146346
01/12/2006 00:00,South East,221044,20999,374402,226275,180819,150073
01/01/2007 00:00,South East,222209,15462,380971,227993,181197,149087
01/02/2007 00:00,South East,221538,14947,377750,226720,179851,150540
01/03/2007 00:00,South East,223253,17562,380981,228862,182719,149962
01/04/2007 00:00,South East,227249,15898,386014,232764,186354,153107
01/05/2007 00:00,South East,231796,18656,392966,236894,189450,157402
01/06/2007 00:00,South East,233432,21237,397438,238711,190843,157725
01/07/2007 00:00,South East,237575,20581,408316,243006,194401,158914
01/08/2007 00:00,South East,237788,22453,409496,243925,194457,158400
01/09/2007 00:00,South East,240100,17077,414049,245389,195472,161141
01/10/2007 00:00,South East,240647,18164,415033,245062,196092,161929
01/11/2007 00:00,South East,240470,17067,415095,245788,195285,161678
01/12/2007 00:00,South East,238888,13779,409889,244392,194072,161308
01/01/2008 00:00,South East,237074,9842,411861,241666,191998,159366
01/02/2008 00:00,South East,233574,10386,402221,238686,189960,157200
01/03/2008 00:00,South East,234248,9643,402568,240252,191753,156306
01/04/2008 00:00,South East,232605,10465,403949,237989,190146,154330
01/05/2008 00:00,South East,233826,11241,403542,240007,190465,156106
01/06/2008 00:00,South East,230941,10213,399386,237025,188555,153529
01/07/2008 00:00,South East,229526,9011,400295,235862,186649,151871
01/08/2008 00:00,South East,222187,8965,388834,227728,179798,147685
01/09/2008 00:00,South East,216790,7326,381642,221034,175927,143650
01/10/2008 00:00,South East,210598,7821,368962,214997,170266,140526
01/11/2008 00:00,South East,204620,6293,359166,210125,165216,135692
01/12/2008 00:00,South East,201861,7110,351391,206807,165118,133379
01/01/2009 00:00,South East,196036,5129,346331,199580,157678,130874
01/02/2009 00:00,South East,193166,4907,335263,197840,156570,129722
01/03/2009 00:00,South East,192598,6482,336162,196243,156116,129266
01/04/2009 00:00,South East,194568,7214,336409,199751,158833,129708
01/05/2009 00:00,South East,198240,8509,343773,203578,161895,131505
01/06/2009 00:00,South East,200821,10151,349860,205935,164446,132178
01/07/2009 00:00,South East,204085,12207,357202,209758,166866,133318
01/08/2009 00:00,South East,208289,11294,365220,214078,170454,135572
01/09/2009 00:00,South East,211006,11320,370035,216453,172740,137617
01/10/2009 00:00,South East,212096,12281,371946,218855,173335,137509
01/11/2009 00:00,South East,213753,11681,375834,219407,175764,138000
01/12/2009 00:00,South East,213276,14941,369070,220345,176065,138741
01/01/2010 00:00,South East,219580,6601,390290,226585,179879,139330
