InitialTransformedData/HPIInitialTransform.csv
Date,RegionName,AveragePrice,SalesVolume,DetachedPrice,SemiDetachedPrice,TerracedPrice,FlatPrice
01/09/2008 00:00,South West,184041,4612,302503,183706,153656,124896
01/10/2008 00:00,South West,179934,5068,292222,179851,150430,123504
01/11/2008 00:00,South West,173457,4088,281406,174392,144791,118750
01/12/2008 00:00,South West,169172,4822,274944,169243,141882,115399
01/01/2009 00:00,South West,167438,3040,274562,167468,139203,114393
01/02/2009 00:00,South West,167215,3286,271911,167054,139508,115426
01/03/2009 00:00,South West,165684,4207,268162,165083,139010,114643
01/04/2009 00:00,South West,165385,4753,266099,165825,139564,113453
01/05/2009 00:00,South West,168112,5754,272314,168760,141229,114655
01/06/2009 00:00,South West,171781,6581,279003,172084,144562,116606
01/07/2009 00:00,South West,173667,7644,282885,174510,146854,115800
01/08/2009 00:00,South West,175509,7145,286307,177256,148033,116387
01/09/2009 00:00,South West,178055,7165,289501,178504,150603,119456
01/10/2009 00:00,South West,178549,7984,291314,179401,150896,118841
01/11/2009 00:00,South West,179440,7375,294845,179874,151527,118519
01/12/2009 00:00,South West,180306,9799,290747,181820,153759,120005
01/01/2010 00:00,South West,181839,3872,299865,182844,153783,118503
01/02/2010 00:00,South West,182535,4734,300334,184392,154018,119137
01/03/2010 00:00,South West,181922,5742,297716,182781,153963,120245
01/04/2010 00:00,South West,183875,6178,301394,185620,155397,120636
01/05/2010 00:00,South West,185803,6113,305074,186880,156936,122292
01/06/2010 00:00,South West,186550,7417,303808,188185,158893,122300
01/07/2010 00:00,South West,187835,7788,310251,189381,158757,121699
01/08/2010 00:00,South West,189327,7117,313189,191952,159374,122198
01/09/2010 00:00,South West,188980,6796,313198,190075,159445,122487
01/10/2010 00:00,South West,187399,6862,309873,189306,157955,121414
01/11/2010 00:00,South West,185013,6509,306966,186830,155101,120324
01/12/2010 00:00,South West,183123,6617,302304,184885,154396,119042
01/01/2011 00:00,South West,182406,3992,303651,183326,153133,118418
01/02/2011 00:00,South West,181130,4297,300351,182328,152244,117901
01/03/2011 00:00,South West,181050,5123,300913,181337,152011,118471
01/04/2011 00:00,South West,181691,5864,300437,182582,153108,118634
01/05/2011 00:00,South West,180882,5577,298021,182747,151821,118773
01/06/2011 00:00,South West,182891,6522,299150,184785,154409,120418
01/07/2011 00:00,South West,184599,6992,303841,186275,155814,120442
01/08/2011 00:00,South West,185275,7390,307600,187660,156130,118661
01/09/2011 00:00,South West,182896,7280,303930,184284,154209,117752
01/10/2011 00:00,South West,183152,6777,305274,185205,153800,117489
01/11/2011 00:00,South West,182349,6873,302862,184635,152283,118668
01/12/2011 00:00,South West,180895,7314,300102,182985,151530,117495
01/01/2012 00:00,South West,183323,5096,303063,186276,154524,117710
01/02/2012 00:00,South West,183044,5198,303549,185561,154456,116990
01/03/2012 00:00,South West,181525,6908,295731,184605,154173,118026
01/04/2012 00:00,South West,184271,4890,304573,186195,155158,119619
01/05/2012 00:00,South West,183733,5929,302157,186295,155034,119322
01/06/2012 00:00,South West,185129,6715,302792,187277,157719,119704
01/07/2012 00:00,South West,186786,6815,307940,188495,158356,120493
01/08/2012 00:00,South West,185340,7640,305521,188128,157518,117972
01/09/2012 00:00,South West,184995,6017,303958,187306,157530,118511
01/10/2012 00:00,South West,185136,6771,305734,187302,156382,119424
01/11/2012 00:00,South West,184755,7187,304780,187187,156654,118296
01/12/2012 00:00,South West,181353,6484,298292,183817,154361,115847
01/01/2013 00:00,South West,183206,4677,301334,187541,155260,116258
01/02/2013 00:00,South West,182642,4943,301148,185658,154874,116419
01/03/2013 00:00,South West,183856,5972,302630,186676,155187,118792
01/04/2013 00:00,South West,186599,5652,306653,190183,158187,119280
01/05/2013 00:00,South West,186128,7337,304753,189322,157899,119986
01/06/2013 00:00,South West,186532,7521,305007,189450,158881,119894
01/07/2013 00:00,South West,188269,8260,308754,191267,160280,120415
01/08/2013 00:00,South West,189653,9214,310828,193531,161288,120903
01/09/2013 00:00,South West,191153,8118,316167,193689,162076,121726
01/10/2013 00:00,South West,190381,9061,314637,193821,160651,121676
01/11/2013 00:00,South West,190595,9815,313490,194658,161253,121730
01/12/2013 00:00,South West,191692,9321,313085,195655,162491,123707
01/01/2014 00:00,South West,191343,7412,314785,194647,161976,122740
01/02/2014 00:00,South West,192051,7672,316643,195914,162455,122508
01/03/2014 00:00,South West,193627,7494,316578,197812,164155,124460
01/04/2014 00:00,South West,196976,8260,322534,200720,167574,125992
01/05/2014 00:00,South West,196985,8813,320978,200589,167662,126968
01/06/2014 00:00,South West,197646,9577,322318,201529,167550,127864
01/07/2014 00:00,South West,201750,9972,330533,206115,172002,128090
01/08/2014 00:00,South West,204353,10229,336107,208620,173630,129789
01/09/2014 00:00,South West,205994,9277,337634,209833,175293,131559
01/10/2014 00:00,South West,204759,10261,335765,208543,173669,131405
01/11/2014 00:00,South West,203453,8499,334346,207881,172072,130227
01/12/2014 00:00,South West,204203,9535,334279,207894,172767,131997
01/01/2015 00:00,South West,205460,6613,337309,209393,173513,132441
01/02/2015 00:00,South West,202730,6543,332591,206399,171638,130442
01/03/2015 00:00,South West,204718,7558,336281,208891,172617,131991
01/04/2015 00:00,South West,207065,7557,340193,211126,175650,132225
01/05/2015 00:00,South West,207988,8517,340482,212287,175883,134152
01/06/2015 00:00,South West,210000,10048,343559,214697,178491,134138
01/07/2015 00:00,South West,212376,10642,347860,217334,180262,135546
01/08/2015 00:00,South West,215432,9970,353230,220237,182851,137442
01/09/2015 00:00,South West,216615,9895,357458,220606,183175,138255
01/10/2015 00:00,South West,216413,10353,355342,221247,183706,137709
01/11/2015 00:00,South West,218598,9283,360048,223615,184920,139102
01/12/2015 00:00,South West,218950,9766,361006,223609,185130,139482
01/01/2016 00:00,South West,218652,7182,358027,224925,184938,139559
01/02/2016 00:00,South West,219595,8027,360477,225218,186165,139546
01/03/2016 00:00,South West,225467,14439,371640,229446,190372,144689
01/04/2016 00:00,South West,219704,5901,358041,225188,186714,140827
01/05/2016 00:00,South West,223257,7144,360548,228196,190005,145414
01/06/2016 00:00,South West,225556,9089,367730,230558,191447,145281
01/07/2016 00:00,South West,227453,9342,369116,232663,193806,146520
01/08/2016 00:00,South West,228579,9821,371771,233734,194537,147063
01/09/2016 00:00,South West,228885,9276,374986,234206,193427,147139
01/10/2016 00:00,South West,227406,8873,371628,232867,191652,147350
01/11/2016 00:00,South West,228886,9086,377587,233784,191917,147764
01/12/2016 00:00,South West,228054,9921,374223,232491,192000,147846
01/01/2017 00:00,South West,230507,6958,378398,235612,193820,149169
01/02/2017 00:00,South West,230810,7145,377667,234443,193912,151393
01/03/2017 00:00,South West,229946,8763,377707,234482,192603,149988
01/04/2017 00:00,South West,232109,7470,379696,236820,195304,151144
01/05/2017 00:00,South West,234080,8279,379723,239410,196340,154664
01/06/2017 00:00,South West,236500,10186,385698,241158,199275,154477
01/07/2017 00:00,South West,240231,9322,391358,245563,201912,157332
01/08/2017 00:00,South West,241705,10281,393665,247064,204304,156967
01/09/2017 00:00,South West,240679,9403,394870,246241,202958,155014
01/10/2017 00:00,South West,242236,9426,396325,248449,203742,156839
01/11/2017 00:00,South West,240656,9494,393562,246862,202433,155874
01/12/2017 00:00,South West,240621,9462,393514,246775,202961,155216
01/01/2018 00:00,South West,243733,6722,399487,250516,204791,157252
01/02/2018 00:00,South West,242054,7110,397454,247771,203479,156417
01/03/2018 00:00,South West,241882,7734,396694,248290,203948,155318
01/04/2018 00:00,South West,241533,7058,395529,248875,204608,153595
01/05/2018 00:00,South West,242381,8038,398290,249491,204489,154462
01/06/2018 00:00,South West,243801,9476,398487,251590,205404,156535
01/07/2018 00:00,South West,247941,8792,407841,254965,209015,158137
01/08/2018 00:00,South West,249459,10305,408791,257003,210904,158977
01/09/2018 00:00,South West,249819,8137,411113,257354,210494,158982
01/10/2018 00:00,South West,247946,9362,408358,255787,208392,157916
01/11/2018 00:00,South West,247975,9595,409018,255617,209141,156865
01/12/2018 00:00,South West,247636,8447,407147,255504,207755,158575
01/01/2019 00:00,South West,245759,6526,407179,253458,206130,155585
01/02/2019 00:00,South West,246349,6476,406884,254030,206445,156989
01/03/2019 00:00,South West,244233,7615,401979,253106,205515,154498
01/04/2019 00:00,South West,244108,6983,399711,252691,207068,153968
01/05/2019 00:00,South West,243728,7763,399877,252138,206352,153829
01/06/2019 00:00,South West,243886,8057,400815,252827,205880,153806
01/07/2019 00:00,South West,249181,8596,409106,257525,210908,157371
01/08/2019 00:00,South West,249320,9127,409980,257677,211637,156342
01/09/2019 00:00,South West,249763,7938,410092,257157,211877,157937
01/10/2019 00:00,South West,249635,8781,409813,259513,210674,157198
01/11/2019 00:00,South West,247600,9101,408056,257317,209383,154512
01/12/2019 00:00,South West,247416,8489,405587,256067,209839,155851
01/01/2020 00:00,South West,248521,6566,408683,258616,210226,155288
01/02/2020 00:00,South West,247281,6465,407630,256531,209782,153824
01/03/2020 00:00,South West,250417,6818,411864,260046,211949,156754
01/04/2020 00:00,South West,247576,2467,408323,258168,210901,151721
01/05/2020 00:00,South West,247280,3494,405845,257762,209067,154791
01/06/2020 00:00,South West,250343,5379,409097,260577,213140,156432
01/07/2020 00:00,South West,254397,6413,418617,264335,215542,158705
01/08/2020 00:00,South West,255918,6477,422163,266886,217575,157272
01/09/2020 00:00,South West,260328,7310,431058,270214,221083,160298
01/10/2020 00:00,South West,262275,9373,435999,271823,223179,160227
01/11/2020 00:00,South West,263680,9128,437257,273103,224427,161861
01/12/2020 00:00,South West,266843,10808,441882,275900,227701,163924
01/01/2021 00:00,South West,263614,8374,429927,272891,225554,165251
01/02/2021 00:00,South West,264702,10920,430732,273484,226890,166628
01/03/2021 00:00,South West,268671,15555,434737,276915,230811,170921
01/04/2021 00:00,South West,265562,10061,432529,273888,227716,167214
01/05/2021 00:00,South West,262927,8283,429124,272257,225472,163886
01/06/2021 00:00,South West,281947,19196,456018,288773,244189,178731
01/07/2021 00:00,South West,258746,5738,420511,269663,221310,161731
01/08/2021 00:00,South West,272401,8309,448281,282945,232629,167531
01/09/2021 00:00,South West,283935,15878,463314,293400,244346,176537
01/10/2021 00:00,South West,276090,5759,461620,286185,234118,167266
01/11/2021 00:00,South West,284105,7896,471456,295410,241661,172875
01/12/2021 00:00,South West,285237,9005,472131,294199,243878,175005
01/01/2022 00:00,South West,291018,6560,480859,302503,248512,177426
01/02/2022 00:00,South West,291034,7510,480246,302137,248103,178838
01/03/2022 00:00,South West,291647,8640,481903,303776,248937,177401
01/04/2022 00:00,South West,296983,7783,489073,307652,255305,181096
01/05/2022 00:00,South West,301875,7751,496439,314364,259315,183408
01/06/2022 00:00,South West,299771,8145,492592,311994,257362,182785
01/07/2022 00:00,South West,309032,8500,508006,323174,266328,185615
01/08/2022 00:00,South West,314238,8865,518122,326467,271459,188598
01/09/2022 00:00,South West,314370,9058,518642,327651,270526,188853
01/10/2022 00:00,South West,313800,8820,518916,327017,269526,188250
01/11/2022 00:00,South West,313892,8875,518966,326664,270028,188239
01/12/2022 00:00,South West,308957,8684,506999,321115,266163,188141
01/01/2023 00:00,South West,309102,5719,512852,324264,264340,183724
01/02/2023 00:00,South West,306826,5738,509451,320199,261947,183690
01/03/2023 00:00,South West,303206,6565,504191,317279,257631,181816
01/04/2023 00:00,South West,302791,4645,502958,317673,258166,180431
01/05/2023 00:00,South West,302199,5027,498098,315640,258127,182425
01/06/2023 00:00,South West,300808,6526,496941,313988,258206,179909
01/07/2023 00:00,South West,306036,6084,504856,321470,263309,181507
01/08/2023 00:00,South West,307132,7051,508033,321950,264945,181248
01/09/2023 00:00,South West,304837,6974,503137,318733,262697,181185
01/10/2023 00:00,South West,305147,6671,501635,319777,261973,182862
01/11/2023 00:00,South West,299952,6338,495045,314637,256801,179294
01/12/2023 00:00,South West,294676,6034,483300,308871,253529,176566
01/01/2024 00:00,South West,299150,4915,492748,313641,257796,177753
01/02/2024 00:00,South West,297982,5207,488598,313912,256333,177680
01/03/2024 00:00,South West,295864,5754,485077,309990,253925,178393
01/04/2024 00:00,South West,300694,5212,489125,316443,259538,180854
01/05/2024 00:00,South West,300471,6088,489729,316267,259402,180054
01/06/2024 00:00,South West,299259,5699,487871,314827,259655,177976
01/07/2024 00:00,South West,302078,6128,492249,318247,262339,179172
01/08/2024 00:00,South West,305320,6392,497930,322037,265427,180295
01/09/2024 00:00,South West,308572,5566,508746,326200,266471,180462
01/10/2024 00:00,South West,312896,6283,508719,329424,271330,186861
01/11/2024 00:00,South West,306468,5193,497779,325506,264773,182202
01/12/2024 00:00,South West,307071,,501678,325952,264889,181473
01/01/2025 00:00,South West,307233,,502001,326410,266744,179491
01/04/1968 00:00,Wales,2732,,,,,
01/05/1968 00:00,Wales,2732,,,,,
01/06/1968 00:00,Wales,2732,,,,,
01/07/1968 00:00,Wales,2864,,,,,
01/08/1968 00:00,Wales,2864,,,,,
01/09/1968 00:00,Wales,2864,,,,,
01/10/1968 00:00,Wales,2878,,,,,
01/11/1968 00:00,Wales,2878,,,,,
01/12/1968 00:00,Wales,2878,,,,,
01/01/1969 00:00,Wales,2878,,,,,
01/02/1969 00:00,Wales,2878,,,,,
01/03/1969 00:00,Wales,2878,,,,,
01/04/1969 00:00,Wales,2805,,,,,
01/05/1969 00:00,Wales,2805,,,,,
01/06/1969 00:00,Wales,2805,,,,,
01/07/1969 00:00,Wales,2893,,,,,
01/08/1969 00:00,Wales,2893,,,,,
01/09/1969 00:00,Wales,2893,,,,,
01/10/1969 00:00,Wales,3127,,,,,
01/11/1969 00:00,Wales,3127,,,,,
01/12/1969 00:00,Wales,3127,,,,,
01/01/1970 00:00,Wales,3010,,,,,
01/02/1970 00:00,Wales,3010,,,,,
01/03/1970 00:00,Wales,3010,,,,,
01/04/1970 00:00,Wales,3127,,,,,
01/05/1970 00:00,Wales,3127,,,,,
01/06/1970 00:00,Wales,3127,,,,,
01/07/1970 00:00,Wales,3273,,,,,
01/08/1970 00:00,Wales,3273,,,,,
01/09/1970 00:00,Wales,3273,,,,,
01/10/1970 00:00,Wales,3214,,,,,
01/11/1970 00:00,Wales,3214,,,,,
01/12/1970 00:00,Wales,3214,,,,,
01/01/1971 00:00,Wales,3156,,,,,
01/02/1971 00:00,Wales,3156,,,,,
01/03/1971 00:00,Wales,3156,,,,,
01/04/1971 00:00,Wales,3360,,,,,
01/05/1971 00:00,Wales,3360,,,,,
01/06/1971 00:00,Wales,3360,,,,,
01/07/1971 00:00,Wales,3521,,,,,
01/08/1971 00:00,Wales,3521,,,,,
01/09/1971 00:00,Wales,3521,,,,,
01/10/1971 00:00,Wales,3506,,,,,
01/11/1971 00:00,Wales,3506,,,,,
01/12/1971 00:00,Wales,3506,,,,,
01/01/1972 00:00,Wales,3813,,,,,
01/02/1972 00:00,Wales,3813,,,,,
01/03/1972 00:00,Wales,3813,,,,,
01/04/1972 00:00,Wales,3959,,,,,
01/05/1972 00:00,Wales,3959,,,,,
01/06/1972 00:00,Wales,3959,,,,,
01/07/1972 00:00,Wales,4412,,,,,
01/08/1972 00:00,Wales,4412,,,,,
01/09/1972 00:00,Wales,4412,,,,,
01/10/1972 00:00,Wales,4953,,,,,
01/11/1972 00:00,Wales,4953,,,,,
01/12/1972 00:00,Wales,4953,,,,,
01/01/1973 00:00,Wales,5347,,,,,
01/02/1973 00:00,Wales,5347,,,,,
01/03/1973 00:00,Wales,5347,,,,,
01/04/1973 00:00,Wales,5625,,,,,
01/05/1973 00:00,Wales,5625,,,,,
01/06/1973 00:00,Wales,5625,,,,,
01/07/1973 00:00,Wales,6268,,,,,
01/08/1973 00:00,Wales,6268,,,,,
01/09/1973 00:00,Wales,6268,,,,,
01/10/1973 00:00,Wales,6560,,,,,
01/11/1973 00:00,Wales,6560,,,,,
01/12/1973 00:00,Wales,6560,,,,,
01/01/1974 00:00,Wales,6297,,,,,
01/02/1974 00:00,Wales,6297,,,,,
01/03/1974 00:00,Wales,6297,,,,,
01/04/1974 00:00,Wales,6385,,,,,
01/05/1974 00:00,Wales,6385,,,,,
01/06/1974 00:00,Wales,6385,,,,,
01/07/1974 00:00,Wales,6618,,,,,
01/08/1974 00:00,Wales,6618,,,,,
01/09/1974 00:00,Wales,6618,,,,,
01/10/1974 00:00,Wales,6984,,,,,
01/11/1974 00:00,Wales,6984,,,,,
01/12/1974 00:00,Wales,6984,,,,,
01/01/1975 00:00,Wales,6823,,,,,
01/02/1975 00:00,Wales,6823,,,,,
01/03/1975 00:00,Wales,6823,,,,,
01/04/1975 00:00,Wales,6984,,,,,
01/05/1975 00:00,Wales,6984,,,,,
01/06/1975 00:00,Wales,6984,,,,,
01/07/1975 00:00,Wales,7422,,,,,
01/08/1975 00:00,Wales,7422,,,,,
01/09/1975 00:00,Wales,7422,,,,,
01/10/1975 00:00,Wales,7276,,,,,
01/11/1975 00:00,Wales,7276,,,,,
01/12/1975 00:00,Wales,7276,,,,,
01/01/1976 00:00,Wales,7670,,,,,
01/02/1976 00:00,Wales,7670,,,,,
01/03/1976 00:00,Wales,7670,,,,,
01/04/1976 00:00,Wales,7699,,,,,
01/05/1976 00:00,Wales,7699,,,,,
01/06/1976 00:00,Wales,7699,,,,,
01/07/1976 00:00,Wales,7919,,,,,
01/08/1976 00:00,Wales,7919,,,,,
01/09/1976 00:00,Wales,7919,,,,,
01/10/1976 00:00,Wales,8109,,,,,
01/11/1976 00:00,Wales,8109,,,,,
01/12/1976 00:00,Wales,8109,,,,,
01/01/1977 00:00,Wales,7933,,,,,
01/02/1977 00:00,Wales,7933,,,,,
01/03/1977 00:00,Wales,7933,,,,,
01/04/1977 00:00,Wales,8269,,,,,
01/05/1977 00:00,Wales,8269,,,,,
01/06/1977 00:00,Wales,8269,,,,,
01/07/1977 00:00,Wales,8313,,,,,
01/08/1977 00:00,Wales,8313,,,,,
01/09/1977 00:00,Wales,8313,,,,,
01/10/1977 00:00,Wales,8561,,,,,
01/11/1977 00:00,Wales,8561,,,,,
01/12/1977 00:00,Wales,8561,,,,,
01/01/1978 00:00,Wales,9117,,,,,
01/02/1978 00:00,Wales,9117,,,,,
01/03/1978 00:00,Wales,9117,,,,,
01/04/1978 00:00,Wales,9219,,,,,
01/05/1978 00:00,Wales,9219,,,,,
01/06/1978 00:00,Wales,9219,,,,,
01/07/1978 00:00,Wales,9803,,,,,
01/08/1978 00:00,Wales,9803,,,,,
01/09/1978 00:00,Wales,9803,,,,,
01/10/1978 00:00,Wales,10315,,,,,
01/11/1978 00:00,Wales,10315,,,,,
01/12/1978 00:00,Wales,10315,,,,,
01/01/1979 00:00,Wales,10680,,,,,
01/02/1979 00:00,Wales,10680,,,,,
01/03/1979 00:00,Wales,10680,,,,,
01/04/1979 00:00,Wales,11790,,,,,
01/05/1979 00:00,Wales,11790,,,,,
