InitialTransformedData/HPIInitialTransform.csv
Date,RegionName,AveragePrice,SalesVolume,DetachedPrice,SemiDetachedPrice,TerracedPrice,FlatPrice
01/06/1979 00:00,Wales,11790,,,,,
01/07/1979 00:00,Wales,12784,,,,,
01/08/1979 00:00,Wales,12784,,,,,
01/09/1979 00:00,Wales,12784,,,,,
01/10/1979 00:00,Wales,13602,,,,,
01/11/1979 00:00,Wales,13602,,,,,
01/12/1979 00:00,Wales,13602,,,,,
01/01/1980 00:00,Wales,13719,,,,,
01/02/1980 00:00,Wales,13719,,,,,
01/03/1980 00:00,Wales,13719,,,,,
01/04/1980 00:00,Wales,14435,,,,,
01/05/1980 00:00,Wales,14435,,,,,
01/06/1980 00:00,Wales,14435,,,,,
01/07/1980 00:00,Wales,14844,,,,,
01/08/1980 00:00,Wales,14844,,,,,
01/09/1980 00:00,Wales,14844,,,,,
01/10/1980 00:00,Wales,15574,,,,,
01/11/1980 00:00,Wales,15574,,,,,
01/12/1980 00:00,Wales,15574,,,,,
01/01/1981 00:00,Wales,15034,,,,,
01/02/1981 00:00,Wales,15034,,,,,
01/03/1981 00:00,Wales,15034,,,,,
01/04/1981 00:00,Wales,15823,,,,,
01/05/1981 00:00,Wales,15823,,,,,
01/06/1981 00:00,Wales,15823,,,,,
01/07/1981 00:00,Wales,17167,,,,,
01/08/1981 00:00,Wales,17167,,,,,
01/09/1981 00:00,Wales,17167,,,,,
01/10/1981 00:00,Wales,15384,,,,,
01/11/1981 00:00,Wales,15384,,,,,
01/12/1981 00:00,Wales,15384,,,,,
01/01/1982 00:00,Wales,15472,,,,,
01/02/1982 00:00,Wales,15472,,,,,
01/03/1982 00:00,Wales,15472,,,,,
01/04/1982 00:00,Wales,16801,,,,,
01/05/1982 00:00,Wales,16801,,,,,
01/06/1982 00:00,Wales,16801,,,,,
01/07/1982 00:00,Wales,17181,,,,,
01/08/1982 00:00,Wales,17181,,,,,
01/09/1982 00:00,Wales,17181,,,,,
01/10/1982 00:00,Wales,17254,,,,,
01/11/1982 00:00,Wales,17254,,,,,
01/12/1982 00:00,Wales,17254,,,,,
01/01/1983 00:00,Wales,17094,,,,,
01/02/1983 00:00,Wales,17094,,,,,
01/03/1983 00:00,Wales,17094,,,,,
01/04/1983 00:00,Wales,17824,,,,,
01/05/1983 00:00,Wales,17824,,,,,
01/06/1983 00:00,Wales,17824,,,,,
01/07/1983 00:00,Wales,18993,,,,,
01/08/1983 00:00,Wales,18993,,,,,
01/09/1983 00:00,Wales,18993,,,,,
01/10/1983 00:00,Wales,19285,,,,,
01/11/1983 00:00,Wales,19285,,,,,
01/12/1983 00:00,Wales,19285,,,,,
01/01/1984 00:00,Wales,18555,,,,,
01/02/1984 00:00,Wales,18555,,,,,
01/03/1984 00:00,Wales,18555,,,,,
01/04/1984 00:00,Wales,18701,,,,,
01/05/1984 00:00,Wales,18701,,,,,
01/06/1984 00:00,Wales,18701,,,,,
01/07/1984 00:00,Wales,19285,,,,,
01/08/1984 00:00,Wales,19285,,,,,
01/09/1984 00:00,Wales,19285,,,,,
01/10/1984 00:00,Wales,19577,,,,,
01/11/1984 00:00,Wales,19577,,,,,
01/12/1984 00:00,Wales,19577,,,,,
01/01/1985 00:00,Wales,20308,,,,,
01/02/1985 00:00,Wales,20308,,,,,
01/03/1985 00:00,Wales,20308,,,,,
01/04/1985 00:00,Wales,20162,,,,,
01/05/1985 00:00,Wales,20162,,,,,
01/06/1985 00:00,Wales,20162,,,,,
01/07/1985 00:00,Wales,20746,,,,,
01/08/1985 00:00,Wales,20746,,,,,
01/09/1985 00:00,Wales,20746,,,,,
01/10/1985 00:00,Wales,20746,,,,,
01/11/1985 00:00,Wales,20746,,,,,
01/12/1985 00:00,Wales,20746,,,,,
01/01/1986 00:00,Wales,20892,,,,,
01/02/1986 00:00,Wales,20892,,,,,
01/03/1986 00:00,Wales,20892,,,,,
01/04/1986 00:00,Wales,21038,,,,,
01/05/1986 00:00,Wales,21038,,,,,
01/06/1986 00:00,Wales,21038,,,,,
01/07/1986 00:00,Wales,22938,,,,,
01/08/1986 00:00,Wales,22938,,,,,
01/09/1986 00:00,Wales,22938,,,,,
01/10/1986 00:00,Wales,22645,,,,,
01/11/1986 00:00,Wales,22645,,,,,
01/12/1986 00:00,Wales,22645,,,,,
01/01/1987 00:00,Wales,23376,,,,,
01/02/1987 00:00,Wales,23376,,,,,
01/03/1987 00:00,Wales,23376,,,,,
01/04/1987 00:00,Wales,23522,,,,,
01/05/1987 00:00,Wales,23522,,,,,
01/06/1987 00:00,Wales,23522,,,,,
01/07/1987 00:00,Wales,24545,,,,,
01/08/1987 00:00,Wales,24545,,,,,
01/09/1987 00:00,Wales,24545,,,,,
01/10/1987 00:00,Wales,25545,,,,,
01/11/1987 00:00,Wales,25545,,,,,
01/12/1987 00:00,Wales,25545,,,,,
01/01/1988 00:00,Wales,25545,,,,,
01/02/1988 00:00,Wales,25545,,,,,
01/03/1988 00:00,Wales,25545,,,,,
01/04/1988 00:00,Wales,27193,,,,,
01/05/1988 00:00,Wales,27193,,,,,
01/06/1988 00:00,Wales,27193,,,,,
01/07/1988 00:00,Wales,31313,,,,,
01/08/1988 00:00,Wales,31313,,,,,
01/09/1988 00:00,Wales,31313,,,,,
01/10/1988 00:00,Wales,32137,,,,,
01/11/1988 00:00,Wales,32137,,,,,
01/12/1988 00:00,Wales,32137,,,,,
01/01/1989 00:00,Wales,36463,,,,,
01/02/1989 00:00,Wales,36463,,,,,
01/03/1989 00:00,Wales,36463,,,,,
01/04/1989 00:00,Wales,40583,,,,,
01/05/1989 00:00,Wales,40583,,,,,
01/06/1989 00:00,Wales,40583,,,,,
01/07/1989 00:00,Wales,41613,,,,,
01/08/1989 00:00,Wales,41613,,,,,
01/09/1989 00:00,Wales,41613,,,,,
01/10/1989 00:00,Wales,39965,,,,,
01/11/1989 00:00,Wales,39965,,,,,
01/12/1989 00:00,Wales,39965,,,,,
01/01/1990 00:00,Wales,40372,,,,,
01/02/1990 00:00,Wales,40372,,,,,
01/03/1990 00:00,Wales,40372,,,,,
01/04/1990 00:00,Wales,38963,,,,,
01/05/1990 00:00,Wales,38963,,,,,
01/06/1990 00:00,Wales,38963,,,,,
01/07/1990 00:00,Wales,43813,,,,,
01/08/1990 00:00,Wales,43813,,,,,
01/09/1990 00:00,Wales,43813,,,,,
01/10/1990 00:00,Wales,41864,,,,,
01/11/1990 00:00,Wales,41864,,,,,
01/12/1990 00:00,Wales,41864,,,,,
01/01/1991 00:00,Wales,39419,,,,,
01/02/1991 00:00,Wales,39419,,,,,
01/03/1991 00:00,Wales,39419,,,,,
01/04/1991 00:00,Wales,38880,,,,,
01/05/1991 00:00,Wales,38880,,,,,
01/06/1991 00:00,Wales,38880,,,,,
01/07/1991 00:00,Wales,41243,,,,,
01/08/1991 00:00,Wales,41243,,,,,
01/09/1991 00:00,Wales,41243,,,,,
01/10/1991 00:00,Wales,43357,,,,,
01/11/1991 00:00,Wales,43357,,,,,
01/12/1991 00:00,Wales,43357,,,,,
01/01/1992 00:00,Wales,42693,,,,,
01/02/1992 00:00,Wales,42693,,,,,
01/03/1992 00:00,Wales,42693,,,,,
01/04/1992 00:00,Wales,40041,,,,,
01/05/1992 00:00,Wales,40041,,,,,
01/06/1992 00:00,Wales,40041,,,,,
01/07/1992 00:00,Wales,38998,,,,,
01/08/1992 00:00,Wales,38998,,,,,
01/09/1992 00:00,Wales,38998,,,,,
01/10/1992 00:00,Wales,39318,,,,,
01/11/1992 00:00,Wales,39318,,,,,
01/12/1992 00:00,Wales,39318,,,,,
01/01/1993 00:00,Wales,39800,,,,,
01/02/1993 00:00,Wales,39800,,,,,
01/03/1993 00:00,Wales,39800,,,,,
01/04/1993 00:00,Wales,39880,,,,,
01/05/1993 00:00,Wales,39880,,,,,
01/06/1993 00:00,Wales,39880,,,,,
01/07/1993 00:00,Wales,40281,,,,,
01/08/1993 00:00,Wales,40281,,,,,
01/09/1993 00:00,Wales,40281,,,,,
01/10/1993 00:00,Wales,39960,,,,,
01/11/1993 00:00,Wales,39960,,,,,
01/12/1993 00:00,Wales,39960,,,,,
01/01/1994 00:00,Wales,38476,,,,,
01/02/1994 00:00,Wales,38476,,,,,
01/03/1994 00:00,Wales,38476,,,,,
01/04/1994 00:00,Wales,41605,,,,,
01/05/1994 00:00,Wales,41605,,,,,
01/06/1994 00:00,Wales,41605,,,,,
01/07/1994 00:00,Wales,42969,,,,,
01/08/1994 00:00,Wales,42969,,,,,
01/09/1994 00:00,Wales,42969,,,,,
01/10/1994 00:00,Wales,38396,,,,,
01/11/1994 00:00,Wales,38396,,,,,
01/12/1994 00:00,Wales,38396,,,,,
01/01/1995 00:00,Wales,40870,1991,66840,39500,30772,31323
01/02/1995 00:00,Wales,40168,2148,65234,39478,29891,31272
01/03/1995 00:00,Wales,39559,3133,64099,38676,29651,30563
01/04/1995 00:00,Wales,40199,2488,64349,39209,30457,31101
01/05/1995 00:00,Wales,40172,2685,64961,39361,30109,30904
01/06/1995 00:00,Wales,41223,3175,66739,40315,30881,32112
01/07/1995 00:00,Wales,41271,2698,67610,39988,30990,31402
01/08/1995 00:00,Wales,40870,2998,66696,39722,30696,31033
01/09/1995 00:00,Wales,40870,3191,66541,39735,30770,30747
01/10/1995 00:00,Wales,40193,2736,65834,39259,29978,30458
01/11/1995 00:00,Wales,40346,2970,66260,39359,30020,31046
01/12/1995 00:00,Wales,39715,3180,64418,38751,29779,30861
01/01/1996 00:00,Wales,40283,1934,66298,39292,29959,30728
01/02/1996 00:00,Wales,39692,2251,64288,38885,29741,30569
01/03/1996 00:00,Wales,39362,3617,64302,38620,29314,29762
01/04/1996 00:00,Wales,41006,2879,66908,39891,30825,30817
01/05/1996 00:00,Wales,40703,3521,66051,39791,30660,29936
01/06/1996 00:00,Wales,41003,3340,66748,40052,30720,31242
01/07/1996 00:00,Wales,41206,3664,68021,40172,30702,30328
01/08/1996 00:00,Wales,41283,4087,68202,40172,30739,30900
01/09/1996 00:00,Wales,40852,3624,67253,39817,30494,30224
01/10/1996 00:00,Wales,41454,3872,68589,40394,30836,30604
01/11/1996 00:00,Wales,41029,4336,67049,39974,30764,30821
01/12/1996 00:00,Wales,41550,3729,67739,40521,31189,31180
01/01/1997 00:00,Wales,41212,2888,68320,40008,30722,30345
01/02/1997 00:00,Wales,42260,3059,70106,41209,31261,32073
01/03/1997 00:00,Wales,42183,4044,69008,41008,31678,31554
01/04/1997 00:00,Wales,41863,3566,69212,40940,31001,31508
01/05/1997 00:00,Wales,43029,4007,70913,41995,32104,31436
01/06/1997 00:00,Wales,43829,4157,72734,42605,32641,32008
01/07/1997 00:00,Wales,43327,4447,71795,42091,32291,31902
01/08/1997 00:00,Wales,44007,4507,72755,42693,32918,32197
01/09/1997 00:00,Wales,43819,4045,72804,42681,32515,32282
01/10/1997 00:00,Wales,43806,4412,72604,42714,32562,32053
01/11/1997 00:00,Wales,43700,3740,72773,42555,32381,32155
01/12/1997 00:00,Wales,43814,3952,72638,42709,32491,32757
01/01/1998 00:00,Wales,44055,2637,74009,42754,32496,32615
01/02/1998 00:00,Wales,43501,2884,72263,42498,32134,32699
01/03/1998 00:00,Wales,44132,3610,73361,43160,32602,32750
01/04/1998 00:00,Wales,45389,3450,75321,44257,33712,33213
01/05/1998 00:00,Wales,45211,3833,75119,43983,33626,32932
01/06/1998 00:00,Wales,45333,4036,74950,44052,33802,33694
01/07/1998 00:00,Wales,45705,4627,76314,44416,33884,33392
01/08/1998 00:00,Wales,45727,3840,76573,44251,33947,33368
01/09/1998 00:00,Wales,45692,3621,76411,44405,33817,33519
01/10/1998 00:00,Wales,45449,4139,76081,44194,33592,33369
01/11/1998 00:00,Wales,44984,3692,75431,43747,33121,33745
01/12/1998 00:00,Wales,45767,3822,75498,44646,34072,34045
01/01/1999 00:00,Wales,46581,2576,77364,45198,34613,34970
01/02/1999 00:00,Wales,45880,2721,76014,44855,33995,34074
01/03/1999 00:00,Wales,45446,3482,75817,44394,33453,34200
01/04/1999 00:00,Wales,46877,3659,77734,45645,34832,34732
01/05/1999 00:00,Wales,46484,3840,77358,45309,34372,34769
01/06/1999 00:00,Wales,46975,4022,77875,45686,34902,35192
01/07/1999 00:00,Wales,48092,4959,80736,46545,35603,35177
01/08/1999 00:00,Wales,47489,4576,79126,46025,35259,35388
01/09/1999 00:00,Wales,48716,4281,81918,46964,36053,36292
01/10/1999 00:00,Wales,48593,4782,81483,47458,35663,36254
01/11/1999 00:00,Wales,49410,4707,82016,47961,36706,37223
01/12/1999 00:00,Wales,48995,4756,81383,47559,36335,37267
01/01/2000 00:00,Wales,49286,3063,82623,47782,36351,37144
01/02/2000 00:00,Wales,49533,3413,83145,47829,36721,36433
01/03/2000 00:00,Wales,49570,4745,83151,48293,36418,37225
01/04/2000 00:00,Wales,50618,4428,84098,49136,37541,38379
01/05/2000 00:00,Wales,50753,4390,84272,49371,37577,38645
01/06/2000 00:00,Wales,50597,5308,84493,49246,37201,39110
01/07/2000 00:00,Wales,51806,4808,87439,50378,37937,38801
01/08/2000 00:00,Wales,51784,4888,87510,50332,37709,40370
01/09/2000 00:00,Wales,52500,4743,89279,50827,38181,40688
01/10/2000 00:00,Wales,51966,4237,88627,50851,37394,40225
01/11/2000 00:00,Wales,52544,4287,89474,51024,38109,40481
01/12/2000 00:00,Wales,52479,4773,88569,51052,38157,41529
01/01/2001 00:00,Wales,51586,2993,86886,49959,37778,40181
01/02/2001 00:00,Wales,52492,3333,88870,51135,37995,41870
01/03/2001 00:00,Wales,53099,4522,89369,51616,38800,41315
01/04/2001 00:00,Wales,53840,4216,91864,52167,39053,41691
01/05/2001 00:00,Wales,55074,4658,92406,53509,40280,43458
01/06/2001 00:00,Wales,55635,5812,93273,53949,40734,44262
01/07/2001 00:00,Wales,56822,5649,95903,54952,41600,44187
01/08/2001 00:00,Wales,57271,6240,97361,55355,41661,44972
01/09/2001 00:00,Wales,57382,4915,97625,55170,41762,46114
01/10/2001 00:00,Wales,56748,5484,96585,55243,40910,45437
01/11/2001 00:00,Wales,58396,5980,98710,56707,42460,46276
01/12/2001 00:00,Wales,58150,4953,97837,56486,42162,48305
01/01/2002 00:00,Wales,58447,3652,99895,56904,41991,46846
01/02/2002 00:00,Wales,58515,4183,98756,56579,42473,48654
01/03/2002 00:00,Wales,59032,5717,99174,57530,42852,48091
01/04/2002 00:00,Wales,61316,5076,103073,59535,44606,50034
01/05/2002 00:00,Wales,62603,6876,105187,60842,45497,51327
01/06/2002 00:00,Wales,65727,5512,110100,63475,48080,54186
01/07/2002 00:00,Wales,66158,6366,111512,63978,48273,53199
01/08/2002 00:00,Wales,68112,6460,114886,65922,49540,55613
01/09/2002 00:00,Wales,68009,5327,114895,65981,49202,56502
01/10/2002 00:00,Wales,69058,5330,116497,67240,49950,56738
01/11/2002 00:00,Wales,71435,6136,120978,69167,51705,58980
01/12/2002 00:00,Wales,71307,5461,119039,69599,51791,59480
01/01/2003 00:00,Wales,73663,3975,124020,71128,53565,61760
01/02/2003 00:00,Wales,74376,3993,124676,72493,53972,61483
01/03/2003 00:00,Wales,75059,4519,125210,73036,54541,63815
01/04/2003 00:00,Wales,78253,4710,130492,76572,56774,65261
01/05/2003 00:00,Wales,79452,5173,131856,77494,58109,65349
01/06/2003 00:00,Wales,80978,5551,134779,79008,58950,67707
01/07/2003 00:00,Wales,83398,5577,138489,81618,60939,67456
01/08/2003 00:00,Wales,86323,5936,142269,84198,63514,70625
01/09/2003 00:00,Wales,87053,5485,143181,84754,64296,70763
01/10/2003 00:00,Wales,87778,6429,145181,85752,64432,70959
01/11/2003 00:00,Wales,89440,6162,147290,87283,65989,71762
01/12/2003 00:00,Wales,92527,6073,150823,90333,68638,75445
01/01/2004 00:00,Wales,93655,4291,153096,91254,69538,75473
01/02/2004 00:00,Wales,94779,4206,154360,92474,70520,76177
01/03/2004 00:00,Wales,95626,5256,155246,92957,71328,77937
01/04/2004 00:00,Wales,101714,5821,162314,99415,76780,81241
01/05/2004 00:00,Wales,102295,5226,163443,99675,77060,83262
01/06/2004 00:00,Wales,107651,5688,171995,104929,81155,87166
01/07/2004 00:00,Wales,111212,6166,176415,109211,84401,86606
01/08/2004 00:00,Wales,114414,4807,183450,111070,86915,89133
01/09/2004 00:00,Wales,113047,4276,181457,110211,85080,90649
01/10/2004 00:00,Wales,114182,4087,181929,110758,86578,92374
01/11/2004 00:00,Wales,116354,3780,185204,112973,88358,93357
01/12/2004 00:00,Wales,115521,3724,183854,111662,88161,91961
01/01/2005 00:00,Wales,117235,2516,187390,113018,89368,93350
01/02/2005 00:00,Wales,114635,2572,182179,111287,87157,91792
01/03/2005 00:00,Wales,116512,3336,184565,113084,88913,92612
01/04/2005 00:00,Wales,117494,3891,184921,114489,89835,93053
01/05/2005 00:00,Wales,119816,3865,188725,115869,92277,93915
01/06/2005 00:00,Wales,120702,4271,189288,116842,93322,93759
01/07/2005 00:00,Wales,123592,4428,194364,119872,95329,95581
01/08/2005 00:00,Wales,124865,4410,199114,120631,95765,96398
01/09/2005 00:00,Wales,124329,4534,195993,119922,96108,96340
01/10/2005 00:00,Wales,124521,4249,196772,120341,95775,97463
01/11/2005 00:00,Wales,123873,4383,195081,119811,95358,97319
01/12/2005 00:00,Wales,122782,4704,191240,118397,95359,96721
01/01/2006 00:00,Wales,123010,3228,194055,118691,95253,94146
01/02/2006 00:00,Wales,125191,3567,196232,120514,97060,98101
01/03/2006 00:00,Wales,126482,4663,198402,122347,97880,97937
01/04/2006 00:00,Wales,126895,4207,198651,122548,98759,96868
01/05/2006 00:00,Wales,127866,4582,200757,123533,99274,97674
01/06/2006 00:00,Wales,131176,5755,203851,126805,102429,100550
01/07/2006 00:00,Wales,131002,5136,204367,126184,102734,98531
01/08/2006 00:00,Wales,132775,5447,209002,128026,103267,100495
01/09/2006 00:00,Wales,132730,5482,207786,128174,103560,100152
01/10/2006 00:00,Wales,132371,5520,207054,127464,103285,101213
01/11/2006 00:00,Wales,134030,5525,210168,129540,104399,101070
01/12/2006 00:00,Wales,134947,5947,209488,130169,105530,103915
01/01/2007 00:00,Wales,132332,3962,206167,127663,103657,99914
01/02/2007 00:00,Wales,135831,3750,211350,130833,106128,104345
01/03/2007 00:00,Wales,133935,4895,208086,129189,104998,101604
01/04/2007 00:00,Wales,137146,4428,211871,131845,108415,103452
01/05/2007 00:00,Wales,138195,5047,214011,133085,108582,105351
01/06/2007 00:00,Wales,139568,5925,215713,134162,110094,106005
01/07/2007 00:00,Wales,139419,5387,217806,133875,109495,105001
01/08/2007 00:00,Wales,142328,5719,223040,136323,112243,105548
01/09/2007 00:00,Wales,141237,4391,219908,135397,111273,106598
01/10/2007 00:00,Wales,141862,4766,222566,136009,111307,106548
01/11/2007 00:00,Wales,140616,4822,221787,135308,109433,106127
01/12/2007 00:00,Wales,139530,4074,218050,133659,109748,105188
01/01/2008 00:00,Wales,138585,2536,216983,132455,108761,105535
01/02/2008 00:00,Wales,136949,2682,214676,131443,107117,103974
01/03/2008 00:00,Wales,133982,2923,209101,129358,105107,100241
01/04/2008 00:00,Wales,134268,3056,209477,128657,105756,101231
01/05/2008 00:00,Wales,135162,3327,211224,130216,105702,102367
01/06/2008 00:00,Wales,134336,3037,208397,129703,105285,102118
01/07/2008 00:00,Wales,130572,2518,204107,125635,102314,98552
01/08/2008 00:00,Wales,132238,2221,209791,127231,102938,98637
01/09/2008 00:00,Wales,125576,2032,201053,120009,97299,94773
01/10/2008 00:00,Wales,126870,2391,199405,122272,98593,96667
01/11/2008 00:00,Wales,124325,1868,195538,120086,96636,93989
01/12/2008 00:00,Wales,122526,1985,191850,117130,96792,91374
01/01/2009 00:00,Wales,118377,1172,188835,112690,92166,89608
01/02/2009 00:00,Wales,117437,1289,185644,113094,90824,90088
01/03/2009 00:00,Wales,116562,2013,183710,111839,90843,89001
01/04/2009 00:00,Wales,118693,1943,186260,114339,92870,89431
01/05/2009 00:00,Wales,120582,2278,190519,116515,93581,90511
01/06/2009 00:00,Wales,119254,2548,187890,114524,93184,90062
01/07/2009 00:00,Wales,121462,2990,191723,116934,95204,89468
01/08/2009 00:00,Wales,121924,2514,192470,117579,95405,89794
01/09/2009 00:00,Wales,122364,2644,194160,117901,95469,89815
01/10/2009 00:00,Wales,123750,3004,196899,119779,96135,90011
01/11/2009 00:00,Wales,124162,2757,198175,119023,97202,89929
01/12/2009 00:00,Wales,125911,3405,197929,121546,99318,91106
01/01/2010 00:00,Wales,120944,1499,194672,116781,93938,85528
01/02/2010 00:00,Wales,121157,1901,193960,117404,93947,86841
01/03/2010 00:00,Wales,123732,2379,197815,119330,96078,90315
01/04/2010 00:00,Wales,124745,2553,198063,121129,97401,88842
01/05/2010 00:00,Wales,125442,2543,201168,120867,97899,88888
01/06/2010 00:00,Wales,124868,3013,197394,120678,98054,89925
01/07/2010 00:00,Wales,126912,2987,203692,122656,98825,89424
01/08/2010 00:00,Wales,125413,2692,201328,121887,97111,88444
01/09/2010 00:00,Wales,126090,2542,202838,121741,97802,89907
01/10/2010 00:00,Wales,126064,2873,203364,121933,97605,88993
01/11/2010 00:00,Wales,120670,2776,195312,116639,93068,85742
01/12/2010 00:00,Wales,122109,2715,195587,118420,94838,86476
