InitialTransformedData/HPIInitialTransform.csv
Date,RegionName,AveragePrice,SalesVolume,DetachedPrice,SemiDetachedPrice,TerracedPrice,FlatPrice
01/01/2011 00:00,Wales,120980,1682,196226,116888,93193,85879
01/02/2011 00:00,Wales,121161,1841,195627,116927,93756,86183
01/03/2011 00:00,Wales,118483,2280,191417,114171,91770,84247
01/04/2011 00:00,Wales,122354,2285,196643,117968,95342,86206
01/05/2011 00:00,Wales,121278,2257,194659,117143,93874,87880
01/06/2011 00:00,Wales,121453,2721,193850,117893,94376,86609
01/07/2011 00:00,Wales,121731,2820,194318,117771,94645,87747
01/08/2011 00:00,Wales,122518,2939,197699,119134,94394,86369
01/09/2011 00:00,Wales,124054,2875,199408,119927,96465,87213
01/10/2011 00:00,Wales,120911,2729,194879,117206,93509,85254
01/11/2011 00:00,Wales,123484,2937,198717,119812,95204,88502
01/12/2011 00:00,Wales,120627,2919,192505,117102,93874,85453
01/01/2012 00:00,Wales,120342,1839,193860,116902,93148,83968
01/02/2012 00:00,Wales,119610,1988,192559,116048,92441,84662
01/03/2012 00:00,Wales,119522,2602,188993,116161,93675,84925
01/04/2012 00:00,Wales,121352,2104,194704,117673,94184,85643
01/05/2012 00:00,Wales,121528,2346,194246,117988,94398,86365
01/06/2012 00:00,Wales,123077,2924,196720,118944,96212,86601
01/07/2012 00:00,Wales,122468,2582,196448,118453,95212,86744
01/08/2012 00:00,Wales,122012,2934,194315,118149,95647,85354
01/09/2012 00:00,Wales,121152,2449,193236,117334,94661,85435
01/10/2012 00:00,Wales,120138,2884,192217,116048,93517,85961
01/11/2012 00:00,Wales,121625,3039,193910,117957,95011,85516
01/12/2012 00:00,Wales,120386,2689,192701,116855,93905,83533
01/01/2013 00:00,Wales,120804,1802,193281,117601,93702,85127
01/02/2013 00:00,Wales,119021,2027,189492,115625,93007,83520
01/03/2013 00:00,Wales,120226,2601,192956,116621,93190,85145
01/04/2013 00:00,Wales,119939,2303,193664,116616,92626,83345
01/05/2013 00:00,Wales,121804,3028,193021,118556,95251,86191
01/06/2013 00:00,Wales,122504,3183,195413,119075,95791,84795
01/07/2013 00:00,Wales,121672,3329,194079,118422,94575,86097
01/08/2013 00:00,Wales,123888,3532,197700,120313,96783,86304
01/09/2013 00:00,Wales,123171,3218,196579,119331,96064,87294
01/10/2013 00:00,Wales,121282,3632,194804,118062,93750,85405
01/11/2013 00:00,Wales,123119,4070,197558,120112,95295,85748
01/12/2013 00:00,Wales,121748,3887,192715,118855,95138,85778
01/01/2014 00:00,Wales,124609,2917,199279,121225,96809,87576
01/02/2014 00:00,Wales,125315,2958,200905,122085,97163,87578
01/03/2014 00:00,Wales,123531,3214,195707,120528,96251,87833
01/04/2014 00:00,Wales,125605,3360,200151,122314,97816,88291
01/05/2014 00:00,Wales,128324,3848,203620,124733,100464,90253
01/06/2014 00:00,Wales,127844,3849,202358,125123,99538,90502
01/07/2014 00:00,Wales,128366,4151,203974,124964,100346,89898
01/08/2014 00:00,Wales,129444,4084,206253,126042,101080,90102
01/09/2014 00:00,Wales,130873,3654,208539,127366,102202,91217
01/10/2014 00:00,Wales,129368,4129,206284,125882,100735,90997
01/11/2014 00:00,Wales,129622,3613,206917,126499,100677,90812
01/12/2014 00:00,Wales,129628,3836,206400,126027,101118,91275
01/01/2015 00:00,Wales,128912,2730,205719,125798,99981,90927
01/02/2015 00:00,Wales,128403,2750,205965,125100,99216,90797
01/03/2015 00:00,Wales,128044,3274,205605,124700,98769,91002
01/04/2015 00:00,Wales,129756,3150,207176,125943,101205,90891
01/05/2015 00:00,Wales,130243,3580,206859,127177,101449,91601
01/06/2015 00:00,Wales,131119,4052,208640,128349,101916,91539
01/07/2015 00:00,Wales,131815,4469,210050,128796,102374,92471
01/08/2015 00:00,Wales,133176,3918,212359,129481,103825,93356
01/09/2015 00:00,Wales,132795,3801,213343,129095,102951,92712
01/10/2015 00:00,Wales,133423,4500,212880,130474,103554,93125
01/11/2015 00:00,Wales,133482,4064,213919,130464,103332,92803
01/12/2015 00:00,Wales,133999,4129,214739,130627,103886,93487
01/01/2016 00:00,Wales,132574,2788,211084,129658,102878,93332
01/02/2016 00:00,Wales,135127,3215,215355,131956,104950,94945
01/03/2016 00:00,Wales,134091,5744,214776,130359,103854,95143
01/04/2016 00:00,Wales,134382,2822,212591,131313,105254,93388
01/05/2016 00:00,Wales,136627,3125,216042,133278,106889,96244
01/06/2016 00:00,Wales,138664,3812,220783,135130,107986,97391
01/07/2016 00:00,Wales,138575,4057,219613,135118,108428,96856
01/08/2016 00:00,Wales,137657,4122,217963,134019,107793,96787
01/09/2016 00:00,Wales,137271,4054,219326,134200,106452,95742
01/10/2016 00:00,Wales,138864,3957,222468,135472,107382,97838
01/11/2016 00:00,Wales,138504,4084,223260,135031,106454,98119
01/12/2016 00:00,Wales,138659,4581,222815,135287,107066,97122
01/01/2017 00:00,Wales,138614,3056,222557,135221,107050,97404
01/02/2017 00:00,Wales,138086,3225,221847,134280,106214,99567
01/03/2017 00:00,Wales,139940,3909,225399,136188,107857,98835
01/04/2017 00:00,Wales,141933,3490,227582,138147,109732,100602
01/05/2017 00:00,Wales,139592,3933,222408,136642,107533,100765
01/06/2017 00:00,Wales,142401,4691,226458,138535,110666,102069
01/07/2017 00:00,Wales,143002,4143,228009,139773,110598,101803
01/08/2017 00:00,Wales,144735,4572,231009,141290,111977,102969
01/09/2017 00:00,Wales,145083,4424,232601,141511,112120,102282
01/10/2017 00:00,Wales,146794,4471,235534,143626,113135,103166
01/11/2017 00:00,Wales,144972,4474,231902,141842,111787,102849
01/12/2017 00:00,Wales,145617,4659,232753,142502,112641,102185
01/01/2018 00:00,Wales,144990,3170,232791,142477,111041,102718
01/02/2018 00:00,Wales,145068,3276,233341,141763,111447,102859
01/03/2018 00:00,Wales,145837,3800,234297,142784,112163,102706
01/04/2018 00:00,Wales,145412,3367,232215,142294,113005,100726
01/05/2018 00:00,Wales,146531,3799,234033,143401,113646,102237
01/06/2018 00:00,Wales,148527,4344,237279,145909,114676,103963
01/07/2018 00:00,Wales,150195,4227,241077,146985,116142,104051
01/08/2018 00:00,Wales,152466,4811,243219,149315,118505,105680
01/09/2018 00:00,Wales,151747,3959,242843,148721,117794,104165
01/10/2018 00:00,Wales,152401,4387,244680,149567,117589,105315
01/11/2018 00:00,Wales,151646,5057,243047,148708,117585,103735
01/12/2018 00:00,Wales,153612,4255,247058,150445,118329,106928
01/01/2019 00:00,Wales,150122,3070,242007,147247,115325,104135
01/02/2019 00:00,Wales,150566,3207,241643,147315,116423,104336
01/03/2019 00:00,Wales,151406,3639,242319,149084,116761,104716
01/04/2019 00:00,Wales,152875,3462,244948,150162,118405,104326
01/05/2019 00:00,Wales,153038,3854,244508,150373,118810,104418
01/06/2019 00:00,Wales,154250,3997,245369,151655,119969,105963
01/07/2019 00:00,Wales,155700,4306,248318,152901,120997,106743
01/08/2019 00:00,Wales,159275,4546,255111,155903,124017,107834
01/09/2019 00:00,Wales,155676,3923,249762,152473,120827,105913
01/10/2019 00:00,Wales,157444,4294,251341,155063,122117,107250
01/11/2019 00:00,Wales,159560,4494,255270,157424,123689,107348
01/12/2019 00:00,Wales,157588,4089,251852,154970,122475,106588
01/01/2020 00:00,Wales,154532,3171,247660,152759,118997,105430
01/02/2020 00:00,Wales,157134,3168,251546,154599,122408,104319
01/03/2020 00:00,Wales,158163,3340,253049,155635,122657,107225
01/04/2020 00:00,Wales,151534,1381,242485,149243,117649,101820
01/05/2020 00:00,Wales,154054,1576,244921,152173,119792,104235
01/06/2020 00:00,Wales,158488,2013,251463,156443,123925,105797
01/07/2020 00:00,Wales,159465,2391,255075,157162,123705,107411
01/08/2020 00:00,Wales,163805,2525,262633,161446,127506,107734
01/09/2020 00:00,Wales,160994,2859,258680,158525,125074,106285
01/10/2020 00:00,Wales,166597,4200,268306,163947,129502,108983
01/11/2020 00:00,Wales,168781,4236,271566,165675,131653,110255
01/12/2020 00:00,Wales,171640,4929,276199,168234,134333,111084
01/01/2021 00:00,Wales,169842,3404,269577,167248,132702,114644
01/02/2021 00:00,Wales,168438,4113,265132,165358,133000,113430
01/03/2021 00:00,Wales,173661,5504,272672,169971,137721,117243
01/04/2021 00:00,Wales,171658,4323,270589,168355,135546,115370
01/05/2021 00:00,Wales,174016,4027,274076,170875,137290,117236
01/06/2021 00:00,Wales,184345,7096,286936,180025,147812,123666
01/07/2021 00:00,Wales,176129,3890,277636,173266,138884,117655
01/08/2021 00:00,Wales,180281,4304,286443,177627,141458,118491
01/09/2021 00:00,Wales,185561,4773,292785,181869,147010,122641
01/10/2021 00:00,Wales,186951,4556,300757,183426,145919,121754
01/11/2021 00:00,Wales,186520,4672,299781,183838,145124,121453
01/12/2021 00:00,Wales,189741,4545,302076,185869,149639,123710
01/01/2022 00:00,Wales,191552,3261,305823,188617,150298,123744
01/02/2022 00:00,Wales,189656,3746,301891,186373,149022,124675
01/03/2022 00:00,Wales,191471,4154,305684,188319,150285,124178
01/04/2022 00:00,Wales,195875,3792,312253,192065,154345,127174
01/05/2022 00:00,Wales,196682,3813,311067,194013,155360,127582
01/06/2022 00:00,Wales,200277,3618,315780,197009,159191,129342
01/07/2022 00:00,Wales,203313,4207,321842,200250,161174,129703
01/08/2022 00:00,Wales,204218,4237,324258,200913,161707,129745
01/09/2022 00:00,Wales,207696,4153,329471,204459,164569,131747
01/10/2022 00:00,Wales,208209,4308,330558,205102,164571,132828
01/11/2022 00:00,Wales,205941,4216,326572,202622,163385,130314
01/12/2022 00:00,Wales,206563,4008,327073,202893,164070,131953
01/01/2023 00:00,Wales,201853,2644,319858,200046,159053,128455
01/02/2023 00:00,Wales,200870,2679,319940,198282,158218,127690
01/03/2023 00:00,Wales,199167,3228,319088,197164,155494,127862
01/04/2023 00:00,Wales,195717,2298,313451,194256,152827,124487
01/05/2023 00:00,Wales,199616,2515,314891,196994,157946,128583
01/06/2023 00:00,Wales,200183,3210,317134,197166,158743,126726
01/07/2023 00:00,Wales,202620,2872,321381,200153,159988,128861
01/08/2023 00:00,Wales,203852,3135,324428,200542,161272,128987
01/09/2023 00:00,Wales,204460,3201,326118,200985,161718,128887
01/10/2023 00:00,Wales,202477,3093,321378,200697,159345,128784
01/11/2023 00:00,Wales,201778,2945,322393,199245,158772,127334
01/12/2023 00:00,Wales,202077,3015,318954,199402,160148,129018
01/01/2024 00:00,Wales,197808,2082,314333,195335,156304,124731
01/02/2024 00:00,Wales,199475,2443,315046,197732,157337,127403
01/03/2024 00:00,Wales,201407,2717,318919,198931,159116,128388
01/04/2024 00:00,Wales,200559,2425,313886,198438,159596,127840
01/05/2024 00:00,Wales,200540,2884,314012,199195,159204,127140
01/06/2024 00:00,Wales,204781,2753,320908,202553,163518,128331
01/07/2024 00:00,Wales,205885,3005,321197,204035,164789,128673
01/08/2024 00:00,Wales,208425,3133,326510,205872,166602,130815
01/09/2024 00:00,Wales,206276,2602,327482,204075,163283,128678
01/10/2024 00:00,Wales,208976,2833,327663,206621,166262,132886
01/11/2024 00:00,Wales,209580,2368,327365,208594,166557,132355
01/12/2024 00:00,Wales,207781,,325353,206255,165312,130848
01/01/2025 00:00,Wales,209579,,330811,207991,166049,131124
01/01/1995 00:00,West Midlands,43105,1832,81500,45770,35771,32165
01/02/1995 00:00,West Midlands,43634,1972,81572,46513,36251,32494
01/03/1995 00:00,West Midlands,43886,2571,81732,46771,36530,32661
01/04/1995 00:00,West Midlands,44010,2183,81538,46921,36695,32755
01/05/1995 00:00,West Midlands,44269,2553,81773,47175,36965,32984
01/06/1995 00:00,West Midlands,44348,2898,81756,47316,36990,33156
01/07/1995 00:00,West Midlands,44587,2519,82360,47583,37191,33164
01/08/1995 00:00,West Midlands,44471,2747,82610,47401,37103,32871
01/09/1995 00:00,West Midlands,44350,2853,82859,47251,36990,32543
01/10/1995 00:00,West Midlands,44292,2342,82771,47290,36828,32633
01/11/1995 00:00,West Midlands,43759,2571,81816,46804,36266,32444
01/12/1995 00:00,West Midlands,43524,2725,81160,46591,36067,32333
01/01/1996 00:00,West Midlands,42910,1983,80465,45994,35464,31748
01/02/1996 00:00,West Midlands,43108,2070,80964,46256,35612,31744
01/03/1996 00:00,West Midlands,42952,2598,80841,46179,35422,31511
01/04/1996 00:00,West Midlands,43402,2317,81258,46575,35936,31881
01/05/1996 00:00,West Midlands,43778,3218,81480,46887,36415,32163
01/06/1996 00:00,West Midlands,44313,2963,82288,47285,36980,32779
01/07/1996 00:00,West Midlands,44807,3302,83243,47772,37453,32999
01/08/1996 00:00,West Midlands,44987,3589,84112,47943,37556,32957
01/09/1996 00:00,West Midlands,45061,2993,84762,48055,37559,32737
01/10/1996 00:00,West Midlands,45212,3241,85312,48278,37605,32765
01/11/1996 00:00,West Midlands,45372,3770,85599,48510,37682,32917
01/12/1996 00:00,West Midlands,45650,3123,85811,48886,37922,33089
01/01/1997 00:00,West Midlands,45442,2658,85436,48634,37776,32914
01/02/1997 00:00,West Midlands,45445,2536,85626,48610,37748,32965
01/03/1997 00:00,West Midlands,45522,2809,86108,48607,37801,33061
01/04/1997 00:00,West Midlands,46160,2802,87168,49310,38332,33563
01/05/1997 00:00,West Midlands,46638,3466,87785,49873,38796,33707
01/06/1997 00:00,West Midlands,47092,3577,88759,50401,39170,33834
01/07/1997 00:00,West Midlands,47333,3645,89606,50658,39369,33739
01/08/1997 00:00,West Midlands,47723,3746,90776,51036,39670,33903
01/09/1997 00:00,West Midlands,47983,3346,91279,51275,39922,34068
01/10/1997 00:00,West Midlands,47999,3693,91412,51319,39881,34130
01/11/1997 00:00,West Midlands,47826,3095,91438,51145,39630,34112
01/12/1997 00:00,West Midlands,47916,3309,91664,51350,39602,34199
01/01/1998 00:00,West Midlands,48150,2316,92427,51529,39789,34378
01/02/1998 00:00,West Midlands,48364,2383,92484,51729,40021,34640
01/03/1998 00:00,West Midlands,48234,2864,92269,51593,39915,34504
01/04/1998 00:00,West Midlands,48482,2732,92156,51911,40201,34632
01/05/1998 00:00,West Midlands,49116,3302,93016,52550,40860,34953
01/06/1998 00:00,West Midlands,49884,3306,94283,53249,41589,35653
01/07/1998 00:00,West Midlands,50343,4079,95253,53666,41994,36039
01/08/1998 00:00,West Midlands,50502,3354,96144,53800,42055,36112
01/09/1998 00:00,West Midlands,50293,3119,96177,53576,41850,35790
01/10/1998 00:00,West Midlands,50152,3603,96388,53433,41623,35743
01/11/1998 00:00,West Midlands,49900,3245,95998,53262,41281,35694
01/12/1998 00:00,West Midlands,50090,3307,96277,53556,41330,36018
01/01/1999 00:00,West Midlands,50323,2505,96552,53838,41524,36199
01/02/1999 00:00,West Midlands,50283,2487,96456,53758,41532,36138
01/03/1999 00:00,West Midlands,50370,3017,96638,53768,41652,36247
01/04/1999 00:00,West Midlands,50686,3270,96976,54054,41991,36508
01/05/1999 00:00,West Midlands,51426,3343,98176,54809,42667,37049
01/06/1999 00:00,West Midlands,52261,3536,99659,55633,43452,37578
01/07/1999 00:00,West Midlands,52989,4616,101243,56326,44108,38012
01/08/1999 00:00,West Midlands,53716,3841,103026,57027,44715,38476
01/09/1999 00:00,West Midlands,54123,3761,104394,57424,44980,38752
01/10/1999 00:00,West Midlands,54471,4090,105281,57897,45105,39163
01/11/1999 00:00,West Midlands,54827,4057,105900,58318,45353,39510
01/12/1999 00:00,West Midlands,55360,3935,106251,58911,45828,40131
01/01/2000 00:00,West Midlands,55445,2692,106937,59033,45809,40098
01/02/2000 00:00,West Midlands,55456,3070,107141,59059,45788,40044
01/03/2000 00:00,West Midlands,55334,3843,107458,58976,45631,39658
01/04/2000 00:00,West Midlands,56257,3396,108779,59824,46514,40525
01/05/2000 00:00,West Midlands,57348,3710,110712,60974,47399,41498
01/06/2000 00:00,West Midlands,58320,4143,112175,61963,48238,42432
01/07/2000 00:00,West Midlands,58859,4130,113743,62613,48603,42598
01/08/2000 00:00,West Midlands,59423,3821,115309,63187,48997,43037
01/09/2000 00:00,West Midlands,60090,3900,117586,63850,49409,43544
01/10/2000 00:00,West Midlands,60236,3411,117884,64074,49427,43813
01/11/2000 00:00,West Midlands,60321,3431,118505,64168,49369,44048
01/12/2000 00:00,West Midlands,60997,3724,119305,64963,49877,44797
01/01/2001 00:00,West Midlands,61560,2641,120328,65429,50425,45302
01/02/2001 00:00,West Midlands,62163,2813,120905,66004,51080,45673
01/03/2001 00:00,West Midlands,62381,3525,121323,66196,51341,45636
01/04/2001 00:00,West Midlands,63733,3265,123409,67473,52615,46742
01/05/2001 00:00,West Midlands,64838,3924,124799,68647,53632,47584
01/06/2001 00:00,West Midlands,66012,4576,126601,69804,54659,48692
01/07/2001 00:00,West Midlands,66377,4468,127419,70284,54901,48878
01/08/2001 00:00,West Midlands,67323,4847,129867,71176,55620,49698
01/09/2001 00:00,West Midlands,68078,3908,132117,71865,56182,50306
01/10/2001 00:00,West Midlands,68726,4382,133658,72607,56575,50951
01/11/2001 00:00,West Midlands,68933,4440,133854,72932,56682,51165
01/12/2001 00:00,West Midlands,69612,3915,134617,73827,57104,51962
01/01/2002 00:00,West Midlands,70085,3047,135927,74352,57382,52412
01/02/2002 00:00,West Midlands,70585,3330,137149,74802,57783,52870
01/03/2002 00:00,West Midlands,71526,4183,138680,75784,58675,53377
01/04/2002 00:00,West Midlands,73086,3818,140505,77280,60170,54811
01/05/2002 00:00,West Midlands,75382,5182,144215,79811,62067,56624
01/06/2002 00:00,West Midlands,77357,4068,147708,81757,63785,58292
01/07/2002 00:00,West Midlands,79482,5143,151641,84004,65616,59711
01/08/2002 00:00,West Midlands,81385,5082,155140,85939,67250,61186
01/09/2002 00:00,West Midlands,83335,4248,158912,88181,68783,62458
01/10/2002 00:00,West Midlands,85093,4357,162533,90317,69961,63867
01/11/2002 00:00,West Midlands,86952,4672,166210,92233,71456,65433
01/12/2002 00:00,West Midlands,88831,4166,169170,94313,72910,67247
01/01/2003 00:00,West Midlands,90844,3311,172172,96095,74876,69014
01/02/2003 00:00,West Midlands,92350,3277,173763,97859,76149,70310
01/03/2003 00:00,West Midlands,93735,3295,176320,99167,77482,71155
01/04/2003 00:00,West Midlands,95408,3456,178843,101294,78711,72417
01/05/2003 00:00,West Midlands,97200,3827,182398,103381,80197,73242
01/06/2003 00:00,West Midlands,98566,4152,183551,104774,81416,74856
01/07/2003 00:00,West Midlands,99993,4299,185583,106255,82832,75607
01/08/2003 00:00,West Midlands,102042,4565,187856,108319,84824,77284
01/09/2003 00:00,West Midlands,103524,4420,190442,109985,86264,77628
01/10/2003 00:00,West Midlands,105183,5125,192973,111681,87773,78902
01/11/2003 00:00,West Midlands,105985,4623,194340,112526,88456,79528
01/12/2003 00:00,West Midlands,108463,4704,197222,115072,90691,81948
01/01/2004 00:00,West Midlands,109414,3598,198666,116029,91566,82684
01/02/2004 00:00,West Midlands,110518,3709,199949,117046,92650,83666
