InitialTransformedData/HPIInitialTransform.csv
Date,RegionName,AveragePrice,SalesVolume,DetachedPrice,SemiDetachedPrice,TerracedPrice,FlatPrice
01/03/2004 00:00,West Midlands,110755,4252,200721,117090,92988,83569
01/04/2004 00:00,West Midlands,112717,4475,201596,119170,95120,84984
01/05/2004 00:00,West Midlands,114797,4188,203186,121173,97322,86707
01/06/2004 00:00,West Midlands,117525,4662,206267,124068,99844,88951
01/07/2004 00:00,West Midlands,119886,5280,210556,126694,101867,90431
01/08/2004 00:00,West Midlands,122135,4449,215167,129187,103756,91734
01/09/2004 00:00,West Midlands,123613,3975,218346,130818,105082,92355
01/10/2004 00:00,West Midlands,124719,3995,220213,131705,106023,93672
01/11/2004 00:00,West Midlands,125425,3488,221096,132419,106524,94608
01/12/2004 00:00,West Midlands,126034,3569,221319,132868,107100,95588
01/01/2005 00:00,West Midlands,124542,2290,218930,131006,105891,94716
01/02/2005 00:00,West Midlands,124364,2561,218214,130771,105839,94566
01/03/2005 00:00,West Midlands,123753,2913,216571,130145,105458,93912
01/04/2005 00:00,West Midlands,125147,3464,217413,131780,106854,94788
01/05/2005 00:00,West Midlands,125673,3330,217924,132036,107580,95193
01/06/2005 00:00,West Midlands,126927,3953,219335,133366,108752,96158
01/07/2005 00:00,West Midlands,128389,4171,222167,135002,110011,97019
01/08/2005 00:00,West Midlands,129558,4008,224449,136272,111099,97594
01/09/2005 00:00,West Midlands,130034,4050,225728,136633,111664,97711
01/10/2005 00:00,West Midlands,130025,3656,225847,136312,111715,98005
01/11/2005 00:00,West Midlands,130120,3863,225445,136464,111796,98165
01/12/2005 00:00,West Midlands,130893,4193,225258,137046,112567,99347
01/01/2006 00:00,West Midlands,130739,3097,224722,136877,112635,98931
01/02/2006 00:00,West Midlands,130769,3307,224161,136680,112769,99277
01/03/2006 00:00,West Midlands,130596,4104,225415,136698,112609,98405
01/04/2006 00:00,West Midlands,131383,3597,226063,137549,113351,99058
01/05/2006 00:00,West Midlands,132879,4191,228518,139188,114757,99891
01/06/2006 00:00,West Midlands,134023,5069,229336,140417,115878,100821
01/07/2006 00:00,West Midlands,134693,4322,230339,140958,116811,100931
01/08/2006 00:00,West Midlands,135288,4715,231738,141607,117566,100760
01/09/2006 00:00,West Midlands,135749,4657,233025,142062,118044,100834
01/10/2006 00:00,West Midlands,136600,4465,235017,143083,118529,101590
01/11/2006 00:00,West Midlands,137004,4652,235387,143586,118840,101951
01/12/2006 00:00,West Midlands,137888,5102,236318,144369,119726,102785
01/01/2007 00:00,West Midlands,138400,3594,237076,144867,120277,103056
01/02/2007 00:00,West Midlands,138572,3605,237437,144945,120252,103641
01/03/2007 00:00,West Midlands,138521,4547,237950,144999,120228,103207
01/04/2007 00:00,West Midlands,139436,3811,238447,145792,121319,103896
01/05/2007 00:00,West Midlands,140171,4098,238735,146404,122285,104350
01/06/2007 00:00,West Midlands,141128,5163,240058,147229,123192,105271
01/07/2007 00:00,West Midlands,141759,4647,242252,147896,123616,105620
01/08/2007 00:00,West Midlands,143106,4769,245841,149480,124892,105788
01/09/2007 00:00,West Midlands,143516,4075,247430,150018,125130,105887
01/10/2007 00:00,West Midlands,143623,4140,248647,150041,125063,106081
01/11/2007 00:00,West Midlands,142887,4312,247683,149216,124215,105907
01/12/2007 00:00,West Midlands,143434,3469,248268,149762,124637,106556
01/01/2008 00:00,West Midlands,142875,2562,246987,149196,124137,106241
01/02/2008 00:00,West Midlands,142262,2731,246043,148599,123491,105910
01/03/2008 00:00,West Midlands,140181,2531,243107,146611,121723,103850
01/04/2008 00:00,West Midlands,139123,2762,241405,145534,121063,102521
01/05/2008 00:00,West Midlands,138982,2776,240905,145424,121091,102166
01/06/2008 00:00,West Midlands,138775,2754,240169,145127,121036,102003
01/07/2008 00:00,West Midlands,137686,2207,238730,144280,119858,101103
01/08/2008 00:00,West Midlands,135006,1981,235180,141553,117377,98983
01/09/2008 00:00,West Midlands,132708,1692,233153,139087,115124,97277
01/10/2008 00:00,West Midlands,130995,1952,230587,137077,113581,96280
01/11/2008 00:00,West Midlands,128777,1489,226529,134799,111612,94722
01/12/2008 00:00,West Midlands,125687,1591,220237,131808,108932,92372
01/01/2009 00:00,West Midlands,122751,1102,215998,128709,106135,90449
01/02/2009 00:00,West Midlands,121338,1153,214268,127169,104621,89883
01/03/2009 00:00,West Midlands,120672,1487,213000,126143,104097,89959
01/04/2009 00:00,West Midlands,119944,1452,210348,125579,103662,89255
01/05/2009 00:00,West Midlands,119488,1622,208508,125125,103668,88445
01/06/2009 00:00,West Midlands,119403,1912,208275,125239,103738,87698
01/07/2009 00:00,West Midlands,121044,2273,211278,127001,105355,88321
01/08/2009 00:00,West Midlands,122832,2072,214897,128868,107147,88870
01/09/2009 00:00,West Midlands,125412,2044,220107,131674,109304,90424
01/10/2009 00:00,West Midlands,126848,2380,223065,133410,110457,91051
01/11/2009 00:00,West Midlands,127466,2124,224381,134063,111017,91330
01/12/2009 00:00,West Midlands,128391,2686,224569,135113,112180,91739
01/01/2010 00:00,West Midlands,127524,1318,223854,134248,111624,90220
01/02/2010 00:00,West Midlands,127346,1521,223879,134418,111278,89661
01/03/2010 00:00,West Midlands,126759,1896,225108,133739,110376,89061
01/04/2010 00:00,West Midlands,128064,1956,226669,135039,111506,90443
01/05/2010 00:00,West Midlands,128661,1740,227632,135465,112099,91095
01/06/2010 00:00,West Midlands,129596,2187,228762,136552,113107,91434
01/07/2010 00:00,West Midlands,130320,2461,230997,137340,113736,91496
01/08/2010 00:00,West Midlands,131116,2297,233425,138459,114277,91459
01/09/2010 00:00,West Midlands,131281,2118,234828,138545,114343,91399
01/10/2010 00:00,West Midlands,130453,2243,233331,137635,113549,91030
01/11/2010 00:00,West Midlands,129732,2072,232562,136768,112752,90809
01/12/2010 00:00,West Midlands,128574,2163,230050,135732,111644,90085
01/01/2011 00:00,West Midlands,127333,1413,228766,134305,110404,89325
01/02/2011 00:00,West Midlands,125930,1507,226530,132576,109297,88418
01/03/2011 00:00,West Midlands,124312,1775,225172,130715,107731,87198
01/04/2011 00:00,West Midlands,124349,1874,225045,130742,107795,87269
01/05/2011 00:00,West Midlands,124491,1765,224177,130950,107951,87699
01/06/2011 00:00,West Midlands,125217,2228,223742,131933,108715,88315
01/07/2011 00:00,West Midlands,125441,2238,223180,132197,109029,88602
01/08/2011 00:00,West Midlands,125914,2273,224501,132857,109551,88193
01/09/2011 00:00,West Midlands,126087,2313,225598,132948,109818,87878
01/10/2011 00:00,West Midlands,125119,2245,225049,132200,108716,86723
01/11/2011 00:00,West Midlands,125054,2239,225360,132111,108380,87112
01/12/2011 00:00,West Midlands,124518,2444,223687,131748,107715,87111
01/01/2012 00:00,West Midlands,124765,1633,223388,132096,108020,87269
01/02/2012 00:00,West Midlands,124068,1706,221154,131286,107901,86383
01/03/2012 00:00,West Midlands,124352,2354,220953,131559,108429,86422
01/04/2012 00:00,West Midlands,124592,1594,221218,131638,108720,86820
01/05/2012 00:00,West Midlands,124611,1863,221478,131727,108574,86928
01/06/2012 00:00,West Midlands,125441,2175,222936,132403,109552,87366
01/07/2012 00:00,West Midlands,125980,2003,223517,132895,110341,87409
01/08/2012 00:00,West Midlands,126814,2159,224811,133812,111312,87521
01/09/2012 00:00,West Midlands,126616,1887,225216,133574,111076,87191
01/10/2012 00:00,West Midlands,126446,2044,224779,133493,110854,87113
01/11/2012 00:00,West Midlands,126136,2370,224385,133250,110480,86878
01/12/2012 00:00,West Midlands,126211,1937,224377,133423,110515,86888
01/01/2013 00:00,West Midlands,125901,1512,224196,133330,110129,86303
01/02/2013 00:00,West Midlands,125925,1822,224625,133323,110071,86340
01/03/2013 00:00,West Midlands,125522,1986,224547,132879,109548,86124
01/04/2013 00:00,West Midlands,125823,1835,225085,132901,110061,86355
01/05/2013 00:00,West Midlands,126106,2281,225052,133187,110381,86701
01/06/2013 00:00,West Midlands,126956,2340,225520,134191,111395,87085
01/07/2013 00:00,West Midlands,128253,2524,227614,135530,112559,88086
01/08/2013 00:00,West Midlands,129455,2665,229504,136767,113802,88716
01/09/2013 00:00,West Midlands,129647,2393,230534,136788,113975,88817
01/10/2013 00:00,West Midlands,130231,2896,232141,137563,114285,89050
01/11/2013 00:00,West Midlands,130476,3116,233129,137940,114277,89171
01/12/2013 00:00,West Midlands,131046,2871,233557,138833,114568,89760
01/01/2014 00:00,West Midlands,131217,2369,233699,138943,114684,90157
01/02/2014 00:00,West Midlands,130825,2514,233299,138661,114281,89702
01/03/2014 00:00,West Midlands,131168,2597,233921,139026,114637,89809
01/04/2014 00:00,West Midlands,131969,2551,235083,139988,115471,90054
01/05/2014 00:00,West Midlands,133235,2920,236349,141167,116812,91157
01/06/2014 00:00,West Midlands,134533,3025,238488,142588,118019,91921
01/07/2014 00:00,West Midlands,135153,3094,239332,143182,118682,92330
01/08/2014 00:00,West Midlands,136900,3358,242802,145085,120236,93244
01/09/2014 00:00,West Midlands,137474,2878,244134,145550,120835,93549
01/10/2014 00:00,West Midlands,138384,3273,246106,146622,121427,94234
01/11/2014 00:00,West Midlands,138237,2797,246266,146468,121112,94291
01/12/2014 00:00,West Midlands,138583,2963,247290,146839,121230,94686
01/01/2015 00:00,West Midlands,137916,2236,246185,146169,120543,94330
01/02/2015 00:00,West Midlands,137888,2429,245878,146006,120450,94764
01/03/2015 00:00,West Midlands,137527,2792,245258,145726,119975,94652
01/04/2015 00:00,West Midlands,138329,2361,246850,146499,120822,94960
01/05/2015 00:00,West Midlands,138803,2962,247507,147158,121309,94972
01/06/2015 00:00,West Midlands,140121,3070,249553,148671,122699,95357
01/07/2015 00:00,West Midlands,141409,3433,251104,150115,123872,96349
01/08/2015 00:00,West Midlands,143222,3097,253972,151931,125700,97441
01/09/2015 00:00,West Midlands,144595,3167,257491,153113,126751,98639
01/10/2015 00:00,West Midlands,145094,3616,258947,152612,127273,98594
01/11/2015 00:00,West Midlands,145608,3273,260421,153260,127538,98893
01/12/2015 00:00,West Midlands,146015,3322,261162,152924,127864,98784
01/01/2016 00:00,West Midlands,146612,2475,261948,155837,128130,99458
01/02/2016 00:00,West Midlands,146486,2683,261659,155815,127997,99271
01/03/2016 00:00,West Midlands,146575,5089,261283,155649,128110,99911
01/04/2016 00:00,West Midlands,148291,2172,264332,157467,129789,100737
01/05/2016 00:00,West Midlands,150491,2537,267337,159650,131915,102491
01/06/2016 00:00,West Midlands,153265,2944,271765,162656,134557,104089
01/07/2016 00:00,West Midlands,154637,3225,273936,163886,135857,105302
01/08/2016 00:00,West Midlands,155878,3288,277043,165180,136753,106157
01/09/2016 00:00,West Midlands,156425,3220,278405,165930,136974,106597
01/10/2016 00:00,West Midlands,155872,2945,278477,165375,136065,106540
01/11/2016 00:00,West Midlands,155806,3077,279207,165379,135705,106605
01/12/2016 00:00,West Midlands,156416,3202,280740,165924,136071,107322
01/01/2017 00:00,West Midlands,157285,2443,282510,166694,136876,107971
01/02/2017 00:00,West Midlands,157750,2564,283052,167044,137225,108698
01/03/2017 00:00,West Midlands,157178,3152,281941,166464,136659,108406
01/04/2017 00:00,West Midlands,157897,2398,282597,167246,137289,109110
01/05/2017 00:00,West Midlands,159154,2809,283845,168655,138462,110120
01/06/2017 00:00,West Midlands,161503,3334,286562,170904,140841,112092
01/07/2017 00:00,West Midlands,164094,3342,290587,173698,143071,114095
01/08/2017 00:00,West Midlands,166279,3418,294296,175907,145266,115326
01/09/2017 00:00,West Midlands,167464,3350,297503,177224,146241,115722
01/10/2017 00:00,West Midlands,167619,3196,298436,177566,146339,115380
01/11/2017 00:00,West Midlands,167113,3322,297918,177254,145788,114746
01/12/2017 00:00,West Midlands,167747,3135,298255,178194,146388,115018
01/01/2018 00:00,West Midlands,167696,2598,297597,178065,146566,114930
01/02/2018 00:00,West Midlands,168618,2726,300104,179105,147304,115243
01/03/2018 00:00,West Midlands,168120,2917,299660,178637,146995,114413
01/04/2018 00:00,West Midlands,169472,2426,302076,180270,148372,114703
01/05/2018 00:00,West Midlands,170003,2806,302451,180944,149007,114826
01/06/2018 00:00,West Midlands,171756,3261,305870,183020,150336,115940
01/07/2018 00:00,West Midlands,173488,3166,309671,184895,151689,117071
01/08/2018 00:00,West Midlands,174413,3332,310904,185867,152772,117405
01/09/2018 00:00,West Midlands,175765,2994,313270,187209,154100,118228
01/10/2018 00:00,West Midlands,175916,3413,313578,187433,154160,118346
01/11/2018 00:00,West Midlands,176447,3660,315392,188040,154480,118558
01/12/2018 00:00,West Midlands,176836,2986,315770,188629,154664,118953
01/01/2019 00:00,West Midlands,176255,2398,315188,188095,154072,118408
01/02/2019 00:00,West Midlands,176856,2661,316299,188800,154329,119150
01/03/2019 00:00,West Midlands,175327,2885,314359,187438,152953,117512
01/04/2019 00:00,West Midlands,175571,2594,313915,187573,153490,117659
01/05/2019 00:00,West Midlands,175469,2766,312905,187636,153826,117000
01/06/2019 00:00,West Midlands,176245,2842,313580,188388,154657,117642
01/07/2019 00:00,West Midlands,176786,2942,314530,189122,155094,117850
01/08/2019 00:00,West Midlands,177976,3255,316923,190311,156272,118457
01/09/2019 00:00,West Midlands,179414,2764,319416,191559,157829,119387
01/10/2019 00:00,West Midlands,179733,3167,320220,192406,157918,119122
01/11/2019 00:00,West Midlands,179280,3213,320377,192506,157118,118303
01/12/2019 00:00,West Midlands,178488,2850,318865,192087,156457,117183
01/01/2020 00:00,West Midlands,179060,2505,319817,192614,157186,117359
01/02/2020 00:00,West Midlands,178387,2430,318530,191826,156807,116728
01/03/2020 00:00,West Midlands,177824,2275,318415,191194,156195,116268
01/04/2020 00:00,West Midlands,175618,963,315089,188734,154552,114310
01/05/2020 00:00,West Midlands,177295,1386,317201,190526,155907,115885
01/06/2020 00:00,West Midlands,178914,1874,320053,192663,157532,116146
01/07/2020 00:00,West Midlands,182208,2232,325216,196292,160252,118675
01/08/2020 00:00,West Midlands,182927,2155,327838,197285,161094,118114
01/09/2020 00:00,West Midlands,183383,2208,329310,197545,161555,118413
01/10/2020 00:00,West Midlands,184362,2984,333048,198700,162559,118073
01/11/2020 00:00,West Midlands,185557,2784,335585,199666,163869,118771
01/12/2020 00:00,West Midlands,188245,3004,340192,202514,166504,120257
01/01/2021 00:00,West Midlands,190535,2594,341672,204797,168584,122738
01/02/2021 00:00,West Midlands,193382,3290,343387,207480,171283,125966
01/03/2021 00:00,West Midlands,196264,4513,345456,210002,173901,129581
01/04/2021 00:00,West Midlands,197014,3062,346260,210488,174702,130505
01/05/2021 00:00,West Midlands,197138,2693,347659,210689,174721,130204
01/06/2021 00:00,West Midlands,200619,5075,352846,214100,178527,132199
01/07/2021 00:00,West Midlands,201938,2443,356170,215938,179203,132855
01/08/2021 00:00,West Midlands,203377,2894,359914,218120,180262,132797
01/09/2021 00:00,West Midlands,202377,4910,359606,217808,178924,131204
01/10/2021 00:00,West Midlands,202478,2178,362374,218102,179092,129987
01/11/2021 00:00,West Midlands,203538,2722,364840,219270,179937,130569
01/12/2021 00:00,West Midlands,203516,2946,366907,219395,179693,129945
01/01/2022 00:00,West Midlands,206378,2299,370089,222683,182640,131536
01/02/2022 00:00,West Midlands,209279,2848,373841,225779,185477,133758
01/03/2022 00:00,West Midlands,212020,3106,378185,229230,187715,135364
01/04/2022 00:00,West Midlands,213974,2536,381147,231148,189778,136596
01/05/2022 00:00,West Midlands,215007,2784,383333,232532,190764,136408
01/06/2022 00:00,West Midlands,216278,2592,385651,233728,192122,137069
01/07/2022 00:00,West Midlands,219733,2855,391104,237788,195358,138681
01/08/2022 00:00,West Midlands,222773,2914,395759,240945,198645,140101
01/09/2022 00:00,West Midlands,225571,2978,400384,244101,201421,141240
01/10/2022 00:00,West Midlands,227492,2881,405041,246194,202889,142242
01/11/2022 00:00,West Midlands,228025,2920,406583,246848,203152,142538
01/12/2022 00:00,West Midlands,228359,2811,406736,247289,203337,143050
01/01/2023 00:00,West Midlands,226214,1924,403195,245291,201067,141659
01/02/2023 00:00,West Midlands,226369,1966,404580,245488,200666,142023
01/03/2023 00:00,West Midlands,222980,2336,401361,242184,196613,139804
01/04/2023 00:00,West Midlands,220914,1611,398304,239962,194576,138603
01/05/2023 00:00,West Midlands,219253,1788,395067,238348,193008,137551
01/06/2023 00:00,West Midlands,219966,2197,394798,238888,194330,137722
01/07/2023 00:00,West Midlands,222839,1997,398481,242103,197319,139166
01/08/2023 00:00,West Midlands,223424,2227,398628,242810,198440,138779
01/09/2023 00:00,West Midlands,225448,2059,402439,245123,200327,139677
01/10/2023 00:00,West Midlands,224398,2133,400335,243873,199292,139407
01/11/2023 00:00,West Midlands,224071,2077,400948,243765,198337,139524
01/12/2023 00:00,West Midlands,222941,2073,397844,242661,197216,139199
01/01/2024 00:00,West Midlands,221597,1615,395723,241024,196327,138031
01/02/2024 00:00,West Midlands,220331,1888,391123,239586,195713,137275
01/03/2024 00:00,West Midlands,218899,2090,388293,237935,194455,136561
01/04/2024 00:00,West Midlands,219247,1836,387087,238530,194772,137057
01/05/2024 00:00,West Midlands,220334,2041,388544,239741,195825,137713
01/06/2024 00:00,West Midlands,222534,1853,391986,242211,198171,138529
01/07/2024 00:00,West Midlands,224514,1888,395835,244562,200215,138955
01/08/2024 00:00,West Midlands,226410,2059,399721,246498,202325,139496
01/09/2024 00:00,West Midlands,228589,1774,404595,249061,204252,140285
01/10/2024 00:00,West Midlands,230161,1823,407312,250358,205623,141886
01/11/2024 00:00,West Midlands,231010,1544,408163,251671,205812,142948
01/12/2024 00:00,West Midlands,231084,,406235,251865,205963,143370
01/01/2025 00:00,West Midlands,231270,,406441,252574,206122,142846
01/04/1968 00:00,Yorkshire and The Humber,2553,,,,,
01/05/1968 00:00,Yorkshire and The Humber,2553,,,,,
01/06/1968 00:00,Yorkshire and The Humber,2553,,,,,
