InitialTransformedData/HPIInitialTransform.csv
Date,RegionName,AveragePrice,SalesVolume,DetachedPrice,SemiDetachedPrice,TerracedPrice,FlatPrice
01/07/1968 00:00,Yorkshire and The Humber,2581,,,,,
01/08/1968 00:00,Yorkshire and The Humber,2581,,,,,
01/09/1968 00:00,Yorkshire and The Humber,2581,,,,,
01/10/1968 00:00,Yorkshire and The Humber,2581,,,,,
01/11/1968 00:00,Yorkshire and The Humber,2581,,,,,
01/12/1968 00:00,Yorkshire and The Humber,2581,,,,,
01/01/1969 00:00,Yorkshire and The Humber,2624,,,,,
01/02/1969 00:00,Yorkshire and The Humber,2624,,,,,
01/03/1969 00:00,Yorkshire and The Humber,2624,,,,,
01/04/1969 00:00,Yorkshire and The Humber,2695,,,,,
01/05/1969 00:00,Yorkshire and The Humber,2695,,,,,
01/06/1969 00:00,Yorkshire and The Humber,2695,,,,,
01/07/1969 00:00,Yorkshire and The Humber,2781,,,,,
01/08/1969 00:00,Yorkshire and The Humber,2781,,,,,
01/09/1969 00:00,Yorkshire and The Humber,2781,,,,,
01/10/1969 00:00,Yorkshire and The Humber,2695,,,,,
01/11/1969 00:00,Yorkshire and The Humber,2695,,,,,
01/12/1969 00:00,Yorkshire and The Humber,2695,,,,,
01/01/1970 00:00,Yorkshire and The Humber,2738,,,,,
01/02/1970 00:00,Yorkshire and The Humber,2738,,,,,
01/03/1970 00:00,Yorkshire and The Humber,2738,,,,,
01/04/1970 00:00,Yorkshire and The Humber,2795,,,,,
01/05/1970 00:00,Yorkshire and The Humber,2795,,,,,
01/06/1970 00:00,Yorkshire and The Humber,2795,,,,,
01/07/1970 00:00,Yorkshire and The Humber,2909,,,,,
01/08/1970 00:00,Yorkshire and The Humber,2909,,,,,
01/09/1970 00:00,Yorkshire and The Humber,2909,,,,,
01/10/1970 00:00,Yorkshire and The Humber,2824,,,,,
01/11/1970 00:00,Yorkshire and The Humber,2824,,,,,
01/12/1970 00:00,Yorkshire and The Humber,2824,,,,,
01/01/1971 00:00,Yorkshire and The Humber,2881,,,,,
01/02/1971 00:00,Yorkshire and The Humber,2881,,,,,
01/03/1971 00:00,Yorkshire and The Humber,2881,,,,,
01/04/1971 00:00,Yorkshire and The Humber,2995,,,,,
01/05/1971 00:00,Yorkshire and The Humber,2995,,,,,
01/06/1971 00:00,Yorkshire and The Humber,2995,,,,,
01/07/1971 00:00,Yorkshire and The Humber,3166,,,,,
01/08/1971 00:00,Yorkshire and The Humber,3166,,,,,
01/09/1971 00:00,Yorkshire and The Humber,3166,,,,,
01/10/1971 00:00,Yorkshire and The Humber,3237,,,,,
01/11/1971 00:00,Yorkshire and The Humber,3237,,,,,
01/12/1971 00:00,Yorkshire and The Humber,3237,,,,,
01/01/1972 00:00,Yorkshire and The Humber,3323,,,,,
01/02/1972 00:00,Yorkshire and The Humber,3323,,,,,
01/03/1972 00:00,Yorkshire and The Humber,3323,,,,,
01/04/1972 00:00,Yorkshire and The Humber,3551,,,,,
01/05/1972 00:00,Yorkshire and The Humber,3551,,,,,
01/06/1972 00:00,Yorkshire and The Humber,3551,,,,,
01/07/1972 00:00,Yorkshire and The Humber,3879,,,,,
01/08/1972 00:00,Yorkshire and The Humber,3879,,,,,
01/09/1972 00:00,Yorkshire and The Humber,3879,,,,,
01/10/1972 00:00,Yorkshire and The Humber,4307,,,,,
01/11/1972 00:00,Yorkshire and The Humber,4307,,,,,
01/12/1972 00:00,Yorkshire and The Humber,4307,,,,,
01/01/1973 00:00,Yorkshire and The Humber,4663,,,,,
01/02/1973 00:00,Yorkshire and The Humber,4663,,,,,
01/03/1973 00:00,Yorkshire and The Humber,4663,,,,,
01/04/1973 00:00,Yorkshire and The Humber,5234,,,,,
01/05/1973 00:00,Yorkshire and The Humber,5234,,,,,
01/06/1973 00:00,Yorkshire and The Humber,5234,,,,,
01/07/1973 00:00,Yorkshire and The Humber,5747,,,,,
01/08/1973 00:00,Yorkshire and The Humber,5747,,,,,
01/09/1973 00:00,Yorkshire and The Humber,5747,,,,,
01/10/1973 00:00,Yorkshire and The Humber,6018,,,,,
01/11/1973 00:00,Yorkshire and The Humber,6018,,,,,
01/12/1973 00:00,Yorkshire and The Humber,6018,,,,,
01/01/1974 00:00,Yorkshire and The Humber,6104,,,,,
01/02/1974 00:00,Yorkshire and The Humber,6104,,,,,
01/03/1974 00:00,Yorkshire and The Humber,6104,,,,,
01/04/1974 00:00,Yorkshire and The Humber,6317,,,,,
01/05/1974 00:00,Yorkshire and The Humber,6317,,,,,
01/06/1974 00:00,Yorkshire and The Humber,6317,,,,,
01/07/1974 00:00,Yorkshire and The Humber,6246,,,,,
01/08/1974 00:00,Yorkshire and The Humber,6246,,,,,
01/09/1974 00:00,Yorkshire and The Humber,6246,,,,,
01/10/1974 00:00,Yorkshire and The Humber,6374,,,,,
01/11/1974 00:00,Yorkshire and The Humber,6374,,,,,
01/12/1974 00:00,Yorkshire and The Humber,6374,,,,,
01/01/1975 00:00,Yorkshire and The Humber,6517,,,,,
01/02/1975 00:00,Yorkshire and The Humber,6517,,,,,
01/03/1975 00:00,Yorkshire and The Humber,6517,,,,,
01/04/1975 00:00,Yorkshire and The Humber,6674,,,,,
01/05/1975 00:00,Yorkshire and The Humber,6674,,,,,
01/06/1975 00:00,Yorkshire and The Humber,6674,,,,,
01/07/1975 00:00,Yorkshire and The Humber,7045,,,,,
01/08/1975 00:00,Yorkshire and The Humber,7045,,,,,
01/09/1975 00:00,Yorkshire and The Humber,7045,,,,,
01/10/1975 00:00,Yorkshire and The Humber,7244,,,,,
01/11/1975 00:00,Yorkshire and The Humber,7244,,,,,
01/12/1975 00:00,Yorkshire and The Humber,7244,,,,,
01/01/1976 00:00,Yorkshire and The Humber,7301,,,,,
01/02/1976 00:00,Yorkshire and The Humber,7301,,,,,
01/03/1976 00:00,Yorkshire and The Humber,7301,,,,,
01/04/1976 00:00,Yorkshire and The Humber,7487,,,,,
01/05/1976 00:00,Yorkshire and The Humber,7487,,,,,
01/06/1976 00:00,Yorkshire and The Humber,7487,,,,,
01/07/1976 00:00,Yorkshire and The Humber,7957,,,,,
01/08/1976 00:00,Yorkshire and The Humber,7957,,,,,
01/09/1976 00:00,Yorkshire and The Humber,7957,,,,,
01/10/1976 00:00,Yorkshire and The Humber,7872,,,,,
01/11/1976 00:00,Yorkshire and The Humber,7872,,,,,
01/12/1976 00:00,Yorkshire and The Humber,7872,,,,,
01/01/1977 00:00,Yorkshire and The Humber,7943,,,,,
01/02/1977 00:00,Yorkshire and The Humber,7943,,,,,
01/03/1977 00:00,Yorkshire and The Humber,7943,,,,,
01/04/1977 00:00,Yorkshire and The Humber,7915,,,,,
01/05/1977 00:00,Yorkshire and The Humber,7915,,,,,
01/06/1977 00:00,Yorkshire and The Humber,7915,,,,,
01/07/1977 00:00,Yorkshire and The Humber,8314,,,,,
01/08/1977 00:00,Yorkshire and The Humber,8314,,,,,
01/09/1977 00:00,Yorkshire and The Humber,8314,,,,,
01/10/1977 00:00,Yorkshire and The Humber,8670,,,,,
01/11/1977 00:00,Yorkshire and The Humber,8670,,,,,
01/12/1977 00:00,Yorkshire and The Humber,8670,,,,,
01/01/1978 00:00,Yorkshire and The Humber,8571,,,,,
01/02/1978 00:00,Yorkshire and The Humber,8571,,,,,
01/03/1978 00:00,Yorkshire and The Humber,8571,,,,,
01/04/1978 00:00,Yorkshire and The Humber,9013,,,,,
01/05/1978 00:00,Yorkshire and The Humber,9013,,,,,
01/06/1978 00:00,Yorkshire and The Humber,9013,,,,,
01/07/1978 00:00,Yorkshire and The Humber,9612,,,,,
01/08/1978 00:00,Yorkshire and The Humber,9612,,,,,
01/09/1978 00:00,Yorkshire and The Humber,9612,,,,,
01/10/1978 00:00,Yorkshire and The Humber,9954,,,,,
01/11/1978 00:00,Yorkshire and The Humber,9954,,,,,
01/12/1978 00:00,Yorkshire and The Humber,9954,,,,,
01/01/1979 00:00,Yorkshire and The Humber,10282,,,,,
01/02/1979 00:00,Yorkshire and The Humber,10282,,,,,
01/03/1979 00:00,Yorkshire and The Humber,10282,,,,,
01/04/1979 00:00,Yorkshire and The Humber,11437,,,,,
01/05/1979 00:00,Yorkshire and The Humber,11437,,,,,
01/06/1979 00:00,Yorkshire and The Humber,11437,,,,,
01/07/1979 00:00,Yorkshire and The Humber,12164,,,,,
01/08/1979 00:00,Yorkshire and The Humber,12164,,,,,
01/09/1979 00:00,Yorkshire and The Humber,12164,,,,,
01/10/1979 00:00,Yorkshire and The Humber,12592,,,,,
01/11/1979 00:00,Yorkshire and The Humber,12592,,,,,
01/12/1979 00:00,Yorkshire and The Humber,12592,,,,,
01/01/1980 00:00,Yorkshire and The Humber,13277,,,,,
01/02/1980 00:00,Yorkshire and The Humber,13277,,,,,
01/03/1980 00:00,Yorkshire and The Humber,13277,,,,,
01/04/1980 00:00,Yorkshire and The Humber,14175,,,,,
01/05/1980 00:00,Yorkshire and The Humber,14175,,,,,
01/06/1980 00:00,Yorkshire and The Humber,14175,,,,,
01/07/1980 00:00,Yorkshire and The Humber,14745,,,,,
01/08/1980 00:00,Yorkshire and The Humber,14745,,,,,
01/09/1980 00:00,Yorkshire and The Humber,14745,,,,,
01/10/1980 00:00,Yorkshire and The Humber,14831,,,,,
01/11/1980 00:00,Yorkshire and The Humber,14831,,,,,
01/12/1980 00:00,Yorkshire and The Humber,14831,,,,,
01/01/1981 00:00,Yorkshire and The Humber,15458,,,,,
01/02/1981 00:00,Yorkshire and The Humber,15458,,,,,
01/03/1981 00:00,Yorkshire and The Humber,15458,,,,,
01/04/1981 00:00,Yorkshire and The Humber,16143,,,,,
01/05/1981 00:00,Yorkshire and The Humber,16143,,,,,
01/06/1981 00:00,Yorkshire and The Humber,16143,,,,,
01/07/1981 00:00,Yorkshire and The Humber,16385,,,,,
01/08/1981 00:00,Yorkshire and The Humber,16385,,,,,
01/09/1981 00:00,Yorkshire and The Humber,16385,,,,,
01/10/1981 00:00,Yorkshire and The Humber,16143,,,,,
01/11/1981 00:00,Yorkshire and The Humber,16143,,,,,
01/12/1981 00:00,Yorkshire and The Humber,16143,,,,,
01/01/1982 00:00,Yorkshire and The Humber,15487,,,,,
01/02/1982 00:00,Yorkshire and The Humber,15487,,,,,
01/03/1982 00:00,Yorkshire and The Humber,15487,,,,,
01/04/1982 00:00,Yorkshire and The Humber,15829,,,,,
01/05/1982 00:00,Yorkshire and The Humber,15829,,,,,
01/06/1982 00:00,Yorkshire and The Humber,15829,,,,,
01/07/1982 00:00,Yorkshire and The Humber,16229,,,,,
01/08/1982 00:00,Yorkshire and The Humber,16229,,,,,
01/09/1982 00:00,Yorkshire and The Humber,16229,,,,,
01/10/1982 00:00,Yorkshire and The Humber,16713,,,,,
01/11/1982 00:00,Yorkshire and The Humber,16713,,,,,
01/12/1982 00:00,Yorkshire and The Humber,16713,,,,,
01/01/1983 00:00,Yorkshire and The Humber,16970,,,,,
01/02/1983 00:00,Yorkshire and The Humber,16970,,,,,
01/03/1983 00:00,Yorkshire and The Humber,16970,,,,,
01/04/1983 00:00,Yorkshire and The Humber,17826,,,,,
01/05/1983 00:00,Yorkshire and The Humber,17826,,,,,
01/06/1983 00:00,Yorkshire and The Humber,17826,,,,,
01/07/1983 00:00,Yorkshire and The Humber,18681,,,,,
01/08/1983 00:00,Yorkshire and The Humber,18681,,,,,
01/09/1983 00:00,Yorkshire and The Humber,18681,,,,,
01/10/1983 00:00,Yorkshire and The Humber,18681,,,,,
01/11/1983 00:00,Yorkshire and The Humber,18681,,,,,
01/12/1983 00:00,Yorkshire and The Humber,18681,,,,,
01/01/1984 00:00,Yorkshire and The Humber,18539,,,,,
01/02/1984 00:00,Yorkshire and The Humber,18539,,,,,
01/03/1984 00:00,Yorkshire and The Humber,18539,,,,,
01/04/1984 00:00,Yorkshire and The Humber,18824,,,,,
01/05/1984 00:00,Yorkshire and The Humber,18824,,,,,
01/06/1984 00:00,Yorkshire and The Humber,18824,,,,,
01/07/1984 00:00,Yorkshire and The Humber,19965,,,,,
01/08/1984 00:00,Yorkshire and The Humber,19965,,,,,
01/09/1984 00:00,Yorkshire and The Humber,19965,,,,,
01/10/1984 00:00,Yorkshire and The Humber,19394,,,,,
01/11/1984 00:00,Yorkshire and The Humber,19394,,,,,
01/12/1984 00:00,Yorkshire and The Humber,19394,,,,,
01/01/1985 00:00,Yorkshire and The Humber,19965,,,,,
01/02/1985 00:00,Yorkshire and The Humber,19965,,,,,
01/03/1985 00:00,Yorkshire and The Humber,19965,,,,,
01/04/1985 00:00,Yorkshire and The Humber,20250,,,,,
01/05/1985 00:00,Yorkshire and The Humber,20250,,,,,
01/06/1985 00:00,Yorkshire and The Humber,20250,,,,,
01/07/1985 00:00,Yorkshire and The Humber,20250,,,,,
01/08/1985 00:00,Yorkshire and The Humber,20250,,,,,
01/09/1985 00:00,Yorkshire and The Humber,20250,,,,,
01/10/1985 00:00,Yorkshire and The Humber,21391,,,,,
01/11/1985 00:00,Yorkshire and The Humber,21391,,,,,
01/12/1985 00:00,Yorkshire and The Humber,21391,,,,,
01/01/1986 00:00,Yorkshire and The Humber,20963,,,,,
01/02/1986 00:00,Yorkshire and The Humber,20963,,,,,
01/03/1986 00:00,Yorkshire and The Humber,20963,,,,,
01/04/1986 00:00,Yorkshire and The Humber,22104,,,,,
01/05/1986 00:00,Yorkshire and The Humber,22104,,,,,
01/06/1986 00:00,Yorkshire and The Humber,22104,,,,,
01/07/1986 00:00,Yorkshire and The Humber,22247,,,,,
01/08/1986 00:00,Yorkshire and The Humber,22247,,,,,
01/09/1986 00:00,Yorkshire and The Humber,22247,,,,,
01/10/1986 00:00,Yorkshire and The Humber,23102,,,,,
01/11/1986 00:00,Yorkshire and The Humber,23102,,,,,
01/12/1986 00:00,Yorkshire and The Humber,23102,,,,,
01/01/1987 00:00,Yorkshire and The Humber,22960,,,,,
01/02/1987 00:00,Yorkshire and The Humber,22960,,,,,
01/03/1987 00:00,Yorkshire and The Humber,22960,,,,,
01/04/1987 00:00,Yorkshire and The Humber,23530,,,,,
01/05/1987 00:00,Yorkshire and The Humber,23530,,,,,
01/06/1987 00:00,Yorkshire and The Humber,23530,,,,,
01/07/1987 00:00,Yorkshire and The Humber,24813,,,,,
01/08/1987 00:00,Yorkshire and The Humber,24813,,,,,
01/09/1987 00:00,Yorkshire and The Humber,24813,,,,,
01/10/1987 00:00,Yorkshire and The Humber,24742,,,,,
01/11/1987 00:00,Yorkshire and The Humber,24742,,,,,
01/12/1987 00:00,Yorkshire and The Humber,24742,,,,,
01/01/1988 00:00,Yorkshire and The Humber,25765,,,,,
01/02/1988 00:00,Yorkshire and The Humber,25765,,,,,
01/03/1988 00:00,Yorkshire and The Humber,25765,,,,,
01/04/1988 00:00,Yorkshire and The Humber,25969,,,,,
01/05/1988 00:00,Yorkshire and The Humber,25969,,,,,
01/06/1988 00:00,Yorkshire and The Humber,25969,,,,,
01/07/1988 00:00,Yorkshire and The Humber,29241,,,,,
01/08/1988 00:00,Yorkshire and The Humber,29241,,,,,
01/09/1988 00:00,Yorkshire and The Humber,29241,,,,,
01/10/1988 00:00,Yorkshire and The Humber,34149,,,,,
01/11/1988 00:00,Yorkshire and The Humber,34149,,,,,
01/12/1988 00:00,Yorkshire and The Humber,34149,,,,,
01/01/1989 00:00,Yorkshire and The Humber,35580,,,,,
01/02/1989 00:00,Yorkshire and The Humber,35580,,,,,
01/03/1989 00:00,Yorkshire and The Humber,35580,,,,,
01/04/1989 00:00,Yorkshire and The Humber,39056,,,,,
01/05/1989 00:00,Yorkshire and The Humber,39056,,,,,
01/06/1989 00:00,Yorkshire and The Humber,39056,,,,,
01/07/1989 00:00,Yorkshire and The Humber,42328,,,,,
01/08/1989 00:00,Yorkshire and The Humber,42328,,,,,
01/09/1989 00:00,Yorkshire and The Humber,42328,,,,,
01/10/1989 00:00,Yorkshire and The Humber,41919,,,,,
01/11/1989 00:00,Yorkshire and The Humber,41919,,,,,
01/12/1989 00:00,Yorkshire and The Humber,41919,,,,,
01/01/1990 00:00,Yorkshire and The Humber,42433,,,,,
01/02/1990 00:00,Yorkshire and The Humber,42433,,,,,
01/03/1990 00:00,Yorkshire and The Humber,42433,,,,,
01/04/1990 00:00,Yorkshire and The Humber,42779,,,,,
01/05/1990 00:00,Yorkshire and The Humber,42779,,,,,
01/06/1990 00:00,Yorkshire and The Humber,42779,,,,,
01/07/1990 00:00,Yorkshire and The Humber,43901,,,,,
01/08/1990 00:00,Yorkshire and The Humber,43901,,,,,
01/09/1990 00:00,Yorkshire and The Humber,43901,,,,,
01/10/1990 00:00,Yorkshire and The Humber,43512,,,,,
01/11/1990 00:00,Yorkshire and The Humber,43512,,,,,
01/12/1990 00:00,Yorkshire and The Humber,43512,,,,,
01/01/1991 00:00,Yorkshire and The Humber,42994,,,,,
01/02/1991 00:00,Yorkshire and The Humber,42994,,,,,
01/03/1991 00:00,Yorkshire and The Humber,42994,,,,,
01/04/1991 00:00,Yorkshire and The Humber,45455,,,,,
01/05/1991 00:00,Yorkshire and The Humber,45455,,,,,
01/06/1991 00:00,Yorkshire and The Humber,45455,,,,,
01/07/1991 00:00,Yorkshire and The Humber,45584,,,,,
01/08/1991 00:00,Yorkshire and The Humber,45584,,,,,
01/09/1991 00:00,Yorkshire and The Humber,45584,,,,,
01/10/1991 00:00,Yorkshire and The Humber,45110,,,,,
01/11/1991 00:00,Yorkshire and The Humber,45110,,,,,
01/12/1991 00:00,Yorkshire and The Humber,45110,,,,,
01/01/1992 00:00,Yorkshire and The Humber,44419,,,,,
01/02/1992 00:00,Yorkshire and The Humber,44419,,,,,
01/03/1992 00:00,Yorkshire and The Humber,44419,,,,,
01/04/1992 00:00,Yorkshire and The Humber,45153,,,,,
01/05/1992 00:00,Yorkshire and The Humber,45153,,,,,
01/06/1992 00:00,Yorkshire and The Humber,45153,,,,,
01/07/1992 00:00,Yorkshire and The Humber,45692,,,,,
01/08/1992 00:00,Yorkshire and The Humber,45692,,,,,
01/09/1992 00:00,Yorkshire and The Humber,45692,,,,,
01/10/1992 00:00,Yorkshire and The Humber,40610,,,,,
01/11/1992 00:00,Yorkshire and The Humber,40610,,,,,
01/12/1992 00:00,Yorkshire and The Humber,40610,,,,,
01/01/1993 00:00,Yorkshire and The Humber,45827,,,,,
01/02/1993 00:00,Yorkshire and The Humber,45827,,,,,
01/03/1993 00:00,Yorkshire and The Humber,45827,,,,,
01/04/1993 00:00,Yorkshire and The Humber,43534,,,,,
01/05/1993 00:00,Yorkshire and The Humber,43534,,,,,
01/06/1993 00:00,Yorkshire and The Humber,43534,,,,,
01/07/1993 00:00,Yorkshire and The Humber,46142,,,,,
01/08/1993 00:00,Yorkshire and The Humber,46142,,,,,
01/09/1993 00:00,Yorkshire and The Humber,46142,,,,,
01/10/1993 00:00,Yorkshire and The Humber,44163,,,,,
01/11/1993 00:00,Yorkshire and The Humber,44163,,,,,
01/12/1993 00:00,Yorkshire and The Humber,44163,,,,,
01/01/1994 00:00,Yorkshire and The Humber,45513,,,,,
01/02/1994 00:00,Yorkshire and The Humber,45513,,,,,
01/03/1994 00:00,Yorkshire and The Humber,45513,,,,,
01/04/1994 00:00,Yorkshire and The Humber,43938,,,,,
01/05/1994 00:00,Yorkshire and The Humber,43938,,,,,
01/06/1994 00:00,Yorkshire and The Humber,43938,,,,,
01/07/1994 00:00,Yorkshire and The Humber,43804,,,,,
01/08/1994 00:00,Yorkshire and The Humber,43804,,,,,
01/09/1994 00:00,Yorkshire and The Humber,43804,,,,,
01/10/1994 00:00,Yorkshire and The Humber,44028,,,,,
01/11/1994 00:00,Yorkshire and The Humber,44028,,,,,
01/12/1994 00:00,Yorkshire and The Humber,44028,,,,,
01/01/1995 00:00,Yorkshire and The Humber,42171,4489,73932,42048,32720,31436
01/02/1995 00:00,Yorkshire and The Humber,41912,4349,72421,42195,32483,31330
01/03/1995 00:00,Yorkshire and The Humber,42544,6149,73327,42683,33144,31657
01/04/1995 00:00,Yorkshire and The Humber,42934,5338,74310,42982,33410,32173
01/05/1995 00:00,Yorkshire and The Humber,42197,6200,72573,42406,32858,31420
01/06/1995 00:00,Yorkshire and The Humber,42725,6915,73792,42995,33118,32090
01/07/1995 00:00,Yorkshire and The Humber,42859,5813,75011,42926,33189,31571
01/08/1995 00:00,Yorkshire and The Humber,42461,6375,74285,42555,32907,30925
01/09/1995 00:00,Yorkshire and The Humber,42203,6364,73440,42323,32765,30938
01/10/1995 00:00,Yorkshire and The Humber,41706,5756,73557,42057,31920,30994
01/11/1995 00:00,Yorkshire and The Humber,41571,6038,73180,41975,31811,30906
01/12/1995 00:00,Yorkshire and The Humber,41845,6580,72670,42196,32335,30866
01/01/1996 00:00,Yorkshire and The Humber,40907,4354,72250,41172,31385,29985
01/02/1996 00:00,Yorkshire and The Humber,41240,4707,72162,41675,31674,30430
