InitialTransformedData/HPIInitialTransform.csv
Date,RegionName,AveragePrice,SalesVolume,DetachedPrice,SemiDetachedPrice,TerracedPrice,FlatPrice
01/03/1996 00:00,Yorkshire and The Humber,41303,5972,72553,41840,31573,30443
01/04/1996 00:00,Yorkshire and The Humber,41922,5597,73536,42089,32361,30916
01/05/1996 00:00,Yorkshire and The Humber,42307,6937,73627,42436,32865,31062
01/06/1996 00:00,Yorkshire and The Humber,42475,6756,74156,42725,32751,31954
01/07/1996 00:00,Yorkshire and The Humber,42968,7394,75869,43189,33026,31409
01/08/1996 00:00,Yorkshire and The Humber,42855,7839,75571,42968,33054,31288
01/09/1996 00:00,Yorkshire and The Humber,42479,6908,75185,42628,32683,30819
01/10/1996 00:00,Yorkshire and The Humber,42237,7658,75219,42538,32233,30848
01/11/1996 00:00,Yorkshire and The Humber,42957,8112,75530,43152,33103,31591
01/12/1996 00:00,Yorkshire and The Humber,42592,7677,74494,42893,32867,31150
01/01/1997 00:00,Yorkshire and The Humber,42341,5704,74782,42506,32630,30520
01/02/1997 00:00,Yorkshire and The Humber,42129,5515,74835,42372,32207,30951
01/03/1997 00:00,Yorkshire and The Humber,42652,6632,75236,42781,32846,31357
01/04/1997 00:00,Yorkshire and The Humber,43585,6677,76790,43946,33487,31472
01/05/1997 00:00,Yorkshire and The Humber,43894,7753,77069,44228,33843,31551
01/06/1997 00:00,Yorkshire and The Humber,44125,8182,78048,44316,33961,31767
01/07/1997 00:00,Yorkshire and The Humber,44276,8747,78575,44478,34068,31324
01/08/1997 00:00,Yorkshire and The Humber,44444,8328,79160,44673,34064,31680
01/09/1997 00:00,Yorkshire and The Humber,44428,7543,79117,44639,34040,31887
01/10/1997 00:00,Yorkshire and The Humber,43810,8315,78359,44108,33415,31335
01/11/1997 00:00,Yorkshire and The Humber,44026,7031,78749,44359,33555,31462
01/12/1997 00:00,Yorkshire and The Humber,43511,7734,77260,43961,33203,31325
01/01/1998 00:00,Yorkshire and The Humber,44015,5155,79280,44075,33565,31749
01/02/1998 00:00,Yorkshire and The Humber,44132,5205,78510,44508,33603,32482
01/03/1998 00:00,Yorkshire and The Humber,43873,6566,77921,44252,33523,31654
01/04/1998 00:00,Yorkshire and The Humber,44587,6997,79652,44948,34008,31768
01/05/1998 00:00,Yorkshire and The Humber,45053,7383,79810,45283,34619,32428
01/06/1998 00:00,Yorkshire and The Humber,44966,8145,80281,45238,34269,32887
01/07/1998 00:00,Yorkshire and The Humber,45727,8886,81694,45964,34948,32811
01/08/1998 00:00,Yorkshire and The Humber,45872,7562,82409,46039,34950,33171
01/09/1998 00:00,Yorkshire and The Humber,45226,7159,81276,45451,34416,32614
01/10/1998 00:00,Yorkshire and The Humber,45350,8086,81733,45668,34326,33059
01/11/1998 00:00,Yorkshire and The Humber,44353,7382,80273,44743,33437,32181
01/12/1998 00:00,Yorkshire and The Humber,45110,7834,80321,45552,34261,33363
01/01/1999 00:00,Yorkshire and The Humber,44790,4908,80885,45220,33773,32605
01/02/1999 00:00,Yorkshire and The Humber,44755,5268,80350,45199,33828,32961
01/03/1999 00:00,Yorkshire and The Humber,45281,7331,81085,45697,34292,33509
01/04/1999 00:00,Yorkshire and The Humber,45614,7872,80997,46003,34853,33236
01/05/1999 00:00,Yorkshire and The Humber,46617,7764,82793,46964,35589,34433
01/06/1999 00:00,Yorkshire and The Humber,46962,8754,84014,47320,35655,34702
01/07/1999 00:00,Yorkshire and The Humber,46841,10085,84369,47002,35609,34118
01/08/1999 00:00,Yorkshire and The Humber,47634,8886,85576,47740,36288,34960
01/09/1999 00:00,Yorkshire and The Humber,47427,8468,85371,47455,36082,35232
01/10/1999 00:00,Yorkshire and The Humber,47440,9362,85357,47763,35849,35412
01/11/1999 00:00,Yorkshire and The Humber,47939,9168,86083,48203,36341,35684
01/12/1999 00:00,Yorkshire and The Humber,47678,9036,85086,47908,36246,36116
01/01/2000 00:00,Yorkshire and The Humber,47522,5717,86428,47873,35693,34867
01/02/2000 00:00,Yorkshire and The Humber,47607,6182,85882,47824,35970,35560
01/03/2000 00:00,Yorkshire and The Humber,47753,8871,85808,48116,36073,35680
01/04/2000 00:00,Yorkshire and The Humber,49422,8022,88580,49602,37430,37709
01/05/2000 00:00,Yorkshire and The Humber,49866,8416,89551,50291,37552,37920
01/06/2000 00:00,Yorkshire and The Humber,50465,10083,90164,50905,38060,38878
01/07/2000 00:00,Yorkshire and The Humber,50888,8777,92613,51153,38112,38471
01/08/2000 00:00,Yorkshire and The Humber,50997,9036,92919,51432,37905,39452
01/09/2000 00:00,Yorkshire and The Humber,51622,8702,94118,51756,38647,39465
01/10/2000 00:00,Yorkshire and The Humber,51447,8396,94169,51967,38156,39102
01/11/2000 00:00,Yorkshire and The Humber,50840,8180,93306,51185,37621,39588
01/12/2000 00:00,Yorkshire and The Humber,51494,8961,93484,51875,38296,40681
01/01/2001 00:00,Yorkshire and The Humber,51774,5850,94522,51989,38557,40311
01/02/2001 00:00,Yorkshire and The Humber,50898,6063,92786,51205,37858,39756
01/03/2001 00:00,Yorkshire and The Humber,51403,8443,93472,51710,38357,39696
01/04/2001 00:00,Yorkshire and The Humber,52861,8089,96363,52929,39501,41230
01/05/2001 00:00,Yorkshire and The Humber,53897,9271,97214,54211,40347,42256
01/06/2001 00:00,Yorkshire and The Humber,54447,11031,97816,54670,40811,43562
01/07/2001 00:00,Yorkshire and The Humber,55172,10516,100600,55399,41130,42898
01/08/2001 00:00,Yorkshire and The Humber,56329,11595,102606,56341,42085,44453
01/09/2001 00:00,Yorkshire and The Humber,56526,9356,103634,56337,42115,45234
01/10/2001 00:00,Yorkshire and The Humber,56017,10435,102457,56236,41642,43874
01/11/2001 00:00,Yorkshire and The Humber,56868,11220,103512,57189,42208,45535
01/12/2001 00:00,Yorkshire and The Humber,57539,9590,104382,57969,42586,47143
01/01/2002 00:00,Yorkshire and The Humber,57307,7040,105208,57612,42347,45619
01/02/2002 00:00,Yorkshire and The Humber,58358,7413,107117,58475,43232,46694
01/03/2002 00:00,Yorkshire and The Humber,59230,10423,107484,59637,43930,47923
01/04/2002 00:00,Yorkshire and The Humber,60935,9582,111025,61121,45196,49636
01/05/2002 00:00,Yorkshire and The Humber,62766,12999,113458,63199,46640,50989
01/06/2002 00:00,Yorkshire and The Humber,64881,10042,117008,65000,48402,53577
01/07/2002 00:00,Yorkshire and The Humber,66085,11823,120505,66271,49054,53433
01/08/2002 00:00,Yorkshire and The Humber,67820,12028,123087,68101,50390,55158
01/09/2002 00:00,Yorkshire and The Humber,68715,10126,125759,69313,50588,55720
01/10/2002 00:00,Yorkshire and The Humber,69577,10323,126878,70267,51307,56233
01/11/2002 00:00,Yorkshire and The Humber,72181,11411,131882,72588,53320,58754
01/12/2002 00:00,Yorkshire and The Humber,72811,10192,131211,73747,53813,59942
01/01/2003 00:00,Yorkshire and The Humber,73938,7804,134945,74306,54670,60337
01/02/2003 00:00,Yorkshire and The Humber,74082,7497,133339,74887,54857,61296
01/03/2003 00:00,Yorkshire and The Humber,75378,8432,136123,76004,55883,61964
01/04/2003 00:00,Yorkshire and The Humber,78012,8849,140316,79021,57818,63473
01/05/2003 00:00,Yorkshire and The Humber,80363,10158,144316,81420,59705,64641
01/06/2003 00:00,Yorkshire and The Humber,82043,10413,146438,82905,61095,67904
01/07/2003 00:00,Yorkshire and The Humber,84249,11013,150704,85521,62651,67646
01/08/2003 00:00,Yorkshire and The Humber,86119,11564,153632,87317,64217,69193
01/09/2003 00:00,Yorkshire and The Humber,86431,10865,154006,87313,64724,69418
01/10/2003 00:00,Yorkshire and The Humber,87816,12209,156689,88855,65685,69909
01/11/2003 00:00,Yorkshire and The Humber,89590,11302,159225,90842,67021,71519
01/12/2003 00:00,Yorkshire and The Humber,91668,11890,160284,92783,69267,74259
01/01/2004 00:00,Yorkshire and The Humber,91131,8444,162290,92156,68319,72292
01/02/2004 00:00,Yorkshire and The Humber,91574,8425,160565,92509,69068,73445
01/03/2004 00:00,Yorkshire and The Humber,95026,10102,165696,95322,72277,76297
01/04/2004 00:00,Yorkshire and The Humber,100344,11490,172758,101503,76671,78793
01/05/2004 00:00,Yorkshire and The Humber,102984,10747,175500,103655,79120,82193
01/06/2004 00:00,Yorkshire and The Humber,106109,11901,181746,106861,81229,84892
01/07/2004 00:00,Yorkshire and The Humber,108186,12740,184780,109668,83043,84100
01/08/2004 00:00,Yorkshire and The Humber,110237,10285,188307,111130,84766,86726
01/09/2004 00:00,Yorkshire and The Humber,111596,9273,191637,112255,85711,87924
01/10/2004 00:00,Yorkshire and The Humber,111339,9409,189988,111974,85714,88095
01/11/2004 00:00,Yorkshire and The Humber,111836,7995,190738,112589,85964,88842
01/12/2004 00:00,Yorkshire and The Humber,113304,8658,191508,113394,87902,90084
01/01/2005 00:00,Yorkshire and The Humber,111935,5513,190912,111988,86472,88994
01/02/2005 00:00,Yorkshire and The Humber,113342,5700,192160,114101,87353,90109
01/03/2005 00:00,Yorkshire and The Humber,114502,7004,193396,115089,88672,90303
01/04/2005 00:00,Yorkshire and The Humber,115003,8173,192396,115761,89419,90309
01/05/2005 00:00,Yorkshire and The Humber,117647,8270,198311,117771,91623,92198
01/06/2005 00:00,Yorkshire and The Humber,118928,9656,196833,119132,93191,93720
01/07/2005 00:00,Yorkshire and The Humber,120427,9874,200972,120961,94077,93827
01/08/2005 00:00,Yorkshire and The Humber,121469,9151,204390,121347,94893,94933
01/09/2005 00:00,Yorkshire and The Humber,121697,9561,202064,121343,95888,94625
01/10/2005 00:00,Yorkshire and The Humber,121868,9058,202808,121561,95756,95349
01/11/2005 00:00,Yorkshire and The Humber,121981,9053,202999,121807,95896,94865
01/12/2005 00:00,Yorkshire and The Humber,122753,10191,201351,121928,97177,96917
01/01/2006 00:00,Yorkshire and The Humber,122401,7279,203647,121931,96524,94783
01/02/2006 00:00,Yorkshire and The Humber,123300,7413,203253,122663,97261,97291
01/03/2006 00:00,Yorkshire and The Humber,123869,9781,204793,123436,97850,96258
01/04/2006 00:00,Yorkshire and The Humber,126934,9414,207950,126417,100936,98045
01/05/2006 00:00,Yorkshire and The Humber,127236,10116,209557,126843,100667,98853
01/06/2006 00:00,Yorkshire and The Humber,128530,12396,209634,127975,102450,99252
01/07/2006 00:00,Yorkshire and The Humber,130231,11170,213886,129573,103862,99421
01/08/2006 00:00,Yorkshire and The Humber,131670,11109,216932,131034,104771,100723
01/09/2006 00:00,Yorkshire and The Humber,131823,11107,217881,131286,104777,100453
01/10/2006 00:00,Yorkshire and The Humber,132379,11090,217863,131528,105358,101878
01/11/2006 00:00,Yorkshire and The Humber,132983,11381,218766,132423,105912,101466
01/12/2006 00:00,Yorkshire and The Humber,134718,11749,218427,133627,108092,103865
01/01/2007 00:00,Yorkshire and The Humber,133490,8271,219502,132630,106626,101576
01/02/2007 00:00,Yorkshire and The Humber,133735,8423,218650,132793,106610,103410
01/03/2007 00:00,Yorkshire and The Humber,134329,10371,218556,133304,107962,102226
01/04/2007 00:00,Yorkshire and The Humber,137552,9276,223405,136360,110859,104375
01/05/2007 00:00,Yorkshire and The Humber,139157,10536,225425,137925,111736,107247
01/06/2007 00:00,Yorkshire and The Humber,140595,12141,228336,139237,113305,107004
01/07/2007 00:00,Yorkshire and The Humber,140885,11262,231153,139628,113043,106821
01/08/2007 00:00,Yorkshire and The Humber,141079,11457,231829,139956,113441,105758
01/09/2007 00:00,Yorkshire and The Humber,140589,9072,230603,139212,112819,106863
01/10/2007 00:00,Yorkshire and The Humber,141405,9891,233289,139784,113291,107591
01/11/2007 00:00,Yorkshire and The Humber,141108,9599,232602,140034,112835,106977
01/12/2007 00:00,Yorkshire and The Humber,141361,7935,230781,139608,113717,108171
01/01/2008 00:00,Yorkshire and The Humber,138573,5702,229150,136934,110770,105914
01/02/2008 00:00,Yorkshire and The Humber,138126,6036,228042,136743,110367,105434
01/03/2008 00:00,Yorkshire and The Humber,136655,5372,224683,135778,109537,103057
01/04/2008 00:00,Yorkshire and The Humber,137633,6001,227912,136046,110627,103354
01/05/2008 00:00,Yorkshire and The Humber,138264,6539,227413,137360,110844,104207
01/06/2008 00:00,Yorkshire and The Humber,135510,6046,221773,134506,108877,102419
01/07/2008 00:00,Yorkshire and The Humber,135285,5160,223508,134328,108581,101174
01/08/2008 00:00,Yorkshire and The Humber,133046,4746,220885,132117,106483,99596
01/09/2008 00:00,Yorkshire and The Humber,129538,4047,218593,127978,103256,97161
01/10/2008 00:00,Yorkshire and The Humber,127444,4482,212637,126559,101727,95449
01/11/2008 00:00,Yorkshire and The Humber,123614,3651,205598,123077,98468,92890
01/12/2008 00:00,Yorkshire and The Humber,122391,3899,203143,121486,98327,90802
01/01/2009 00:00,Yorkshire and The Humber,118176,2377,198024,117026,94023,89413
01/02/2009 00:00,Yorkshire and The Humber,118368,2672,196969,117714,94068,89855
01/03/2009 00:00,Yorkshire and The Humber,116556,3412,194280,115568,92856,88406
01/04/2009 00:00,Yorkshire and The Humber,119069,3634,196858,118562,95084,89827
01/05/2009 00:00,Yorkshire and The Humber,119722,4046,198749,119252,95602,89459
01/06/2009 00:00,Yorkshire and The Humber,120600,4793,200388,119865,96468,90150
01/07/2009 00:00,Yorkshire and The Humber,124390,5366,207468,123908,99527,91442
01/08/2009 00:00,Yorkshire and The Humber,124504,4767,207231,124067,99625,91784
01/09/2009 00:00,Yorkshire and The Humber,124268,4868,206692,123422,99765,91868
01/10/2009 00:00,Yorkshire and The Humber,126133,5601,210375,125940,100907,92001
01/11/2009 00:00,Yorkshire and The Humber,126339,5106,211145,125541,101458,92207
01/12/2009 00:00,Yorkshire and The Humber,127198,6647,208552,126999,103007,92568
01/01/2010 00:00,Yorkshire and The Humber,124977,2846,211253,124840,99767,89095
01/02/2010 00:00,Yorkshire and The Humber,124940,3549,209849,124986,99928,89357
01/03/2010 00:00,Yorkshire and The Humber,124909,4236,210423,124526,99505,91256
01/04/2010 00:00,Yorkshire and The Humber,126501,4388,212457,126636,101036,90700
01/05/2010 00:00,Yorkshire and The Humber,126860,4694,212977,126362,101545,92163
01/06/2010 00:00,Yorkshire and The Humber,127437,5328,213442,127250,102203,91545
01/07/2010 00:00,Yorkshire and The Humber,129214,5657,218598,128990,103507,90961
01/08/2010 00:00,Yorkshire and The Humber,128851,4914,217909,129148,102533,91561
01/09/2010 00:00,Yorkshire and The Humber,127519,4790,216752,126951,101868,90608
01/10/2010 00:00,Yorkshire and The Humber,125240,4826,212676,125163,99707,88955
01/11/2010 00:00,Yorkshire and The Humber,123818,4675,211269,123772,98130,88268
01/12/2010 00:00,Yorkshire and The Humber,124887,4638,211416,124851,99436,89267
01/01/2011 00:00,Yorkshire and The Humber,121396,3044,208255,120923,96126,86873
01/02/2011 00:00,Yorkshire and The Humber,123137,3281,211127,122493,97527,88672
01/03/2011 00:00,Yorkshire and The Humber,120256,3866,205738,119508,95697,85880
01/04/2011 00:00,Yorkshire and The Humber,124045,4515,211403,123136,99022,88828
01/05/2011 00:00,Yorkshire and The Humber,123973,4327,209917,123557,98484,90435
01/06/2011 00:00,Yorkshire and The Humber,122632,4895,206771,122510,97721,88476
01/07/2011 00:00,Yorkshire and The Humber,123457,5089,209301,123077,98224,89145
01/08/2011 00:00,Yorkshire and The Humber,124601,5425,212470,124833,98755,88065
01/09/2011 00:00,Yorkshire and The Humber,123816,5282,211544,123272,98651,87626
01/10/2011 00:00,Yorkshire and The Humber,121648,4866,209281,121735,95855,86345
01/11/2011 00:00,Yorkshire and The Humber,122217,5193,209177,122307,96340,87779
01/12/2011 00:00,Yorkshire and The Humber,121997,5268,206427,122133,96986,87229
01/01/2012 00:00,Yorkshire and The Humber,119314,3593,204081,119737,94213,84264
01/02/2012 00:00,Yorkshire and The Humber,120390,3667,205070,120461,95583,85264
01/03/2012 00:00,Yorkshire and The Humber,121015,4957,202691,121149,96998,86347
01/04/2012 00:00,Yorkshire and The Humber,120521,3828,205062,120592,95498,86293
01/05/2012 00:00,Yorkshire and The Humber,122024,4541,207454,122078,96827,87128
01/06/2012 00:00,Yorkshire and The Humber,123282,5230,207686,122719,99160,87484
01/07/2012 00:00,Yorkshire and The Humber,123459,4850,209350,123091,98751,87322
01/08/2012 00:00,Yorkshire and The Humber,124037,5376,210038,123834,99311,87223
01/09/2012 00:00,Yorkshire and The Humber,122905,4355,208011,122532,98407,87077
01/10/2012 00:00,Yorkshire and The Humber,121624,4971,206319,121609,97023,85777
01/11/2012 00:00,Yorkshire and The Humber,122630,5559,207539,122373,98178,86568
01/12/2012 00:00,Yorkshire and The Humber,122079,4900,208243,121860,97338,85553
01/01/2013 00:00,Yorkshire and The Humber,118140,3486,200235,118805,93689,83408
01/02/2013 00:00,Yorkshire and The Humber,120571,3807,205010,120492,96036,85154
01/03/2013 00:00,Yorkshire and The Humber,120177,4854,204434,119855,95959,84661
01/04/2013 00:00,Yorkshire and The Humber,120459,4349,205148,120447,95921,84577
01/05/2013 00:00,Yorkshire and The Humber,122386,5750,207115,122416,97751,86311
01/06/2013 00:00,Yorkshire and The Humber,123042,5685,207310,122887,98796,86596
01/07/2013 00:00,Yorkshire and The Humber,123746,6008,209856,123714,98867,86834
01/08/2013 00:00,Yorkshire and The Humber,124181,6642,210514,124279,99194,86918
01/09/2013 00:00,Yorkshire and The Humber,125379,5727,213614,125207,100029,87740
01/10/2013 00:00,Yorkshire and The Humber,123271,6741,211380,123428,97598,86334
01/11/2013 00:00,Yorkshire and The Humber,124027,7343,210709,124508,98547,86960
01/12/2013 00:00,Yorkshire and The Humber,125434,6882,211229,125928,100066,88733
01/01/2014 00:00,Yorkshire and The Humber,123797,5704,210716,123886,98503,87022
01/02/2014 00:00,Yorkshire and The Humber,125717,5708,213314,125892,100212,88264
01/03/2014 00:00,Yorkshire and The Humber,124055,5956,209468,124663,98887,87018
01/04/2014 00:00,Yorkshire and The Humber,127562,6283,216232,127759,101833,89248
01/05/2014 00:00,Yorkshire and The Humber,128358,7081,215941,128785,102693,90201
01/06/2014 00:00,Yorkshire and The Humber,128390,7417,216271,128990,102720,89477
01/07/2014 00:00,Yorkshire and The Humber,129943,7335,219680,130215,103961,90612
01/08/2014 00:00,Yorkshire and The Humber,131536,7887,222268,131895,105233,91624
01/09/2014 00:00,Yorkshire and The Humber,129715,6960,218777,129867,103892,90944
01/10/2014 00:00,Yorkshire and The Humber,130492,7832,221776,131040,103795,90991
