InitialTransformedData/HPIInitialTransform.csv
Date,RegionName,AveragePrice,SalesVolume,DetachedPrice,SemiDetachedPrice,TerracedPrice,FlatPrice
01/11/2014 00:00,Yorkshire and The Humber,130165,6661,221177,130738,103430,91074
01/12/2014 00:00,Yorkshire and The Humber,131019,6965,221824,131270,104446,92286
01/01/2015 00:00,Yorkshire and The Humber,128167,4757,216908,128439,102092,90558
01/02/2015 00:00,Yorkshire and The Humber,128943,5130,219324,129032,102491,91148
01/03/2015 00:00,Yorkshire and The Humber,129645,6071,221480,130174,102423,91544
01/04/2015 00:00,Yorkshire and The Humber,130300,5786,222125,130685,103493,91015
01/05/2015 00:00,Yorkshire and The Humber,133330,6955,225736,134127,105988,93437
01/06/2015 00:00,Yorkshire and The Humber,133535,7367,225558,134151,106696,92791
01/07/2015 00:00,Yorkshire and The Humber,136228,8227,230208,136917,108557,95379
01/08/2015 00:00,Yorkshire and The Humber,136774,7489,231887,137218,108975,95661
01/09/2015 00:00,Yorkshire and The Humber,136136,7165,232955,136283,108084,94981
01/10/2015 00:00,Yorkshire and The Humber,135844,8067,231470,136685,107819,94069
01/11/2015 00:00,Yorkshire and The Humber,136513,7271,232750,137191,108294,95025
01/12/2015 00:00,Yorkshire and The Humber,136979,7426,233721,137636,108664,95219
01/01/2016 00:00,Yorkshire and The Humber,136097,5378,230876,137404,107904,94504
01/02/2016 00:00,Yorkshire and The Humber,136539,5777,233147,137355,108204,94670
01/03/2016 00:00,Yorkshire and The Humber,135373,10252,231792,135625,107199,94961
01/04/2016 00:00,Yorkshire and The Humber,139439,5329,236374,140161,111163,96613
01/05/2016 00:00,Yorkshire and The Humber,139973,5981,235528,140465,111835,98708
01/06/2016 00:00,Yorkshire and The Humber,141514,7170,240729,141831,112644,98856
01/07/2016 00:00,Yorkshire and The Humber,142441,7520,240642,143064,113581,99818
01/08/2016 00:00,Yorkshire and The Humber,142584,7748,241521,143074,113573,99998
01/09/2016 00:00,Yorkshire and The Humber,141674,7277,240893,142585,112350,98902
01/10/2016 00:00,Yorkshire and The Humber,141522,6568,241609,142338,111874,99210
01/11/2016 00:00,Yorkshire and The Humber,142333,7111,244628,143031,112030,100014
01/12/2016 00:00,Yorkshire and The Humber,143617,7761,245377,144014,113683,101126
01/01/2017 00:00,Yorkshire and The Humber,140165,5376,240892,141003,110194,98536
01/02/2017 00:00,Yorkshire and The Humber,141864,5946,241875,141897,112271,101476
01/03/2017 00:00,Yorkshire and The Humber,140865,7324,241524,141348,110943,99897
01/04/2017 00:00,Yorkshire and The Humber,144242,6251,247016,144559,113880,102203
01/05/2017 00:00,Yorkshire and The Humber,145465,6928,246543,146278,114909,104172
01/06/2017 00:00,Yorkshire and The Humber,146646,8581,248667,147171,116216,104523
01/07/2017 00:00,Yorkshire and The Humber,147317,7772,250254,148088,116489,104712
01/08/2017 00:00,Yorkshire and The Humber,148788,8051,252469,149266,118050,105610
01/09/2017 00:00,Yorkshire and The Humber,148653,7655,253893,149052,117449,105551
01/10/2017 00:00,Yorkshire and The Humber,147677,7820,252424,148818,116249,104071
01/11/2017 00:00,Yorkshire and The Humber,147857,7833,252260,148922,116595,104243
01/12/2017 00:00,Yorkshire and The Humber,149125,7722,253659,150233,117923,104833
01/01/2018 00:00,Yorkshire and The Humber,146727,5528,250790,148056,115238,103711
01/02/2018 00:00,Yorkshire and The Humber,146544,5757,250835,147256,115452,103742
01/03/2018 00:00,Yorkshire and The Humber,147271,6950,251083,148434,116384,103168
01/04/2018 00:00,Yorkshire and The Humber,148179,6050,252444,149463,117318,103117
01/05/2018 00:00,Yorkshire and The Humber,150166,6941,256153,151357,118897,104422
01/06/2018 00:00,Yorkshire and The Humber,151054,8060,256904,152885,119342,104977
01/07/2018 00:00,Yorkshire and The Humber,152499,7468,260254,153778,120638,106038
01/08/2018 00:00,Yorkshire and The Humber,154445,8480,262890,155954,122319,107179
01/09/2018 00:00,Yorkshire and The Humber,152649,6862,260775,153941,120821,105675
01/10/2018 00:00,Yorkshire and The Humber,152245,7832,260515,153818,120120,105309
01/11/2018 00:00,Yorkshire and The Humber,151982,8468,260541,153682,119959,104210
01/12/2018 00:00,Yorkshire and The Humber,152603,7433,260038,154437,120355,106165
01/01/2019 00:00,Yorkshire and The Humber,150919,5646,259659,152673,118402,104344
01/02/2019 00:00,Yorkshire and The Humber,149924,6203,257798,151558,117548,104325
01/03/2019 00:00,Yorkshire and The Humber,151324,6802,258808,153495,119083,104065
01/04/2019 00:00,Yorkshire and The Humber,152328,6420,260332,154327,120192,104489
01/05/2019 00:00,Yorkshire and The Humber,152676,7060,260097,154808,120689,104596
01/06/2019 00:00,Yorkshire and The Humber,154041,7222,262510,156201,121652,105769
01/07/2019 00:00,Yorkshire and The Humber,155294,7529,263658,157020,123170,107278
01/08/2019 00:00,Yorkshire and The Humber,155819,7936,265922,157262,123750,106449
01/09/2019 00:00,Yorkshire and The Humber,155723,6866,265138,157135,123490,107677
01/10/2019 00:00,Yorkshire and The Humber,156458,7618,265870,159327,123366,107049
01/11/2019 00:00,Yorkshire and The Humber,155187,7834,264387,157795,122597,105386
01/12/2019 00:00,Yorkshire and The Humber,155920,7313,265232,158348,123295,106453
01/01/2020 00:00,Yorkshire and The Humber,154883,5838,264039,157428,122166,105720
01/02/2020 00:00,Yorkshire and The Humber,154695,5569,263880,157133,122436,104444
01/03/2020 00:00,Yorkshire and The Humber,155643,5554,266033,157978,122806,105972
01/04/2020 00:00,Yorkshire and The Humber,150730,2341,259427,153058,119289,99475
01/05/2020 00:00,Yorkshire and The Humber,155276,3337,266933,158217,121852,104414
01/06/2020 00:00,Yorkshire and The Humber,158072,5015,268585,160959,125256,106345
01/07/2020 00:00,Yorkshire and The Humber,158824,5531,270159,161532,125764,107313
01/08/2020 00:00,Yorkshire and The Humber,160951,5861,275084,163946,127293,107142
01/09/2020 00:00,Yorkshire and The Humber,161730,6532,276629,164169,128143,108282
01/10/2020 00:00,Yorkshire and The Humber,164114,8211,282020,166601,129999,108553
01/11/2020 00:00,Yorkshire and The Humber,167676,7884,287250,170050,133011,111743
01/12/2020 00:00,Yorkshire and The Humber,168778,8328,289113,170975,134253,111945
01/01/2021 00:00,Yorkshire and The Humber,170388,6660,286723,173151,135686,116615
01/02/2021 00:00,Yorkshire and The Humber,171334,8404,287934,173680,137027,117084
01/03/2021 00:00,Yorkshire and The Humber,172745,11158,289738,174665,138492,118959
01/04/2021 00:00,Yorkshire and The Humber,169361,8005,284729,171606,135516,115602
01/05/2021 00:00,Yorkshire and The Humber,171213,7225,288597,173278,137106,116220
01/06/2021 00:00,Yorkshire and The Humber,184117,12697,305968,185496,149409,126382
01/07/2021 00:00,Yorkshire and The Humber,169009,6580,285562,172078,134576,113375
01/08/2021 00:00,Yorkshire and The Humber,174892,7770,296363,178060,139461,115708
01/09/2021 00:00,Yorkshire and The Humber,183852,12331,306980,186382,148450,123425
01/10/2021 00:00,Yorkshire and The Humber,173741,5880,299086,176078,137546,115104
01/11/2021 00:00,Yorkshire and The Humber,179074,6999,306232,181932,142032,118818
01/12/2021 00:00,Yorkshire and The Humber,180680,7645,306875,182959,144554,120067
01/01/2022 00:00,Yorkshire and The Humber,182226,5843,310008,185628,144920,120099
01/02/2022 00:00,Yorkshire and The Humber,183698,6799,311553,186938,146137,122702
01/03/2022 00:00,Yorkshire and The Humber,183085,7111,311631,186558,145515,120602
01/04/2022 00:00,Yorkshire and The Humber,184986,7018,313199,188171,147924,121942
01/05/2022 00:00,Yorkshire and The Humber,189205,6765,320058,192683,151242,124634
01/06/2022 00:00,Yorkshire and The Humber,190937,7211,322328,194343,152916,125971
01/07/2022 00:00,Yorkshire and The Humber,194228,7577,326917,198125,155932,126888
01/08/2022 00:00,Yorkshire and The Humber,195533,7673,329818,198997,157194,127458
01/09/2022 00:00,Yorkshire and The Humber,196752,7744,331530,200338,158173,128406
01/10/2022 00:00,Yorkshire and The Humber,197361,7402,333917,201167,157897,128971
01/11/2022 00:00,Yorkshire and The Humber,198212,7852,335451,201851,158745,129383
01/12/2022 00:00,Yorkshire and The Humber,197647,7192,333079,201434,158586,129407
01/01/2023 00:00,Yorkshire and The Humber,191628,5112,325961,195803,152481,124373
01/02/2023 00:00,Yorkshire and The Humber,191681,5012,327595,195243,152274,125306
01/03/2023 00:00,Yorkshire and The Humber,187293,5879,319634,191576,148196,122692
01/04/2023 00:00,Yorkshire and The Humber,190374,4355,326347,194393,150744,123939
01/05/2023 00:00,Yorkshire and The Humber,189275,4536,320549,193106,150688,124522
01/06/2023 00:00,Yorkshire and The Humber,193446,6118,328186,196898,154673,125893
01/07/2023 00:00,Yorkshire and The Humber,195102,5472,329669,199694,155545,126807
01/08/2023 00:00,Yorkshire and The Humber,197800,6032,335199,201460,158317,128250
01/09/2023 00:00,Yorkshire and The Humber,194270,5808,328358,198283,155517,125627
01/10/2023 00:00,Yorkshire and The Humber,195381,5717,329189,199517,156306,127306
01/11/2023 00:00,Yorkshire and The Humber,193998,5652,328900,198067,154757,126058
01/12/2023 00:00,Yorkshire and The Humber,192662,5446,324392,196692,154215,125584
01/01/2024 00:00,Yorkshire and The Humber,191618,4272,324493,195659,152791,124981
01/02/2024 00:00,Yorkshire and The Humber,191338,4554,321029,195829,153310,124239
01/03/2024 00:00,Yorkshire and The Humber,192863,5177,324704,197295,153920,126246
01/04/2024 00:00,Yorkshire and The Humber,192524,4517,322021,196973,154497,125431
01/05/2024 00:00,Yorkshire and The Humber,194535,5570,325650,199465,155865,126113
01/06/2024 00:00,Yorkshire and The Humber,198122,5033,330637,202246,160051,127797
01/07/2024 00:00,Yorkshire and The Humber,198768,5355,330591,203484,160551,127874
01/08/2024 00:00,Yorkshire and The Humber,202747,5399,338223,207319,163822,129911
01/09/2024 00:00,Yorkshire and The Humber,201489,4591,339457,206377,161768,128148
01/10/2024 00:00,Yorkshire and The Humber,202925,5203,340331,207298,163395,130507
01/11/2024 00:00,Yorkshire and The Humber,205369,4405,342877,211120,164877,131629
01/12/2024 00:00,Yorkshire and The Humber,204149,,343308,209324,163790,130205
01/01/2025 00:00,Yorkshire and The Humber,202930,,342078,208148,163024,127861
